******************************************************************************
                  TI ARM Linker PC v20.2.7                     
******************************************************************************
>> Linked Fri Apr 10 12:20:50 2026

OUTPUT FILE NAME:   <Lab 9.out>
ENTRY POINT SYMBOL: "_c_int00_noargs"  address: 00002c61


MEMORY CONFIGURATION

         name            origin    length      used     unused   attr    fill
----------------------  --------  ---------  --------  --------  ----  --------
  FLASH                 00000000   00040000  00002fd9  0003d027  R  X
  SRAM                  20000000   00008000  00002a52  000055ae  RW X


SEGMENT ALLOCATION MAP

run origin  load origin   length   init length attrs members
----------  ----------- ---------- ----------- ----- -------
00000000    00000000    00002fe0   00002fe0    r-x
  00000000    00000000    0000026c   0000026c    r-- .intvecs
  0000026c    0000026c    00002c1c   00002c1c    r-x .text
  00002e88    00002e88    00000109   00000109    r-- .const
  00002f98    00002f98    00000048   00000048    r-- .cinit
20000000    20000000    00002a59   00000000    rw-
  20000000    20000000    0000026c   00000000    rw- .vtable
  20000270    20000270    00001770   00000000    rw- .stack
  200019e0    200019e0    00001000   00000000    rw- .sysmem
  200029e0    200029e0    00000059   00000000    rw- .bss
  20002a3c    20002a3c    0000001d   00000000    rw- .data


SECTION ALLOCATION MAP

 output                                  attributes/
section   page    origin      length       input sections
--------  ----  ----------  ----------   ----------------
.intvecs   0    00000000    0000026c     
                  00000000    0000026c     tm4c123gh6pm_startup_ccs.obj (.intvecs)

.text      0    0000026c    00002c1c     
                  0000026c    00000a4e     rtsv7M4_T_le_v4SPD16_eabi.lib : _printfi.c.obj (.text:__TI_printfi)
                  00000cba    00000002                                   : div0.asm.obj (.text)
                  00000cbc    00000328     lcd.obj (.text)
                  00000fe4    000002fc     ping_template.obj (.text)
                  000012e0    00000270     rtsv7M4_T_le_v4SPD16_eabi.lib : _printfi.c.obj (.text:_pconv_a)
                  00001550    00000248     Timer.obj (.text)
                  00001798    000001d0     rtsv7M4_T_le_v4SPD16_eabi.lib : _printfi.c.obj (.text:_pconv_g)
                  00001968    000001b8     uart-interrupt.obj (.text)
                  00001b20    000001b6     rtsv7M4_T_le_v4SPD16_eabi.lib : fd_add_t2.asm.obj (.text)
                  00001cd6    00000002     --HOLE-- [fill = 0]
                  00001cd8    00000160     uart.obj (.text)
                  00001e38    0000013c     rtsv7M4_T_le_v4SPD16_eabi.lib : _printfi.c.obj (.text:_pconv_e)
                  00001f74    00000136                                   : fd_div_t2.asm.obj (.text)
                  000020aa    00000002     --HOLE-- [fill = 0]
                  000020ac    00000124                                   : _printfi.c.obj (.text:fcvt)
                  000021d0    00000110                                   : s_scalbn.c.obj (.text:scalbn)
                  000022e0    000000fc                                   : fd_mul_t2.asm.obj (.text)
                  000023dc    000000e0     PuTTyCom.obj (.text)
                  000024bc    000000b1     rtsv7M4_T_le_v4SPD16_eabi.lib : _printfi.c.obj (.text:_ltostr)
                  0000256d    00000001     --HOLE-- [fill = 0]
                  0000256e    0000009c                                   : memcpy_t2.asm.obj (.text)
                  0000260a    00000096                                   : ull_div_t2.asm.obj (.text)
                  000026a0    00000086                                   : fd_cmp_t2.asm.obj (.text:__aeabi_cdcmple)
                  00002726    00000086                                   : fd_cmp_t2.asm.obj (.text:__aeabi_cdrcmple)
                  000027ac    0000007a                                   : memset_t2.asm.obj (.text)
                  00002826    0000006e                                   : _printfi.c.obj (.text:_mcpy)
                  00002894    00000068                                   : copy_decompress_lzss.c.obj (.text:decompress:lzss:__TI_decompress_lzss)
                  000028fc    00000064                                   : s_frexp.c.obj (.text:frexp)
                  00002960    00000056                                   : _printfi.c.obj (.text:_pconv_f)
                  000029b6    00000054                                   : _ltoa.c.obj (.text:__TI_ltoa)
                  00002a0a    00000052                                   : _printfi.c.obj (.text:_ecpy)
                  00002a5c    0000004c                                   : atoi.c.obj (.text:atoi)
                  00002aa8    00000048                                   : fd_toi_t2.asm.obj (.text)
                  00002af0    00000044                                   : autoinit.c.obj (.text:__TI_auto_init_nobinit_nopinit:__TI_auto_init_nobinit_nopinit)
                  00002b34    00000040                                   : sprintf.c.obj (.text:sprintf)
                  00002b74    00000040                                   : vsnprintf.c.obj (.text:vsnprintf)
                  00002bb4    0000003e                                   : _printfi.c.obj (.text:_fcpy)
                  00002bf2    00000038                                   : fs_tod_t2.asm.obj (.text)
                  00002c2a    00000002     --HOLE-- [fill = 0]
                  00002c2c    00000034     driverlib.lib : interrupt.obj (.text:IntRegister)
                  00002c60    00000034     rtsv7M4_T_le_v4SPD16_eabi.lib : boot_cortex_m.c.obj (.text:_c_int00_noargs:_c_int00_noargs)
                  00002c94    00000030                                   : vsnprintf.c.obj (.text:_outs)
                  00002cc4    0000002e                                   : i_tofd_t2.asm.obj (.text)
                  00002cf2    0000002c     lab9_template.obj (.text)
                  00002d1e    00000020     rtsv7M4_T_le_v4SPD16_eabi.lib : u_tofd_t2.asm.obj (.text)
                  00002d3e    0000001c                                   : copy_zero_init.c.obj (.text:decompress:ZI:__TI_zero_init_nomemset:__TI_zero_init_nomemset)
                  00002d5a    0000001c                                   : memccpy.c.obj (.text:memccpy)
                  00002d76    0000001a                                   : s_copysign.c.obj (.text:copysign)
                  00002d90    00000018                                   : vsnprintf.c.obj (.text:_outc)
                  00002da8    00000018                                   : sprintf.c.obj (.text:_outs)
                  00002dc0    00000018                                   : strcmp.c.obj (.text:strcmp)
                  00002dd8    00000016                                   : strchr.c.obj (.text:strchr)
                  00002dee    00000014                                   : strcpy.c.obj (.text:strcpy)
                  00002e02    00000014                                   : strlen.c.obj (.text:strlen)
                  00002e16    00000012                                   : wcslen.c.obj (.text:wcslen)
                  00002e28    00000010     driverlib.lib : interrupt.obj (.text:IntMasterEnable)
                  00002e38    00000010     lcd.obj (.text:lcd_clear)
                  00002e48    0000000e     rtsv7M4_T_le_v4SPD16_eabi.lib : copy_decompress_none.c.obj (.text:decompress:none:__TI_decompress_none)
                  00002e56    0000000c     driverlib.lib : cpu.obj (.text:CPUcpsie)
                  00002e62    0000000c     tm4c123gh6pm_startup_ccs.obj (.text)
                  00002e6e    0000000a     rtsv7M4_T_le_v4SPD16_eabi.lib : sprintf.c.obj (.text:_outc)
                  00002e78    00000008                                   : errno.c.obj (.text:__aeabi_errno_addr)
                  00002e80    00000004                                   : pre_init.c.obj (.text:_system_pre_init)
                  00002e84    00000004                                   : exit.c.obj (.text:abort:abort)

.const     0    00002e88    00000109     
                  00002e88    00000101     rtsv7M4_T_le_v4SPD16_eabi.lib : ctype.c.obj (.const:.string:_ctypes_)
                  00002f89    00000004     lcd.obj (.const:.string:lineAddress$1)
                  00002f8d    00000004     lcd.obj (.const:.string:lineAddresses$2)

.cinit     0    00002f98    00000048     
                  00002f98    00000012     (.cinit..data.load) [load image, compression = lzss]
                  00002faa    00000002     --HOLE-- [fill = 0]
                  00002fac    0000000c     (__TI_handler_table)
                  00002fb8    00000008     (.cinit..bss.load) [load image, compression = zero_init]
                  00002fc0    00000008     (.cinit..vtable.load) [load image, compression = zero_init]
                  00002fc8    00000018     (__TI_cinit_table)

.init_array 
*          0    00000000    00000000     UNINITIALIZED

.vtable    0    20000000    0000026c     UNINITIALIZED
                  20000000    0000026c     driverlib.lib : interrupt.obj (.vtable)

.stack     0    20000270    00001770     UNINITIALIZED
                  20000270    00000004     rtsv7M4_T_le_v4SPD16_eabi.lib : boot_cortex_m.c.obj (.stack)
                  20000274    0000176c     --HOLE--

.sysmem    0    200019e0    00001000     UNINITIALIZED
                  200019e0    00000010     rtsv7M4_T_le_v4SPD16_eabi.lib : memory.c.obj (.sysmem)
                  200019f0    00000ff0     --HOLE--

.bss       0    200029e0    00000059     UNINITIALIZED
                  200029e0    00000054     lcd.obj (.bss:lastbuffer$3)
                  20002a34    00000004     (.common:_timeout_ticks)
                  20002a38    00000001     (.common:globalChar)

.data      0    20002a3c    0000001d     UNINITIALIZED
                  20002a3c    00000010     ping_template.obj (.data)
                  20002a4c    00000008     uart-interrupt.obj (.data)
                  20002a54    00000004     rtsv7M4_T_le_v4SPD16_eabi.lib : errno.c.obj (.data)
                  20002a58    00000001     Timer.obj (.data)

__llvm_prf_cnts 
*          0    20000000    00000000     UNINITIALIZED

MODULE SUMMARY

       Module                         code    ro data   rw data
       ------                         ----    -------   -------
    .\
       lcd.obj                        824     8         84     
       ping_template.obj              764     0         16     
       tm4c123gh6pm_startup_ccs.obj   12      620       0      
       Timer.obj                      584     0         5      
       uart-interrupt.obj             440     0         9      
       uart.obj                       352     0         0      
       PuTTyCom.obj                   224     0         0      
       lab9_template.obj              44      0         0      
    +--+------------------------------+-------+---------+---------+
       Total:                         3244    628       114    
                                                               
    C:/ti/TivaWare_C_Series-2.2.0.295/driverlib/ccs/Debug/driverlib.lib
       interrupt.obj                  68      0         620    
       cpu.obj                        12      0         0      
    +--+------------------------------+-------+---------+---------+
       Total:                         80      0         620    
                                                               
    C:\ti\ccs1271\ccs\tools\compiler\ti-cgt-arm_20.2.7.LTS\lib\rtsv7M4_T_le_v4SPD16_eabi.lib
       _printfi.c.obj                 4851    0         0      
       fd_add_t2.asm.obj              438     0         0      
       fd_div_t2.asm.obj              310     0         0      
       s_scalbn.c.obj                 272     0         0      
       fd_cmp_t2.asm.obj              268     0         0      
       ctype.c.obj                    0       257       0      
       fd_mul_t2.asm.obj              252     0         0      
       memcpy_t2.asm.obj              156     0         0      
       ull_div_t2.asm.obj             150     0         0      
       vsnprintf.c.obj                136     0         0      
       memset_t2.asm.obj              122     0         0      
       copy_decompress_lzss.c.obj     104     0         0      
       s_frexp.c.obj                  100     0         0      
       sprintf.c.obj                  98      0         0      
       _ltoa.c.obj                    84      0         0      
       atoi.c.obj                     76      0         0      
       fd_toi_t2.asm.obj              72      0         0      
       autoinit.c.obj                 68      0         0      
       fs_tod_t2.asm.obj              56      0         0      
       boot_cortex_m.c.obj            52      0         0      
       i_tofd_t2.asm.obj              46      0         0      
       u_tofd_t2.asm.obj              32      0         0      
       copy_zero_init.c.obj           28      0         0      
       memccpy.c.obj                  28      0         0      
       s_copysign.c.obj               26      0         0      
       strcmp.c.obj                   24      0         0      
       strchr.c.obj                   22      0         0      
       strcpy.c.obj                   20      0         0      
       strlen.c.obj                   20      0         0      
       wcslen.c.obj                   18      0         0      
       copy_decompress_none.c.obj     14      0         0      
       errno.c.obj                    8       0         4      
       exit.c.obj                     4       0         0      
       pre_init.c.obj                 4       0         0      
       div0.asm.obj                   2       0         0      
    +--+------------------------------+-------+---------+---------+
       Total:                         7961    257       4      
                                                               
       Heap:                          0       0         4096   
       Stack:                         0       0         6000   
       Linker Generated:              0       70        0      
    +--+------------------------------+-------+---------+---------+
       Grand Total:                   11285   955       10834  


LINKER GENERATED COPY TABLES

__TI_cinit_table @ 00002fc8 records: 3, size/record: 8, table size: 24
	.data: load addr=00002f98, load size=00000012 bytes, run addr=20002a3c, run size=0000001d bytes, compression=lzss
	.bss: load addr=00002fb8, load size=00000008 bytes, run addr=200029e0, run size=00000059 bytes, compression=zero_init
	.vtable: load addr=00002fc0, load size=00000008 bytes, run addr=20000000, run size=0000026c bytes, compression=zero_init


LINKER GENERATED HANDLER TABLE

__TI_handler_table @ 00002fac records: 3, size/record: 4, table size: 12
	index: 0, handler: __TI_zero_init
	index: 1, handler: __TI_decompress_lzss
	index: 2, handler: __TI_decompress_none


GLOBAL SYMBOLS: SORTED ALPHABETICALLY BY Name 

address   name                          
-------   ----                          
00002e85  C$$EXIT                       
00002e57  CPUcpsie                      
00002e29  IntMasterEnable               
00002c2d  IntRegister                   
00002e63  ResetISR                      
00001129  TIMER3B_Handler               
00001a65  UART1_Handler                 
200019e0  __STACK_END                   
00001770  __STACK_SIZE                  
20000470  __STACK_TOP                   
00001000  __SYSMEM_SIZE                 
00002fc8  __TI_CINIT_Base               
00002fe0  __TI_CINIT_Limit              
00002fac  __TI_Handler_Table_Base       
00002fb8  __TI_Handler_Table_Limit      
00002af1  __TI_auto_init_nobinit_nopinit
00002895  __TI_decompress_lzss          
00002e49  __TI_decompress_none          
000029b7  __TI_ltoa                     
ffffffff  __TI_pprof_out_hndl           
0000026d  __TI_printfi                  
ffffffff  __TI_prof_data_size           
ffffffff  __TI_prof_data_start          
00000000  __TI_static_base__            
00002d3f  __TI_zero_init_nomemset       
000026a1  __aeabi_cdcmpeq               
000026a1  __aeabi_cdcmple               
00002727  __aeabi_cdrcmple              
00002aa9  __aeabi_d2iz                  
00001b2b  __aeabi_dadd                  
00001f75  __aeabi_ddiv                  
000022e1  __aeabi_dmul                  
00001b21  __aeabi_dsub                  
00002e79  __aeabi_errno_addr            
00002bf3  __aeabi_f2d                   
00002cc5  __aeabi_i2d                   
00000cbb  __aeabi_idiv0                 
00000cbb  __aeabi_ldiv0                 
000027ad  __aeabi_memclr                
000027ad  __aeabi_memclr4               
000027ad  __aeabi_memclr8               
0000256f  __aeabi_memcpy                
0000256f  __aeabi_memcpy4               
0000256f  __aeabi_memcpy8               
000027af  __aeabi_memset                
000027af  __aeabi_memset4               
000027af  __aeabi_memset8               
00002d1f  __aeabi_ui2d                  
0000260b  __aeabi_uldivmod              
ffffffff  __binit__                     
ffffffff  __c_args__                    
UNDEFED   __mpu_init                    
20000270  __stack                       
20000000  __start___llvm_prf_cnts       
20000000  __stop___llvm_prf_cnts        
00002c61  _c_int00_noargs               
00002e88  _ctypes_                      
20002a58  _running                      
200019e0  _sys_memory                   
UNDEFED   _system_post_cinit            
00002e81  _system_pre_init              
20002a34  _timeout_ticks                
00002e85  abort                         
00002a5d  atoi                          
ffffffff  binit                         
20002a4c  command_byte                  
20002a50  command_flag                  
00002d77  copysign                      
00002d77  copysignl                     
20002a48  count                         
20002a54  errno                         
000028fd  frexp                         
000028fd  frexpl                        
20002a40  g_end_time                    
20000000  g_pfnRAMVectors               
00000000  g_pfnVectors                  
20002a3c  g_start_time                  
20002a44  g_state                       
20002a38  globalChar                    
00002e39  lcd_clear                     
00000e91  lcd_gotoLine                  
00000cf9  lcd_init                      
00000ef7  lcd_printf                    
00000db9  lcd_putc                      
00000df1  lcd_puts                      
00000cbd  lcd_reverseNibble             
00000e0f  lcd_sendCommand               
00000e4d  lcd_sendNibble                
00000eb9  lcd_setCursorPos              
000021d1  ldexp                         
000021d1  ldexpl                        
00002cf3  main                          
00002d5b  memccpy                       
0000256f  memcpy                        
000027b5  memset                        
00001169  ping_getDistance              
00000fe5  ping_init                     
0000109b  ping_trigger                  
000021d1  scalbn                        
000021d1  scalbnl                       
00002449  send_Pingscan                 
000023dd  send_string                   
00002b35  sprintf                       
00002dd9  strchr                        
00002dc1  strcmp                        
00002def  strcpy                        
00002e03  strlen                        
0000166f  timer_getMicros               
00001617  timer_getMillis               
00001551  timer_init                    
000015f3  timer_pause                   
00001605  timer_resume                  
000015c9  timer_stop                    
000016c9  timer_waitMicros              
000016fb  timer_waitMillis              
00001cd9  uart_init                     
00001969  uart_interrupt_init           
00001db7  uart_receive                  
00001d9b  uart_sendChar                 
00001ddd  uart_sendStr                  
00002b75  vsnprintf                     
00002e17  wcslen                        


GLOBAL SYMBOLS: SORTED BY Symbol Address 

address   name                          
-------   ----                          
00000000  __TI_static_base__            
00000000  g_pfnVectors                  
0000026d  __TI_printfi                  
00000cbb  __aeabi_idiv0                 
00000cbb  __aeabi_ldiv0                 
00000cbd  lcd_reverseNibble             
00000cf9  lcd_init                      
00000db9  lcd_putc                      
00000df1  lcd_puts                      
00000e0f  lcd_sendCommand               
00000e4d  lcd_sendNibble                
00000e91  lcd_gotoLine                  
00000eb9  lcd_setCursorPos              
00000ef7  lcd_printf                    
00000fe5  ping_init                     
00001000  __SYSMEM_SIZE                 
0000109b  ping_trigger                  
00001129  TIMER3B_Handler               
00001169  ping_getDistance              
00001551  timer_init                    
000015c9  timer_stop                    
000015f3  timer_pause                   
00001605  timer_resume                  
00001617  timer_getMillis               
0000166f  timer_getMicros               
000016c9  timer_waitMicros              
000016fb  timer_waitMillis              
00001770  __STACK_SIZE                  
00001969  uart_interrupt_init           
00001a65  UART1_Handler                 
00001b21  __aeabi_dsub                  
00001b2b  __aeabi_dadd                  
00001cd9  uart_init                     
00001d9b  uart_sendChar                 
00001db7  uart_receive                  
00001ddd  uart_sendStr                  
00001f75  __aeabi_ddiv                  
000021d1  ldexp                         
000021d1  ldexpl                        
000021d1  scalbn                        
000021d1  scalbnl                       
000022e1  __aeabi_dmul                  
000023dd  send_string                   
00002449  send_Pingscan                 
0000256f  __aeabi_memcpy                
0000256f  __aeabi_memcpy4               
0000256f  __aeabi_memcpy8               
0000256f  memcpy                        
0000260b  __aeabi_uldivmod              
000026a1  __aeabi_cdcmpeq               
000026a1  __aeabi_cdcmple               
00002727  __aeabi_cdrcmple              
000027ad  __aeabi_memclr                
000027ad  __aeabi_memclr4               
000027ad  __aeabi_memclr8               
000027af  __aeabi_memset                
000027af  __aeabi_memset4               
000027af  __aeabi_memset8               
000027b5  memset                        
00002895  __TI_decompress_lzss          
000028fd  frexp                         
000028fd  frexpl                        
000029b7  __TI_ltoa                     
00002a5d  atoi                          
00002aa9  __aeabi_d2iz                  
00002af1  __TI_auto_init_nobinit_nopinit
00002b35  sprintf                       
00002b75  vsnprintf                     
00002bf3  __aeabi_f2d                   
00002c2d  IntRegister                   
00002c61  _c_int00_noargs               
00002cc5  __aeabi_i2d                   
00002cf3  main                          
00002d1f  __aeabi_ui2d                  
00002d3f  __TI_zero_init_nomemset       
00002d5b  memccpy                       
00002d77  copysign                      
00002d77  copysignl                     
00002dc1  strcmp                        
00002dd9  strchr                        
00002def  strcpy                        
00002e03  strlen                        
00002e17  wcslen                        
00002e29  IntMasterEnable               
00002e39  lcd_clear                     
00002e49  __TI_decompress_none          
00002e57  CPUcpsie                      
00002e63  ResetISR                      
00002e79  __aeabi_errno_addr            
00002e81  _system_pre_init              
00002e85  C$$EXIT                       
00002e85  abort                         
00002e88  _ctypes_                      
00002fac  __TI_Handler_Table_Base       
00002fb8  __TI_Handler_Table_Limit      
00002fc8  __TI_CINIT_Base               
00002fe0  __TI_CINIT_Limit              
20000000  __start___llvm_prf_cnts       
20000000  __stop___llvm_prf_cnts        
20000000  g_pfnRAMVectors               
20000270  __stack                       
20000470  __STACK_TOP                   
200019e0  __STACK_END                   
200019e0  _sys_memory                   
20002a34  _timeout_ticks                
20002a38  globalChar                    
20002a3c  g_start_time                  
20002a40  g_end_time                    
20002a44  g_state                       
20002a48  count                         
20002a4c  command_byte                  
20002a50  command_flag                  
20002a54  errno                         
20002a58  _running                      
ffffffff  __TI_pprof_out_hndl           
ffffffff  __TI_prof_data_size           
ffffffff  __TI_prof_data_start          
ffffffff  __binit__                     
ffffffff  __c_args__                    
ffffffff  binit                         
UNDEFED   __mpu_init                    
UNDEFED   _system_post_cinit            

[122 symbols]
