******************************************************************************
                  TI ARM Linker PC v20.2.7                     
******************************************************************************
>> Linked Fri Mar 27 12:11:47 2026

OUTPUT FILE NAME:   <Lab 7.out>
ENTRY POINT SYMBOL: "_c_int00_noargs"  address: 000044d5


MEMORY CONFIGURATION

         name            origin    length      used     unused   attr    fill
----------------------  --------  ---------  --------  --------  ----  --------
  FLASH                 00000000   00040000  000048a0  0003b760  R  X
  SRAM                  20000000   00008000  00002a9e  00005562  RW X


SEGMENT ALLOCATION MAP

run origin  load origin   length   init length attrs members
----------  ----------- ---------- ----------- ----- -------
00000000    00000000    000048a0   000048a0    r-x
  00000000    00000000    0000026c   0000026c    r-- .intvecs
  0000026c    0000026c    000044cc   000044cc    r-x .text
  00004738    00004738    00000118   00000118    r-- .const
  00004850    00004850    00000050   00000050    r-- .cinit
20000000    20000000    00002aa5   00000000    rw-
  20000000    20000000    0000026c   00000000    rw- .vtable
  20000270    20000270    00001770   00000000    rw- .stack
  200019e0    200019e0    00001000   00000000    rw- .sysmem
  200029e0    200029e0    00000089   00000000    rw- .bss
  20002a6c    20002a6c    00000039   00000000    rw- .data


SECTION ALLOCATION MAP

 output                                  attributes/
section   page    origin      length       input sections
--------  ----  ----------  ----------   ----------------
.intvecs   0    00000000    0000026c     
                  00000000    0000026c     tm4c123gh6pm_startup_ccs.obj (.intvecs)

.text      0    0000026c    000044cc     
                  0000026c    00000c20     open_interface.obj (.text)
                  00000e8c    00000a4e     rtsv7M4_T_le_v4SPD16_eabi.lib : _printfi.c.obj (.text:__TI_printfi)
                  000018da    00000002                                   : _lock.c.obj (.text:_nop)
                  000018dc    00000414     main.obj (.text)
                  00001cf0    00000328     lcd.obj (.text)
                  00002018    00000320     movement.obj (.text)
                  00002338    00000270     rtsv7M4_T_le_v4SPD16_eabi.lib : _printfi.c.obj (.text:_pconv_a)
                  000025a8    00000260     libcybotScan.lib : cyBot_Scan.obj (.text)
                  00002808    00000248     Timer.obj (.text)
                  00002a50    000001ec     libcybotScan.lib : ping.obj (.text)
                  00002c3c    000001d0     rtsv7M4_T_le_v4SPD16_eabi.lib : _printfi.c.obj (.text:_pconv_g)
                  00002e0c    000001b6                                   : fd_add_t2.asm.obj (.text)
                  00002fc2    00000002                                   : div0.asm.obj (.text)
                  00002fc4    00000160     uart.obj (.text)
                  00003124    00000158     libcybotScan.lib : servo.obj (.text)
                  0000327c    0000013c     rtsv7M4_T_le_v4SPD16_eabi.lib : _printfi.c.obj (.text:_pconv_e)
                  000033b8    00000136                                   : fd_div_t2.asm.obj (.text)
                  000034ee    00000002     --HOLE-- [fill = 0]
                  000034f0    00000124                                   : _printfi.c.obj (.text:fcvt)
                  00003614    00000118     libcybotScan.lib : ir.obj (.text)
                  0000372c    00000110     rtsv7M4_T_le_v4SPD16_eabi.lib : s_scalbn.c.obj (.text:scalbn)
                  0000383c    00000100                                   : memory.c.obj (.text:aligned_alloc)
                  0000393c    000000fc     PuTTyCom.obj (.text)
                  00003a38    000000fc     rtsv7M4_T_le_v4SPD16_eabi.lib : fd_mul_t2.asm.obj (.text)
                  00003b34    000000e4                                   : memory.c.obj (.text:free)
                  00003c18    000000b1                                   : _printfi.c.obj (.text:_ltostr)
                  00003cc9    00000001     --HOLE-- [fill = 0]
                  00003cca    0000009c                                   : memcpy_t2.asm.obj (.text)
                  00003d66    00000096                                   : ull_div_t2.asm.obj (.text)
                  00003dfc    00000086                                   : fd_cmp_t2.asm.obj (.text:__aeabi_cdcmple)
                  00003e82    00000086                                   : fd_cmp_t2.asm.obj (.text:__aeabi_cdrcmple)
                  00003f08    0000007a                                   : memset_t2.asm.obj (.text)
                  00003f82    00000002     --HOLE-- [fill = 0]
                  00003f84    00000070                                   : memory.c.obj (.text:split)
                  00003ff4    0000006e                                   : _printfi.c.obj (.text:_mcpy)
                  00004062    0000006e                                   : fd_tos_t2.asm.obj (.text)
                  000040d0    00000068                                   : copy_decompress_lzss.c.obj (.text:decompress:lzss:__TI_decompress_lzss)
                  00004138    00000064                                   : s_frexp.c.obj (.text:frexp)
                  0000419c    00000056                                   : _printfi.c.obj (.text:_pconv_f)
                  000041f2    00000054                                   : _ltoa.c.obj (.text:__TI_ltoa)
                  00004246    00000052                                   : _printfi.c.obj (.text:_ecpy)
                  00004298    0000004c                                   : atoi.c.obj (.text:atoi)
                  000042e4    00000048                                   : fd_toi_t2.asm.obj (.text)
                  0000432c    00000044                                   : autoinit.c.obj (.text:__TI_auto_init_nobinit_nopinit:__TI_auto_init_nobinit_nopinit)
                  00004370    00000040                                   : sprintf.c.obj (.text:sprintf)
                  000043b0    00000040                                   : vsnprintf.c.obj (.text:vsnprintf)
                  000043f0    0000003e                                   : _printfi.c.obj (.text:_fcpy)
                  0000442e    00000002     --HOLE-- [fill = 0]
                  00004430    00000038                                   : memory.c.obj (.text:calloc)
                  00004468    00000038                                   : fs_tod_t2.asm.obj (.text)
                  000044a0    00000034     driverlib.lib : interrupt.obj (.text:IntRegister)
                  000044d4    00000034     rtsv7M4_T_le_v4SPD16_eabi.lib : boot_cortex_m.c.obj (.text:_c_int00_noargs:_c_int00_noargs)
                  00004508    00000030                                   : vsnprintf.c.obj (.text:_outs)
                  00004538    0000002e                                   : i_tofd_t2.asm.obj (.text)
                  00004566    00000002     --HOLE-- [fill = 0]
                  00004568    00000028                                   : memory.c.obj (.text:free_list_insert)
                  00004590    00000020                                   : u_tofd_t2.asm.obj (.text)
                  000045b0    0000001c                                   : copy_zero_init.c.obj (.text:decompress:ZI:__TI_zero_init_nomemset:__TI_zero_init_nomemset)
                  000045cc    0000001c                                   : memory.c.obj (.text:free_list_remove)
                  000045e8    0000001c                                   : memccpy.c.obj (.text:memccpy)
                  00004604    0000001a                                   : s_copysign.c.obj (.text:copysign)
                  0000461e    00000018                                   : vsnprintf.c.obj (.text:_outc)
                  00004636    00000018                                   : sprintf.c.obj (.text:_outs)
                  0000464e    00000018     open_interface.obj (.text:oi_parseInt)
                  00004666    00000018     rtsv7M4_T_le_v4SPD16_eabi.lib : strcmp.c.obj (.text:strcmp)
                  0000467e    00000016                                   : strchr.c.obj (.text:strchr)
                  00004694    00000014                                   : strcpy.c.obj (.text:strcpy)
                  000046a8    00000014                                   : strlen.c.obj (.text:strlen)
                  000046bc    00000012                                   : wcslen.c.obj (.text:wcslen)
                  000046ce    00000010     driverlib.lib : interrupt.obj (.text:IntMasterEnable)
                  000046de    00000010     lcd.obj (.text:lcd_clear)
                  000046ee    0000000e     rtsv7M4_T_le_v4SPD16_eabi.lib : copy_decompress_none.c.obj (.text:decompress:none:__TI_decompress_none)
                  000046fc    0000000c     driverlib.lib : cpu.obj (.text:CPUcpsie)
                  00004708    0000000c     tm4c123gh6pm_startup_ccs.obj (.text)
                  00004714    0000000a     rtsv7M4_T_le_v4SPD16_eabi.lib : sprintf.c.obj (.text:_outc)
                  0000471e    00000002     --HOLE-- [fill = 0]
                  00004720    00000008                                   : errno.c.obj (.text:__aeabi_errno_addr)
                  00004728    00000008                                   : memory.c.obj (.text:malloc)
                  00004730    00000004                                   : pre_init.c.obj (.text:_system_pre_init)
                  00004734    00000004                                   : exit.c.obj (.text:abort:abort)

.const     0    00004738    00000118     
                  00004738    00000101     rtsv7M4_T_le_v4SPD16_eabi.lib : ctype.c.obj (.const:.string:_ctypes_)
                  00004839    0000000f     open_interface.obj (.const:.string:$P$T0$3)
                  00004848    00000004     lcd.obj (.const:.string:lineAddress$1)
                  0000484c    00000004     lcd.obj (.const:.string:lineAddresses$2)

.cinit     0    00004850    00000050     
                  00004850    00000018     (.cinit..data.load) [load image, compression = lzss]
                  00004868    0000000c     (__TI_handler_table)
                  00004874    00000004     --HOLE-- [fill = 0]
                  00004878    00000008     (.cinit..bss.load) [load image, compression = zero_init]
                  00004880    00000008     (.cinit..vtable.load) [load image, compression = zero_init]
                  00004888    00000018     (__TI_cinit_table)

.init_array 
*          0    00000000    00000000     UNINITIALIZED

.vtable    0    20000000    0000026c     UNINITIALIZED
                  20000000    0000026c     driverlib.lib : interrupt.obj (.vtable)

.stack     0    20000270    00001770     UNINITIALIZED
                  20000270    00000004     rtsv7M4_T_le_v4SPD16_eabi.lib : boot_cortex_m.c.obj (.stack)
                  20000274    0000176c     --HOLE--

.sysmem    0    200019e0    00001000     UNINITIALIZED
                  200019e0    00000010     rtsv7M4_T_le_v4SPD16_eabi.lib : memory.c.obj (.sysmem)
                  200019f0    00000ff0     --HOLE--

.bss       0    200029e0    00000089     UNINITIALIZED
                  200029e0    00000054     lcd.obj (.bss:lastbuffer$3)
                  20002a34    00000018     open_interface.obj (.bss:firmware$2)
                  20002a4c    00000004     (.common:_timeout_ticks)
                  20002a50    00000004     (.common:fallingEdge)
                  20002a54    00000004     (.common:isr_int_value)
                  20002a58    00000004     (.common:left_calibration_value)
                  20002a5c    00000004     (.common:pulseLength)
                  20002a60    00000004     (.common:right_calibration_value)
                  20002a64    00000004     (.common:risingEdge)
                  20002a68    00000001     (.common:isRisingEdge)

.data      0    20002a6c    00000039     UNINITIALIZED
                  20002a6c    00000020     open_interface.obj (.data)
                  20002a8c    00000008     rtsv7M4_T_le_v4SPD16_eabi.lib : _lock.c.obj (.data:$O1$$)
                  20002a94    00000008                                   : memory.c.obj (.data:$O1$$)
                  20002a9c    00000004     libcybotScan.lib : cyBot_Scan.obj (.data)
                  20002aa0    00000004     rtsv7M4_T_le_v4SPD16_eabi.lib : errno.c.obj (.data)
                  20002aa4    00000001     Timer.obj (.data)

__llvm_prf_cnts 
*          0    20000000    00000000     UNINITIALIZED

MODULE SUMMARY

       Module                         code    ro data   rw data
       ------                         ----    -------   -------
    .\
       open_interface.obj             3128    15        56     
       main.obj                       1044    0         8      
       lcd.obj                        824     8         84     
       movement.obj                   800     0         0      
       tm4c123gh6pm_startup_ccs.obj   12      620       0      
       Timer.obj                      584     0         5      
       uart.obj                       352     0         0      
       PuTTyCom.obj                   252     0         0      
    +--+------------------------------+-------+---------+---------+
       Total:                         6996    643       153    
                                                               
    ../libcybotScan.lib
       cyBot_Scan.obj                 608     0         4      
       ping.obj                       492     0         13     
       servo.obj                      344     0         0      
       ir.obj                         280     0         4      
    +--+------------------------------+-------+---------+---------+
       Total:                         1724    0         21     
                                                               
    C:/ti/TivaWare_C_Series-2.2.0.295/driverlib/ccs/Debug/driverlib.lib
       interrupt.obj                  68      0         620    
       cpu.obj                        12      0         0      
    +--+------------------------------+-------+---------+---------+
       Total:                         80      0         620    
                                                               
    C:\ti\ccs1271\ccs\tools\compiler\ti-cgt-arm_20.2.7.LTS\lib\rtsv7M4_T_le_v4SPD16_eabi.lib
       _printfi.c.obj                 4851    0         0      
       memory.c.obj                   728     0         8      
       fd_add_t2.asm.obj              438     0         0      
       fd_div_t2.asm.obj              310     0         0      
       s_scalbn.c.obj                 272     0         0      
       fd_cmp_t2.asm.obj              268     0         0      
       ctype.c.obj                    0       257       0      
       fd_mul_t2.asm.obj              252     0         0      
       memcpy_t2.asm.obj              156     0         0      
       ull_div_t2.asm.obj             150     0         0      
       vsnprintf.c.obj                136     0         0      
       memset_t2.asm.obj              122     0         0      
       fd_tos_t2.asm.obj              110     0         0      
       copy_decompress_lzss.c.obj     104     0         0      
       s_frexp.c.obj                  100     0         0      
       sprintf.c.obj                  98      0         0      
       _ltoa.c.obj                    84      0         0      
       atoi.c.obj                     76      0         0      
       fd_toi_t2.asm.obj              72      0         0      
       autoinit.c.obj                 68      0         0      
       fs_tod_t2.asm.obj              56      0         0      
       boot_cortex_m.c.obj            52      0         0      
       i_tofd_t2.asm.obj              46      0         0      
       u_tofd_t2.asm.obj              32      0         0      
       copy_zero_init.c.obj           28      0         0      
       memccpy.c.obj                  28      0         0      
       s_copysign.c.obj               26      0         0      
       strcmp.c.obj                   24      0         0      
       strchr.c.obj                   22      0         0      
       strcpy.c.obj                   20      0         0      
       strlen.c.obj                   20      0         0      
       wcslen.c.obj                   18      0         0      
       copy_decompress_none.c.obj     14      0         0      
       errno.c.obj                    8       0         4      
       _lock.c.obj                    2       0         8      
       exit.c.obj                     4       0         0      
       pre_init.c.obj                 4       0         0      
       div0.asm.obj                   2       0         0      
    +--+------------------------------+-------+---------+---------+
       Total:                         8801    257       20     
                                                               
       Heap:                          0       0         4096   
       Stack:                         0       0         6000   
       Linker Generated:              0       76        0      
    +--+------------------------------+-------+---------+---------+
       Grand Total:                   17601   976       10910  


LINKER GENERATED COPY TABLES

__TI_cinit_table @ 00004888 records: 3, size/record: 8, table size: 24
	.data: load addr=00004850, load size=00000018 bytes, run addr=20002a6c, run size=00000039 bytes, compression=lzss
	.bss: load addr=00004878, load size=00000008 bytes, run addr=200029e0, run size=00000089 bytes, compression=zero_init
	.vtable: load addr=00004880, load size=00000008 bytes, run addr=20000000, run size=0000026c bytes, compression=zero_init


LINKER GENERATED HANDLER TABLE

__TI_handler_table @ 00004868 records: 3, size/record: 4, table size: 12
	index: 0, handler: __TI_zero_init
	index: 1, handler: __TI_decompress_lzss
	index: 2, handler: __TI_decompress_none


GLOBAL SYMBOLS: SORTED ALPHABETICALLY BY Name 

address   name                          
-------   ----                          
000036ad  ADC0SS0_Handler               
00004735  C$$EXIT                       
000046fd  CPUcpsie                      
00000bc3  GPIOF_Handler                 
000046cf  IntMasterEnable               
000044a1  IntRegister                   
00004709  ResetISR                      
00002b41  TIMER3B_Handler               
200019e0  __STACK_END                   
00001770  __STACK_SIZE                  
20000470  __STACK_TOP                   
00001000  __SYSMEM_SIZE                 
00004888  __TI_CINIT_Base               
000048a0  __TI_CINIT_Limit              
00004868  __TI_Handler_Table_Base       
00004874  __TI_Handler_Table_Limit      
0000432d  __TI_auto_init_nobinit_nopinit
000040d1  __TI_decompress_lzss          
000046ef  __TI_decompress_none          
000041f3  __TI_ltoa                     
ffffffff  __TI_pprof_out_hndl           
00000e8d  __TI_printfi                  
ffffffff  __TI_prof_data_size           
ffffffff  __TI_prof_data_start          
00000000  __TI_static_base__            
000045b1  __TI_zero_init_nomemset       
00003dfd  __aeabi_cdcmpeq               
00003dfd  __aeabi_cdcmple               
00003e83  __aeabi_cdrcmple              
00004063  __aeabi_d2f                   
000042e5  __aeabi_d2iz                  
00002e17  __aeabi_dadd                  
000033b9  __aeabi_ddiv                  
00003a39  __aeabi_dmul                  
00002e0d  __aeabi_dsub                  
00004721  __aeabi_errno_addr            
00004469  __aeabi_f2d                   
00004539  __aeabi_i2d                   
00002fc3  __aeabi_idiv0                 
00002fc3  __aeabi_ldiv0                 
00003f09  __aeabi_memclr                
00003f09  __aeabi_memclr4               
00003f09  __aeabi_memclr8               
00003ccb  __aeabi_memcpy                
00003ccb  __aeabi_memcpy4               
00003ccb  __aeabi_memcpy8               
00003f0b  __aeabi_memset                
00003f0b  __aeabi_memset4               
00003f0b  __aeabi_memset8               
00004591  __aeabi_ui2d                  
00003d67  __aeabi_uldivmod              
ffffffff  __binit__                     
ffffffff  __c_args__                    
UNDEFED   __mpu_init                    
20000270  __stack                       
20000000  __start___llvm_prf_cnts       
20000000  __stop___llvm_prf_cnts        
000044d5  _c_int00_noargs               
00004738  _ctypes_                      
20002a8c  _lock                         
000018db  _nop                          
20002aa4  _running                      
200019e0  _sys_memory                   
UNDEFED   _system_post_cinit            
00004731  _system_pre_init              
20002a4c  _timeout_ticks                
20002a90  _unlock                       
00004735  abort                         
0000383d  aligned_alloc                 
00004299  atoi                          
ffffffff  binit                         
00004431  calloc                        
00004605  copysign                      
00004605  copysignl                     
00002681  cyBOT_SERVO_cal               
0000260f  cyBOT_Scan                    
000025b7  cyBOT_init_Scan               
20002a9c  cyBOT_scan_features           
000025a9  cyBOT_scan_version            
20002aa0  errno                         
20002a50  fallingEdge                   
00003b35  free                          
00004139  frexp                         
00004139  frexpl                        
20000000  g_pfnRAMVectors               
00000000  g_pfnVectors                  
0000097f  go_charge                     
000036c3  ir_enableInterrupt            
000036a5  ir_getDistance                
0000367d  ir_getValue                   
00003615  ir_init                       
20002a68  isRisingEdge                  
20002a54  isr_int_value                 
000046df  lcd_clear                     
00001ec5  lcd_gotoLine                  
00001d2d  lcd_init                      
00001f2b  lcd_printf                    
00001ded  lcd_putc                      
00001e25  lcd_puts                      
00001cf1  lcd_reverseNibble             
00001e43  lcd_sendCommand               
00001e81  lcd_sendNibble                
00001eed  lcd_setCursorPos              
0000372d  ldexp                         
0000372d  ldexpl                        
20002a58  left_calibration_value        
000018dd  main                          
00004729  malloc                        
0000383d  memalign                      
000045e9  memccpy                       
00003ccb  memcpy                        
00003f11  memset                        
20002a6c  motor_cal_factor_L            
20002a70  motor_cal_factor_R            
000020e5  move_backward                 
0000214d  move_forward                  
0000026d  oi_alloc                      
00000aa9  oi_checkFirmware              
000002c7  oi_close                      
00000279  oi_free                       
00000ded  oi_getMotorCalibrationLeft    
00000e01  oi_getMotorCalibrationRight   
000002b1  oi_init                       
00000289  oi_init_noupdate              
00000915  oi_loadSong                   
0000464f  oi_parseInt                   
0000032b  oi_parsePacket                
0000096b  oi_play_song                  
0000084b  oi_setLeds                    
00000db1  oi_setMotorCalibration        
0000088f  oi_setWheels                  
00000b51  oi_shutoff_init               
0000098d  oi_uartInit                   
00000a31  oi_uartReceive                
00000a77  oi_uartSendBuff               
00000a15  oi_uartSendChar               
00000a59  oi_uartSendStr                
000002d9  oi_update                     
00002b93  ping_getDistance              
00002a51  ping_init                     
00002ad7  ping_trigger                  
20002a5c  pulseLength                   
20002a60  right_calibration_value       
20002a64  risingEdge                    
0000372d  scalbn                        
0000372d  scalbnl                       
000039a9  send_IRscan                   
0000393d  send_string                   
00003125  servo_init                    
000031b5  servo_move                    
00003215  servo_setPWM                  
000031a9  servo_stop                    
00004371  sprintf                       
0000467f  strchr                        
00004667  strcmp                        
00004695  strcpy                        
000046a9  strlen                        
00002927  timer_getMicros               
000028cf  timer_getMillis               
00002809  timer_init                    
000028ab  timer_pause                   
000028bd  timer_resume                  
00002881  timer_stop                    
00002981  timer_waitMicros              
000029b3  timer_waitMillis              
00002019  turn_left                     
0000207f  turn_right                    
00002fc5  uart_init                     
000030a3  uart_receive                  
00003087  uart_sendChar                 
000030c9  uart_sendStr                  
000043b1  vsnprintf                     
000046bd  wcslen                        


GLOBAL SYMBOLS: SORTED BY Symbol Address 

address   name                          
-------   ----                          
00000000  __TI_static_base__            
00000000  g_pfnVectors                  
0000026d  oi_alloc                      
00000279  oi_free                       
00000289  oi_init_noupdate              
000002b1  oi_init                       
000002c7  oi_close                      
000002d9  oi_update                     
0000032b  oi_parsePacket                
0000084b  oi_setLeds                    
0000088f  oi_setWheels                  
00000915  oi_loadSong                   
0000096b  oi_play_song                  
0000097f  go_charge                     
0000098d  oi_uartInit                   
00000a15  oi_uartSendChar               
00000a31  oi_uartReceive                
00000a59  oi_uartSendStr                
00000a77  oi_uartSendBuff               
00000aa9  oi_checkFirmware              
00000b51  oi_shutoff_init               
00000bc3  GPIOF_Handler                 
00000db1  oi_setMotorCalibration        
00000ded  oi_getMotorCalibrationLeft    
00000e01  oi_getMotorCalibrationRight   
00000e8d  __TI_printfi                  
00001000  __SYSMEM_SIZE                 
00001770  __STACK_SIZE                  
000018db  _nop                          
000018dd  main                          
00001cf1  lcd_reverseNibble             
00001d2d  lcd_init                      
00001ded  lcd_putc                      
00001e25  lcd_puts                      
00001e43  lcd_sendCommand               
00001e81  lcd_sendNibble                
00001ec5  lcd_gotoLine                  
00001eed  lcd_setCursorPos              
00001f2b  lcd_printf                    
00002019  turn_left                     
0000207f  turn_right                    
000020e5  move_backward                 
0000214d  move_forward                  
000025a9  cyBOT_scan_version            
000025b7  cyBOT_init_Scan               
0000260f  cyBOT_Scan                    
00002681  cyBOT_SERVO_cal               
00002809  timer_init                    
00002881  timer_stop                    
000028ab  timer_pause                   
000028bd  timer_resume                  
000028cf  timer_getMillis               
00002927  timer_getMicros               
00002981  timer_waitMicros              
000029b3  timer_waitMillis              
00002a51  ping_init                     
00002ad7  ping_trigger                  
00002b41  TIMER3B_Handler               
00002b93  ping_getDistance              
00002e0d  __aeabi_dsub                  
00002e17  __aeabi_dadd                  
00002fc3  __aeabi_idiv0                 
00002fc3  __aeabi_ldiv0                 
00002fc5  uart_init                     
00003087  uart_sendChar                 
000030a3  uart_receive                  
000030c9  uart_sendStr                  
00003125  servo_init                    
000031a9  servo_stop                    
000031b5  servo_move                    
00003215  servo_setPWM                  
000033b9  __aeabi_ddiv                  
00003615  ir_init                       
0000367d  ir_getValue                   
000036a5  ir_getDistance                
000036ad  ADC0SS0_Handler               
000036c3  ir_enableInterrupt            
0000372d  ldexp                         
0000372d  ldexpl                        
0000372d  scalbn                        
0000372d  scalbnl                       
0000383d  aligned_alloc                 
0000383d  memalign                      
0000393d  send_string                   
000039a9  send_IRscan                   
00003a39  __aeabi_dmul                  
00003b35  free                          
00003ccb  __aeabi_memcpy                
00003ccb  __aeabi_memcpy4               
00003ccb  __aeabi_memcpy8               
00003ccb  memcpy                        
00003d67  __aeabi_uldivmod              
00003dfd  __aeabi_cdcmpeq               
00003dfd  __aeabi_cdcmple               
00003e83  __aeabi_cdrcmple              
00003f09  __aeabi_memclr                
00003f09  __aeabi_memclr4               
00003f09  __aeabi_memclr8               
00003f0b  __aeabi_memset                
00003f0b  __aeabi_memset4               
00003f0b  __aeabi_memset8               
00003f11  memset                        
00004063  __aeabi_d2f                   
000040d1  __TI_decompress_lzss          
00004139  frexp                         
00004139  frexpl                        
000041f3  __TI_ltoa                     
00004299  atoi                          
000042e5  __aeabi_d2iz                  
0000432d  __TI_auto_init_nobinit_nopinit
00004371  sprintf                       
000043b1  vsnprintf                     
00004431  calloc                        
00004469  __aeabi_f2d                   
000044a1  IntRegister                   
000044d5  _c_int00_noargs               
00004539  __aeabi_i2d                   
00004591  __aeabi_ui2d                  
000045b1  __TI_zero_init_nomemset       
000045e9  memccpy                       
00004605  copysign                      
00004605  copysignl                     
0000464f  oi_parseInt                   
00004667  strcmp                        
0000467f  strchr                        
00004695  strcpy                        
000046a9  strlen                        
000046bd  wcslen                        
000046cf  IntMasterEnable               
000046df  lcd_clear                     
000046ef  __TI_decompress_none          
000046fd  CPUcpsie                      
00004709  ResetISR                      
00004721  __aeabi_errno_addr            
00004729  malloc                        
00004731  _system_pre_init              
00004735  C$$EXIT                       
00004735  abort                         
00004738  _ctypes_                      
00004868  __TI_Handler_Table_Base       
00004874  __TI_Handler_Table_Limit      
00004888  __TI_CINIT_Base               
000048a0  __TI_CINIT_Limit              
20000000  __start___llvm_prf_cnts       
20000000  __stop___llvm_prf_cnts        
20000000  g_pfnRAMVectors               
20000270  __stack                       
20000470  __STACK_TOP                   
200019e0  __STACK_END                   
200019e0  _sys_memory                   
20002a4c  _timeout_ticks                
20002a50  fallingEdge                   
20002a54  isr_int_value                 
20002a58  left_calibration_value        
20002a5c  pulseLength                   
20002a60  right_calibration_value       
20002a64  risingEdge                    
20002a68  isRisingEdge                  
20002a6c  motor_cal_factor_L            
20002a70  motor_cal_factor_R            
20002a8c  _lock                         
20002a90  _unlock                       
20002a9c  cyBOT_scan_features           
20002aa0  errno                         
20002aa4  _running                      
ffffffff  __TI_pprof_out_hndl           
ffffffff  __TI_prof_data_size           
ffffffff  __TI_prof_data_start          
ffffffff  __binit__                     
ffffffff  __c_args__                    
ffffffff  binit                         
UNDEFED   __mpu_init                    
UNDEFED   _system_post_cinit            

[173 symbols]
