<?xml version="1.0" encoding="ISO-8859-1" ?>
<link_info>
   <banner>TI ARM Linker PC v20.2.7.LTS</banner>
   <copyright>Copyright (c) 1996-2018 Texas Instruments Incorporated</copyright>
   <link_time>0x69c6ba53</link_time>
   <link_errors>0x0</link_errors>
   <output_file>Lab 7.out</output_file>
   <entry_point>
      <name>_c_int00_noargs</name>
      <address>0x44d5</address>
   </entry_point>
   <input_file_list>
      <input_file id="fl-2">
         <path>.\</path>
         <kind>object</kind>
         <file>PuTTyCom.obj</file>
         <name>PuTTyCom.obj</name>
      </input_file>
      <input_file id="fl-3">
         <path>.\</path>
         <kind>object</kind>
         <file>Timer.obj</file>
         <name>Timer.obj</name>
      </input_file>
      <input_file id="fl-4">
         <path>.\</path>
         <kind>object</kind>
         <file>button.obj</file>
         <name>button.obj</name>
      </input_file>
      <input_file id="fl-5">
         <path>.\</path>
         <kind>object</kind>
         <file>lcd.obj</file>
         <name>lcd.obj</name>
      </input_file>
      <input_file id="fl-6">
         <path>.\</path>
         <kind>object</kind>
         <file>main.obj</file>
         <name>main.obj</name>
      </input_file>
      <input_file id="fl-7">
         <path>.\</path>
         <kind>object</kind>
         <file>movement.obj</file>
         <name>movement.obj</name>
      </input_file>
      <input_file id="fl-8">
         <path>.\</path>
         <kind>object</kind>
         <file>open_interface.obj</file>
         <name>open_interface.obj</name>
      </input_file>
      <input_file id="fl-9">
         <path>.\</path>
         <kind>object</kind>
         <file>tm4c123gh6pm_startup_ccs.obj</file>
         <name>tm4c123gh6pm_startup_ccs.obj</name>
      </input_file>
      <input_file id="fl-a">
         <path>.\</path>
         <kind>object</kind>
         <file>uart-interrupt.obj</file>
         <name>uart-interrupt.obj</name>
      </input_file>
      <input_file id="fl-b">
         <path>.\</path>
         <kind>object</kind>
         <file>uart.obj</file>
         <name>uart.obj</name>
      </input_file>
      <input_file id="fl-11">
         <kind>object</kind>
         <file>&lt;internal&gt;</file>
         <name>&lt;internal&gt;</name>
      </input_file>
      <input_file id="fl-12">
         <path>..\</path>
         <kind>archive</kind>
         <file>libcybotScan.lib</file>
         <name>cyBot_Scan.obj</name>
      </input_file>
      <input_file id="fl-13">
         <path>..\</path>
         <kind>archive</kind>
         <file>libcybotScan.lib</file>
         <name>ir.obj</name>
      </input_file>
      <input_file id="fl-14">
         <path>..\</path>
         <kind>archive</kind>
         <file>libcybotScan.lib</file>
         <name>ping.obj</name>
      </input_file>
      <input_file id="fl-15">
         <path>..\</path>
         <kind>archive</kind>
         <file>libcybotScan.lib</file>
         <name>servo.obj</name>
      </input_file>
      <input_file id="fl-cb">
         <path>C:\ti\ccs1271\ccs\tools\compiler\ti-cgt-arm_20.2.7.LTS\lib\</path>
         <kind>archive</kind>
         <file>rtsv7M4_T_le_v4SPD16_eabi.lib</file>
         <name>sprintf.c.obj</name>
      </input_file>
      <input_file id="fl-cc">
         <path>C:\ti\ccs1271\ccs\tools\compiler\ti-cgt-arm_20.2.7.LTS\lib\</path>
         <kind>archive</kind>
         <file>rtsv7M4_T_le_v4SPD16_eabi.lib</file>
         <name>vsnprintf.c.obj</name>
      </input_file>
      <input_file id="fl-cd">
         <path>C:\ti\ccs1271\ccs\tools\compiler\ti-cgt-arm_20.2.7.LTS\lib\</path>
         <kind>archive</kind>
         <file>rtsv7M4_T_le_v4SPD16_eabi.lib</file>
         <name>fd_add_t2.asm.obj</name>
      </input_file>
      <input_file id="fl-ce">
         <path>C:\ti\ccs1271\ccs\tools\compiler\ti-cgt-arm_20.2.7.LTS\lib\</path>
         <kind>archive</kind>
         <file>rtsv7M4_T_le_v4SPD16_eabi.lib</file>
         <name>fd_cmp_t2.asm.obj</name>
      </input_file>
      <input_file id="fl-cf">
         <path>C:\ti\ccs1271\ccs\tools\compiler\ti-cgt-arm_20.2.7.LTS\lib\</path>
         <kind>archive</kind>
         <file>rtsv7M4_T_le_v4SPD16_eabi.lib</file>
         <name>fd_div_t2.asm.obj</name>
      </input_file>
      <input_file id="fl-d0">
         <path>C:\ti\ccs1271\ccs\tools\compiler\ti-cgt-arm_20.2.7.LTS\lib\</path>
         <kind>archive</kind>
         <file>rtsv7M4_T_le_v4SPD16_eabi.lib</file>
         <name>fd_mul_t2.asm.obj</name>
      </input_file>
      <input_file id="fl-d1">
         <path>C:\ti\ccs1271\ccs\tools\compiler\ti-cgt-arm_20.2.7.LTS\lib\</path>
         <kind>archive</kind>
         <file>rtsv7M4_T_le_v4SPD16_eabi.lib</file>
         <name>fd_toi_t2.asm.obj</name>
      </input_file>
      <input_file id="fl-d2">
         <path>C:\ti\ccs1271\ccs\tools\compiler\ti-cgt-arm_20.2.7.LTS\lib\</path>
         <kind>archive</kind>
         <file>rtsv7M4_T_le_v4SPD16_eabi.lib</file>
         <name>fd_tos_t2.asm.obj</name>
      </input_file>
      <input_file id="fl-d3">
         <path>C:\ti\ccs1271\ccs\tools\compiler\ti-cgt-arm_20.2.7.LTS\lib\</path>
         <kind>archive</kind>
         <file>rtsv7M4_T_le_v4SPD16_eabi.lib</file>
         <name>fs_tod_t2.asm.obj</name>
      </input_file>
      <input_file id="fl-d4">
         <path>C:\ti\ccs1271\ccs\tools\compiler\ti-cgt-arm_20.2.7.LTS\lib\</path>
         <kind>archive</kind>
         <file>rtsv7M4_T_le_v4SPD16_eabi.lib</file>
         <name>i_tofd_t2.asm.obj</name>
      </input_file>
      <input_file id="fl-d5">
         <path>C:\ti\ccs1271\ccs\tools\compiler\ti-cgt-arm_20.2.7.LTS\lib\</path>
         <kind>archive</kind>
         <file>rtsv7M4_T_le_v4SPD16_eabi.lib</file>
         <name>memcpy_t2.asm.obj</name>
      </input_file>
      <input_file id="fl-d6">
         <path>C:\ti\ccs1271\ccs\tools\compiler\ti-cgt-arm_20.2.7.LTS\lib\</path>
         <kind>archive</kind>
         <file>rtsv7M4_T_le_v4SPD16_eabi.lib</file>
         <name>u_tofd_t2.asm.obj</name>
      </input_file>
      <input_file id="fl-d7">
         <path>C:\ti\ccs1271\ccs\tools\compiler\ti-cgt-arm_20.2.7.LTS\lib\</path>
         <kind>archive</kind>
         <file>rtsv7M4_T_le_v4SPD16_eabi.lib</file>
         <name>copy_zero_init.c.obj</name>
      </input_file>
      <input_file id="fl-d8">
         <path>C:\ti\ccs1271\ccs\tools\compiler\ti-cgt-arm_20.2.7.LTS\lib\</path>
         <kind>archive</kind>
         <file>rtsv7M4_T_le_v4SPD16_eabi.lib</file>
         <name>copy_decompress_none.c.obj</name>
      </input_file>
      <input_file id="fl-d9">
         <path>C:\ti\ccs1271\ccs\tools\compiler\ti-cgt-arm_20.2.7.LTS\lib\</path>
         <kind>archive</kind>
         <file>rtsv7M4_T_le_v4SPD16_eabi.lib</file>
         <name>copy_decompress_lzss.c.obj</name>
      </input_file>
      <input_file id="fl-da">
         <path>C:\ti\ccs1271\ccs\tools\compiler\ti-cgt-arm_20.2.7.LTS\lib\</path>
         <kind>archive</kind>
         <file>rtsv7M4_T_le_v4SPD16_eabi.lib</file>
         <name>memory.c.obj</name>
      </input_file>
      <input_file id="fl-db">
         <path>C:\ti\ccs1271\ccs\tools\compiler\ti-cgt-arm_20.2.7.LTS\lib\</path>
         <kind>archive</kind>
         <file>rtsv7M4_T_le_v4SPD16_eabi.lib</file>
         <name>strcmp.c.obj</name>
      </input_file>
      <input_file id="fl-dc">
         <path>C:\ti\ccs1271\ccs\tools\compiler\ti-cgt-arm_20.2.7.LTS\lib\</path>
         <kind>archive</kind>
         <file>rtsv7M4_T_le_v4SPD16_eabi.lib</file>
         <name>strcpy.c.obj</name>
      </input_file>
      <input_file id="fl-dd">
         <path>C:\ti\ccs1271\ccs\tools\compiler\ti-cgt-arm_20.2.7.LTS\lib\</path>
         <kind>archive</kind>
         <file>rtsv7M4_T_le_v4SPD16_eabi.lib</file>
         <name>boot_cortex_m.c.obj</name>
      </input_file>
      <input_file id="fl-de">
         <path>C:\ti\ccs1271\ccs\tools\compiler\ti-cgt-arm_20.2.7.LTS\lib\</path>
         <kind>archive</kind>
         <file>rtsv7M4_T_le_v4SPD16_eabi.lib</file>
         <name>_printfi.c.obj</name>
      </input_file>
      <input_file id="fl-df">
         <path>C:\ti\ccs1271\ccs\tools\compiler\ti-cgt-arm_20.2.7.LTS\lib\</path>
         <kind>archive</kind>
         <file>rtsv7M4_T_le_v4SPD16_eabi.lib</file>
         <name>memset_t2.asm.obj</name>
      </input_file>
      <input_file id="fl-e0">
         <path>C:\ti\ccs1271\ccs\tools\compiler\ti-cgt-arm_20.2.7.LTS\lib\</path>
         <kind>archive</kind>
         <file>rtsv7M4_T_le_v4SPD16_eabi.lib</file>
         <name>ull_div_t2.asm.obj</name>
      </input_file>
      <input_file id="fl-e1">
         <path>C:\ti\ccs1271\ccs\tools\compiler\ti-cgt-arm_20.2.7.LTS\lib\</path>
         <kind>archive</kind>
         <file>rtsv7M4_T_le_v4SPD16_eabi.lib</file>
         <name>autoinit.c.obj</name>
      </input_file>
      <input_file id="fl-e2">
         <path>C:\ti\ccs1271\ccs\tools\compiler\ti-cgt-arm_20.2.7.LTS\lib\</path>
         <kind>archive</kind>
         <file>rtsv7M4_T_le_v4SPD16_eabi.lib</file>
         <name>pre_init.c.obj</name>
      </input_file>
      <input_file id="fl-e3">
         <path>C:\ti\ccs1271\ccs\tools\compiler\ti-cgt-arm_20.2.7.LTS\lib\</path>
         <kind>archive</kind>
         <file>rtsv7M4_T_le_v4SPD16_eabi.lib</file>
         <name>cpy_tbl.c.obj</name>
      </input_file>
      <input_file id="fl-e4">
         <path>C:\ti\ccs1271\ccs\tools\compiler\ti-cgt-arm_20.2.7.LTS\lib\</path>
         <kind>archive</kind>
         <file>rtsv7M4_T_le_v4SPD16_eabi.lib</file>
         <name>exit.c.obj</name>
      </input_file>
      <input_file id="fl-e5">
         <path>C:\ti\ccs1271\ccs\tools\compiler\ti-cgt-arm_20.2.7.LTS\lib\</path>
         <kind>archive</kind>
         <file>rtsv7M4_T_le_v4SPD16_eabi.lib</file>
         <name>_lock.c.obj</name>
      </input_file>
      <input_file id="fl-e6">
         <path>C:\ti\ccs1271\ccs\tools\compiler\ti-cgt-arm_20.2.7.LTS\lib\</path>
         <kind>archive</kind>
         <file>rtsv7M4_T_le_v4SPD16_eabi.lib</file>
         <name>_ltoa.c.obj</name>
      </input_file>
      <input_file id="fl-e7">
         <path>C:\ti\ccs1271\ccs\tools\compiler\ti-cgt-arm_20.2.7.LTS\lib\</path>
         <kind>archive</kind>
         <file>rtsv7M4_T_le_v4SPD16_eabi.lib</file>
         <name>args_main.c.obj</name>
      </input_file>
      <input_file id="fl-e8">
         <path>C:\ti\ccs1271\ccs\tools\compiler\ti-cgt-arm_20.2.7.LTS\lib\</path>
         <kind>archive</kind>
         <file>rtsv7M4_T_le_v4SPD16_eabi.lib</file>
         <name>atoi.c.obj</name>
      </input_file>
      <input_file id="fl-e9">
         <path>C:\ti\ccs1271\ccs\tools\compiler\ti-cgt-arm_20.2.7.LTS\lib\</path>
         <kind>archive</kind>
         <file>rtsv7M4_T_le_v4SPD16_eabi.lib</file>
         <name>ctype.c.obj</name>
      </input_file>
      <input_file id="fl-ea">
         <path>C:\ti\ccs1271\ccs\tools\compiler\ti-cgt-arm_20.2.7.LTS\lib\</path>
         <kind>archive</kind>
         <file>rtsv7M4_T_le_v4SPD16_eabi.lib</file>
         <name>memccpy.c.obj</name>
      </input_file>
      <input_file id="fl-eb">
         <path>C:\ti\ccs1271\ccs\tools\compiler\ti-cgt-arm_20.2.7.LTS\lib\</path>
         <kind>archive</kind>
         <file>rtsv7M4_T_le_v4SPD16_eabi.lib</file>
         <name>strchr.c.obj</name>
      </input_file>
      <input_file id="fl-ec">
         <path>C:\ti\ccs1271\ccs\tools\compiler\ti-cgt-arm_20.2.7.LTS\lib\</path>
         <kind>archive</kind>
         <file>rtsv7M4_T_le_v4SPD16_eabi.lib</file>
         <name>strlen.c.obj</name>
      </input_file>
      <input_file id="fl-ed">
         <path>C:\ti\ccs1271\ccs\tools\compiler\ti-cgt-arm_20.2.7.LTS\lib\</path>
         <kind>archive</kind>
         <file>rtsv7M4_T_le_v4SPD16_eabi.lib</file>
         <name>errno.c.obj</name>
      </input_file>
      <input_file id="fl-ee">
         <path>C:\ti\ccs1271\ccs\tools\compiler\ti-cgt-arm_20.2.7.LTS\lib\</path>
         <kind>archive</kind>
         <file>rtsv7M4_T_le_v4SPD16_eabi.lib</file>
         <name>wcslen.c.obj</name>
      </input_file>
      <input_file id="fl-ef">
         <path>C:\ti\ccs1271\ccs\tools\compiler\ti-cgt-arm_20.2.7.LTS\lib\</path>
         <kind>archive</kind>
         <file>rtsv7M4_T_le_v4SPD16_eabi.lib</file>
         <name>s_frexp.c.obj</name>
      </input_file>
      <input_file id="fl-f0">
         <path>C:\ti\ccs1271\ccs\tools\compiler\ti-cgt-arm_20.2.7.LTS\lib\</path>
         <kind>archive</kind>
         <file>rtsv7M4_T_le_v4SPD16_eabi.lib</file>
         <name>s_scalbn.c.obj</name>
      </input_file>
      <input_file id="fl-f1">
         <path>C:\ti\ccs1271\ccs\tools\compiler\ti-cgt-arm_20.2.7.LTS\lib\</path>
         <kind>archive</kind>
         <file>rtsv7M4_T_le_v4SPD16_eabi.lib</file>
         <name>div0.asm.obj</name>
      </input_file>
      <input_file id="fl-f2">
         <path>C:\ti\ccs1271\ccs\tools\compiler\ti-cgt-arm_20.2.7.LTS\lib\</path>
         <kind>archive</kind>
         <file>rtsv7M4_T_le_v4SPD16_eabi.lib</file>
         <name>s_copysign.c.obj</name>
      </input_file>
      <input_file id="fl-f3">
         <path>C:\ti\TivaWare_C_Series-2.2.0.295\driverlib\ccs\Debug\</path>
         <kind>archive</kind>
         <file>driverlib.lib</file>
         <name>interrupt.obj</name>
      </input_file>
      <input_file id="fl-f4">
         <path>C:\ti\TivaWare_C_Series-2.2.0.295\driverlib\ccs\Debug\</path>
         <kind>archive</kind>
         <file>driverlib.lib</file>
         <name>cpu.obj</name>
      </input_file>
   </input_file_list>
   <object_component_list>
      <object_component id="oc-12">
         <name>.intvecs</name>
         <load_address>0x0</load_address>
         <run_address>0x0</run_address>
         <size>0x26c</size>
         <input_file_ref idref="fl-9"/>
      </object_component>
      <object_component id="oc-d6">
         <name>.text</name>
         <load_address>0x26c</load_address>
         <run_address>0x26c</run_address>
         <size>0xc20</size>
         <input_file_ref idref="fl-8"/>
      </object_component>
      <object_component id="oc-268">
         <name>.text:__TI_printfi</name>
         <load_address>0xe8c</load_address>
         <run_address>0xe8c</run_address>
         <size>0xa4e</size>
         <input_file_ref idref="fl-de"/>
      </object_component>
      <object_component id="oc-2ad">
         <name>.text:_nop</name>
         <load_address>0x18da</load_address>
         <run_address>0x18da</run_address>
         <size>0x2</size>
         <input_file_ref idref="fl-e5"/>
      </object_component>
      <object_component id="oc-a2">
         <name>.text</name>
         <load_address>0x18dc</load_address>
         <run_address>0x18dc</run_address>
         <size>0x414</size>
         <input_file_ref idref="fl-6"/>
      </object_component>
      <object_component id="oc-e2">
         <name>.text</name>
         <load_address>0x1cf0</load_address>
         <run_address>0x1cf0</run_address>
         <size>0x328</size>
         <input_file_ref idref="fl-5"/>
      </object_component>
      <object_component id="oc-12d">
         <name>.text</name>
         <load_address>0x2018</load_address>
         <run_address>0x2018</run_address>
         <size>0x320</size>
         <input_file_ref idref="fl-7"/>
      </object_component>
      <object_component id="oc-30e">
         <name>.text:_pconv_a</name>
         <load_address>0x2338</load_address>
         <run_address>0x2338</run_address>
         <size>0x270</size>
         <input_file_ref idref="fl-de"/>
      </object_component>
      <object_component id="oc-e8">
         <name>.text</name>
         <load_address>0x25a8</load_address>
         <run_address>0x25a8</run_address>
         <size>0x260</size>
         <input_file_ref idref="fl-12"/>
      </object_component>
      <object_component id="oc-dc">
         <name>.text</name>
         <load_address>0x2808</load_address>
         <run_address>0x2808</run_address>
         <size>0x248</size>
         <input_file_ref idref="fl-3"/>
      </object_component>
      <object_component id="oc-1db">
         <name>.text</name>
         <load_address>0x2a50</load_address>
         <run_address>0x2a50</run_address>
         <size>0x1ec</size>
         <input_file_ref idref="fl-14"/>
      </object_component>
      <object_component id="oc-2fc">
         <name>.text:_pconv_g</name>
         <load_address>0x2c3c</load_address>
         <run_address>0x2c3c</run_address>
         <size>0x1d0</size>
         <input_file_ref idref="fl-de"/>
      </object_component>
      <object_component id="oc-10a">
         <name>.text</name>
         <load_address>0x2e0c</load_address>
         <run_address>0x2e0c</run_address>
         <size>0x1b6</size>
         <input_file_ref idref="fl-cd"/>
      </object_component>
      <object_component id="oc-3bd">
         <name>.text</name>
         <load_address>0x2fc2</load_address>
         <run_address>0x2fc2</run_address>
         <size>0x2</size>
         <input_file_ref idref="fl-f1"/>
      </object_component>
      <object_component id="oc-ee">
         <name>.text</name>
         <load_address>0x2fc4</load_address>
         <run_address>0x2fc4</run_address>
         <size>0x160</size>
         <input_file_ref idref="fl-b"/>
      </object_component>
      <object_component id="oc-1d5">
         <name>.text</name>
         <load_address>0x3124</load_address>
         <run_address>0x3124</run_address>
         <size>0x158</size>
         <input_file_ref idref="fl-15"/>
      </object_component>
      <object_component id="oc-308">
         <name>.text:_pconv_e</name>
         <load_address>0x327c</load_address>
         <run_address>0x327c</run_address>
         <size>0x13c</size>
         <input_file_ref idref="fl-de"/>
      </object_component>
      <object_component id="oc-114">
         <name>.text</name>
         <load_address>0x33b8</load_address>
         <run_address>0x33b8</run_address>
         <size>0x136</size>
         <input_file_ref idref="fl-cf"/>
      </object_component>
      <object_component id="oc-37a">
         <name>.text:fcvt</name>
         <load_address>0x34f0</load_address>
         <run_address>0x34f0</run_address>
         <size>0x124</size>
         <input_file_ref idref="fl-de"/>
      </object_component>
      <object_component id="oc-1e1">
         <name>.text</name>
         <load_address>0x3614</load_address>
         <run_address>0x3614</run_address>
         <size>0x118</size>
         <input_file_ref idref="fl-13"/>
      </object_component>
      <object_component id="oc-38e">
         <name>.text:scalbn</name>
         <load_address>0x372c</load_address>
         <run_address>0x372c</run_address>
         <size>0x110</size>
         <input_file_ref idref="fl-f0"/>
      </object_component>
      <object_component id="oc-2cc">
         <name>.text:aligned_alloc</name>
         <load_address>0x383c</load_address>
         <run_address>0x383c</run_address>
         <size>0x100</size>
         <input_file_ref idref="fl-da"/>
      </object_component>
      <object_component id="oc-fe">
         <name>.text</name>
         <load_address>0x393c</load_address>
         <run_address>0x393c</run_address>
         <size>0xfc</size>
         <input_file_ref idref="fl-2"/>
      </object_component>
      <object_component id="oc-123">
         <name>.text</name>
         <load_address>0x3a38</load_address>
         <run_address>0x3a38</run_address>
         <size>0xfc</size>
         <input_file_ref idref="fl-d0"/>
      </object_component>
      <object_component id="oc-184">
         <name>.text:free</name>
         <load_address>0x3b34</load_address>
         <run_address>0x3b34</run_address>
         <size>0xe4</size>
         <input_file_ref idref="fl-da"/>
      </object_component>
      <object_component id="oc-2f6">
         <name>.text:_ltostr</name>
         <load_address>0x3c18</load_address>
         <run_address>0x3c18</run_address>
         <size>0xb1</size>
         <input_file_ref idref="fl-de"/>
      </object_component>
      <object_component id="oc-3e">
         <name>.text</name>
         <load_address>0x3cca</load_address>
         <run_address>0x3cca</run_address>
         <size>0x9c</size>
         <input_file_ref idref="fl-d5"/>
      </object_component>
      <object_component id="oc-361">
         <name>.text</name>
         <load_address>0x3d66</load_address>
         <run_address>0x3d66</run_address>
         <size>0x96</size>
         <input_file_ref idref="fl-e0"/>
      </object_component>
      <object_component id="oc-f9">
         <name>.text:__aeabi_cdcmple</name>
         <load_address>0x3dfc</load_address>
         <run_address>0x3dfc</run_address>
         <size>0x86</size>
         <input_file_ref idref="fl-ce"/>
      </object_component>
      <object_component id="oc-10f">
         <name>.text:__aeabi_cdrcmple</name>
         <load_address>0x3e82</load_address>
         <run_address>0x3e82</run_address>
         <size>0x86</size>
         <input_file_ref idref="fl-ce"/>
      </object_component>
      <object_component id="oc-96">
         <name>.text</name>
         <load_address>0x3f08</load_address>
         <run_address>0x3f08</run_address>
         <size>0x7a</size>
         <input_file_ref idref="fl-df"/>
      </object_component>
      <object_component id="oc-34f">
         <name>.text:split</name>
         <load_address>0x3f84</load_address>
         <run_address>0x3f84</run_address>
         <size>0x70</size>
         <input_file_ref idref="fl-da"/>
      </object_component>
      <object_component id="oc-373">
         <name>.text:_mcpy</name>
         <load_address>0x3ff4</load_address>
         <run_address>0x3ff4</run_address>
         <size>0x6e</size>
         <input_file_ref idref="fl-de"/>
      </object_component>
      <object_component id="oc-128">
         <name>.text</name>
         <load_address>0x4062</load_address>
         <run_address>0x4062</run_address>
         <size>0x6e</size>
         <input_file_ref idref="fl-d2"/>
      </object_component>
      <object_component id="oc-15">
         <name>.text:decompress:lzss:__TI_decompress_lzss</name>
         <load_address>0x40d0</load_address>
         <run_address>0x40d0</run_address>
         <size>0x68</size>
         <input_file_ref idref="fl-d9"/>
      </object_component>
      <object_component id="oc-388">
         <name>.text:frexp</name>
         <load_address>0x4138</load_address>
         <run_address>0x4138</run_address>
         <size>0x64</size>
         <input_file_ref idref="fl-ef"/>
      </object_component>
      <object_component id="oc-302">
         <name>.text:_pconv_f</name>
         <load_address>0x419c</load_address>
         <run_address>0x419c</run_address>
         <size>0x56</size>
         <input_file_ref idref="fl-de"/>
      </object_component>
      <object_component id="oc-367">
         <name>.text:__TI_ltoa</name>
         <load_address>0x41f2</load_address>
         <run_address>0x41f2</run_address>
         <size>0x54</size>
         <input_file_ref idref="fl-e6"/>
      </object_component>
      <object_component id="oc-36d">
         <name>.text:_ecpy</name>
         <load_address>0x4246</load_address>
         <run_address>0x4246</run_address>
         <size>0x52</size>
         <input_file_ref idref="fl-de"/>
      </object_component>
      <object_component id="oc-2f0">
         <name>.text:atoi</name>
         <load_address>0x4298</load_address>
         <run_address>0x4298</run_address>
         <size>0x4c</size>
         <input_file_ref idref="fl-e8"/>
      </object_component>
      <object_component id="oc-119">
         <name>.text</name>
         <load_address>0x42e4</load_address>
         <run_address>0x42e4</run_address>
         <size>0x48</size>
         <input_file_ref idref="fl-d1"/>
      </object_component>
      <object_component id="oc-145">
         <name>.text:__TI_auto_init_nobinit_nopinit:__TI_auto_init_nobinit_nopinit</name>
         <load_address>0x432c</load_address>
         <run_address>0x432c</run_address>
         <size>0x44</size>
         <input_file_ref idref="fl-e1"/>
      </object_component>
      <object_component id="oc-1f9">
         <name>.text:sprintf</name>
         <load_address>0x4370</load_address>
         <run_address>0x4370</run_address>
         <size>0x40</size>
         <input_file_ref idref="fl-cb"/>
      </object_component>
      <object_component id="oc-1bf">
         <name>.text:vsnprintf</name>
         <load_address>0x43b0</load_address>
         <run_address>0x43b0</run_address>
         <size>0x40</size>
         <input_file_ref idref="fl-cc"/>
      </object_component>
      <object_component id="oc-380">
         <name>.text:_fcpy</name>
         <load_address>0x43f0</load_address>
         <run_address>0x43f0</run_address>
         <size>0x3e</size>
         <input_file_ref idref="fl-de"/>
      </object_component>
      <object_component id="oc-17e">
         <name>.text:calloc</name>
         <load_address>0x4430</load_address>
         <run_address>0x4430</run_address>
         <size>0x38</size>
         <input_file_ref idref="fl-da"/>
      </object_component>
      <object_component id="oc-11e">
         <name>.text</name>
         <load_address>0x4468</load_address>
         <run_address>0x4468</run_address>
         <size>0x38</size>
         <input_file_ref idref="fl-d3"/>
      </object_component>
      <object_component id="oc-197">
         <name>.text:IntRegister</name>
         <load_address>0x44a0</load_address>
         <run_address>0x44a0</run_address>
         <size>0x34</size>
         <input_file_ref idref="fl-f3"/>
      </object_component>
      <object_component id="oc-5c">
         <name>.text:_c_int00_noargs:_c_int00_noargs</name>
         <load_address>0x44d4</load_address>
         <run_address>0x44d4</run_address>
         <size>0x34</size>
         <input_file_ref idref="fl-dd"/>
      </object_component>
      <object_component id="oc-26e">
         <name>.text:_outs</name>
         <load_address>0x4508</load_address>
         <run_address>0x4508</run_address>
         <size>0x30</size>
         <input_file_ref idref="fl-cc"/>
      </object_component>
      <object_component id="oc-f4">
         <name>.text</name>
         <load_address>0x4538</load_address>
         <run_address>0x4538</run_address>
         <size>0x2e</size>
         <input_file_ref idref="fl-d4"/>
      </object_component>
      <object_component id="oc-23f">
         <name>.text:free_list_insert</name>
         <load_address>0x4568</load_address>
         <run_address>0x4568</run_address>
         <size>0x28</size>
         <input_file_ref idref="fl-da"/>
      </object_component>
      <object_component id="oc-1f0">
         <name>.text</name>
         <load_address>0x4590</load_address>
         <run_address>0x4590</run_address>
         <size>0x20</size>
         <input_file_ref idref="fl-d6"/>
      </object_component>
      <object_component id="oc-4a">
         <name>.text:decompress:ZI:__TI_zero_init_nomemset:__TI_zero_init_nomemset</name>
         <load_address>0x45b0</load_address>
         <run_address>0x45b0</run_address>
         <size>0x1c</size>
         <input_file_ref idref="fl-d7"/>
      </object_component>
      <object_component id="oc-239">
         <name>.text:free_list_remove</name>
         <load_address>0x45cc</load_address>
         <run_address>0x45cc</run_address>
         <size>0x1c</size>
         <input_file_ref idref="fl-da"/>
      </object_component>
      <object_component id="oc-314">
         <name>.text:memccpy</name>
         <load_address>0x45e8</load_address>
         <run_address>0x45e8</run_address>
         <size>0x1c</size>
         <input_file_ref idref="fl-ea"/>
      </object_component>
      <object_component id="oc-3d0">
         <name>.text:copysign</name>
         <load_address>0x4604</load_address>
         <run_address>0x4604</run_address>
         <size>0x1a</size>
         <input_file_ref idref="fl-f2"/>
      </object_component>
      <object_component id="oc-274">
         <name>.text:_outc</name>
         <load_address>0x461e</load_address>
         <run_address>0x461e</run_address>
         <size>0x18</size>
         <input_file_ref idref="fl-cc"/>
      </object_component>
      <object_component id="oc-29b">
         <name>.text:_outs</name>
         <load_address>0x4636</load_address>
         <run_address>0x4636</run_address>
         <size>0x18</size>
         <input_file_ref idref="fl-cb"/>
      </object_component>
      <object_component id="oc-18a">
         <name>.text:oi_parseInt</name>
         <load_address>0x464e</load_address>
         <run_address>0x464e</run_address>
         <size>0x18</size>
         <input_file_ref idref="fl-8"/>
      </object_component>
      <object_component id="oc-191">
         <name>.text:strcmp</name>
         <load_address>0x4666</load_address>
         <run_address>0x4666</run_address>
         <size>0x18</size>
         <input_file_ref idref="fl-db"/>
      </object_component>
      <object_component id="oc-394">
         <name>.text:strchr</name>
         <load_address>0x467e</load_address>
         <run_address>0x467e</run_address>
         <size>0x16</size>
         <input_file_ref idref="fl-eb"/>
      </object_component>
      <object_component id="oc-1c5">
         <name>.text:strcpy</name>
         <load_address>0x4694</load_address>
         <run_address>0x4694</run_address>
         <size>0x14</size>
         <input_file_ref idref="fl-dc"/>
      </object_component>
      <object_component id="oc-2ea">
         <name>.text:strlen</name>
         <load_address>0x46a8</load_address>
         <run_address>0x46a8</run_address>
         <size>0x14</size>
         <input_file_ref idref="fl-ec"/>
      </object_component>
      <object_component id="oc-31a">
         <name>.text:wcslen</name>
         <load_address>0x46bc</load_address>
         <run_address>0x46bc</run_address>
         <size>0x12</size>
         <input_file_ref idref="fl-ee"/>
      </object_component>
      <object_component id="oc-19d">
         <name>.text:IntMasterEnable</name>
         <load_address>0x46ce</load_address>
         <run_address>0x46ce</run_address>
         <size>0x10</size>
         <input_file_ref idref="fl-f3"/>
      </object_component>
      <object_component id="oc-1b8">
         <name>.text:lcd_clear</name>
         <load_address>0x46de</load_address>
         <run_address>0x46de</run_address>
         <size>0x10</size>
         <input_file_ref idref="fl-5"/>
      </object_component>
      <object_component id="oc-1b">
         <name>.text:decompress:none:__TI_decompress_none</name>
         <load_address>0x46ee</load_address>
         <run_address>0x46ee</run_address>
         <size>0xe</size>
         <input_file_ref idref="fl-d8"/>
      </object_component>
      <object_component id="oc-252">
         <name>.text:CPUcpsie</name>
         <load_address>0x46fc</load_address>
         <run_address>0x46fc</run_address>
         <size>0xc</size>
         <input_file_ref idref="fl-f4"/>
      </object_component>
      <object_component id="oc-2a">
         <name>.text</name>
         <load_address>0x4708</load_address>
         <run_address>0x4708</run_address>
         <size>0xc</size>
         <input_file_ref idref="fl-9"/>
      </object_component>
      <object_component id="oc-2a1">
         <name>.text:_outc</name>
         <load_address>0x4714</load_address>
         <run_address>0x4714</run_address>
         <size>0xa</size>
         <input_file_ref idref="fl-cb"/>
      </object_component>
      <object_component id="oc-320">
         <name>.text:__aeabi_errno_addr</name>
         <load_address>0x4720</load_address>
         <run_address>0x4720</run_address>
         <size>0x8</size>
         <input_file_ref idref="fl-ed"/>
      </object_component>
      <object_component id="oc-232">
         <name>.text:malloc</name>
         <load_address>0x4728</load_address>
         <run_address>0x4728</run_address>
         <size>0x8</size>
         <input_file_ref idref="fl-da"/>
      </object_component>
      <object_component id="oc-9c">
         <name>.text:_system_pre_init</name>
         <load_address>0x4730</load_address>
         <run_address>0x4730</run_address>
         <size>0x4</size>
         <input_file_ref idref="fl-e2"/>
      </object_component>
      <object_component id="oc-139">
         <name>.text:abort:abort</name>
         <load_address>0x4734</load_address>
         <run_address>0x4734</run_address>
         <size>0x4</size>
         <input_file_ref idref="fl-e4"/>
      </object_component>
      <object_component id="oc-35c">
         <name>.const:.string:_ctypes_</name>
         <load_address>0x4738</load_address>
         <run_address>0x4738</run_address>
         <size>0x101</size>
         <input_file_ref idref="fl-e9"/>
      </object_component>
      <object_component id="oc-1a6">
         <name>.const:.string:$P$T0$3</name>
         <load_address>0x4839</load_address>
         <run_address>0x4839</run_address>
         <size>0xf</size>
         <input_file_ref idref="fl-8"/>
      </object_component>
      <object_component id="oc-1cb">
         <name>.const:.string:lineAddress$1</name>
         <load_address>0x4848</load_address>
         <run_address>0x4848</run_address>
         <size>0x4</size>
         <input_file_ref idref="fl-5"/>
      </object_component>
      <object_component id="oc-1cc">
         <name>.const:.string:lineAddresses$2</name>
         <load_address>0x484c</load_address>
         <run_address>0x484c</run_address>
         <size>0x4</size>
         <input_file_ref idref="fl-5"/>
      </object_component>
      <object_component id="oc-429">
         <name>.cinit..data.load</name>
         <load_address>0x4850</load_address>
         <run_address>0x4850</run_address>
         <size>0x18</size>
      </object_component>
      <object_component id="oc-426">
         <name>__TI_handler_table</name>
         <load_address>0x4868</load_address>
         <run_address>0x4868</run_address>
         <size>0xc</size>
      </object_component>
      <object_component id="oc-42a">
         <name>.cinit..bss.load</name>
         <load_address>0x4878</load_address>
         <run_address>0x4878</run_address>
         <size>0x8</size>
      </object_component>
      <object_component id="oc-428">
         <name>.cinit..vtable.load</name>
         <load_address>0x4880</load_address>
         <run_address>0x4880</run_address>
         <size>0x8</size>
      </object_component>
      <object_component id="oc-427">
         <name>__TI_cinit_table</name>
         <load_address>0x4888</load_address>
         <run_address>0x4888</run_address>
         <size>0x18</size>
      </object_component>
      <object_component id="oc-248">
         <name>.vtable</name>
         <uninitialized>true</uninitialized>
         <run_address>0x20000000</run_address>
         <size>0x26c</size>
         <input_file_ref idref="fl-f3"/>
      </object_component>
      <object_component id="oc-1b1">
         <name>.data</name>
         <load_address>0x20002aa4</load_address>
         <run_address>0x20002aa4</run_address>
         <size>0x1</size>
         <input_file_ref idref="fl-3"/>
      </object_component>
      <object_component id="oc-1a3">
         <name>.data</name>
         <load_address>0x20002a6c</load_address>
         <run_address>0x20002a6c</run_address>
         <size>0x20</size>
         <input_file_ref idref="fl-8"/>
      </object_component>
      <object_component id="oc-1e7">
         <name>.data</name>
         <load_address>0x20002a9c</load_address>
         <run_address>0x20002a9c</run_address>
         <size>0x4</size>
         <input_file_ref idref="fl-12"/>
      </object_component>
      <object_component id="oc-2d3">
         <name>.data:$O1$$</name>
         <load_address>0x20002a94</load_address>
         <run_address>0x20002a94</run_address>
         <size>0x8</size>
         <input_file_ref idref="fl-da"/>
      </object_component>
      <object_component id="oc-216">
         <name>.data:$O1$$</name>
         <load_address>0x20002a8c</load_address>
         <run_address>0x20002a8c</run_address>
         <size>0x8</size>
         <input_file_ref idref="fl-e5"/>
      </object_component>
      <object_component id="oc-3a4">
         <name>.data</name>
         <load_address>0x20002aa0</load_address>
         <run_address>0x20002aa0</run_address>
         <size>0x4</size>
         <input_file_ref idref="fl-ed"/>
      </object_component>
      <object_component id="oc-1cd">
         <name>.bss:lastbuffer$3</name>
         <uninitialized>true</uninitialized>
         <run_address>0x200029e0</run_address>
         <size>0x54</size>
         <input_file_ref idref="fl-5"/>
      </object_component>
      <object_component id="oc-1a9">
         <name>.bss:firmware$2</name>
         <uninitialized>true</uninitialized>
         <run_address>0x20002a34</run_address>
         <size>0x18</size>
         <input_file_ref idref="fl-8"/>
      </object_component>
      <object_component id="oc-1b4">
         <name>.common:_timeout_ticks</name>
         <uninitialized>true</uninitialized>
         <run_address>0x20002a4c</run_address>
         <size>0x4</size>
      </object_component>
      <object_component id="oc-104">
         <name>.common:right_calibration_value</name>
         <uninitialized>true</uninitialized>
         <run_address>0x20002a60</run_address>
         <size>0x4</size>
      </object_component>
      <object_component id="oc-109">
         <name>.common:left_calibration_value</name>
         <uninitialized>true</uninitialized>
         <run_address>0x20002a58</run_address>
         <size>0x4</size>
      </object_component>
      <object_component id="oc-292">
         <name>.common:isr_int_value</name>
         <uninitialized>true</uninitialized>
         <run_address>0x20002a54</run_address>
         <size>0x4</size>
      </object_component>
      <object_component id="oc-28e">
         <name>.common:risingEdge</name>
         <uninitialized>true</uninitialized>
         <run_address>0x20002a64</run_address>
         <size>0x4</size>
      </object_component>
      <object_component id="oc-28f">
         <name>.common:fallingEdge</name>
         <uninitialized>true</uninitialized>
         <run_address>0x20002a50</run_address>
         <size>0x4</size>
      </object_component>
      <object_component id="oc-290">
         <name>.common:pulseLength</name>
         <uninitialized>true</uninitialized>
         <run_address>0x20002a5c</run_address>
         <size>0x4</size>
      </object_component>
      <object_component id="oc-28b">
         <name>.common:isRisingEdge</name>
         <uninitialized>true</uninitialized>
         <run_address>0x20002a68</run_address>
         <size>0x1</size>
      </object_component>
      <object_component id="oc-24">
         <name>.sysmem</name>
         <uninitialized>true</uninitialized>
         <run_address>0x200019e0</run_address>
         <size>0x10</size>
         <input_file_ref idref="fl-da"/>
      </object_component>
      <object_component id="oc-42d">
         <name>.sysmem</name>
         <uninitialized>true</uninitialized>
         <run_address>0x200019e0</run_address>
         <size>0x0</size>
      </object_component>
      <object_component id="oc-27">
         <name>.stack</name>
         <uninitialized>true</uninitialized>
         <run_address>0x20000270</run_address>
         <size>0x4</size>
         <input_file_ref idref="fl-dd"/>
      </object_component>
      <object_component id="oc-42c">
         <name>.stack</name>
         <uninitialized>true</uninitialized>
         <run_address>0x20000270</run_address>
         <size>0x0</size>
      </object_component>
      <object_component id="oc-c5">
         <name>.debug_info</name>
         <load_address>0x0</load_address>
         <run_address>0x0</run_address>
         <size>0x2d9</size>
         <input_file_ref idref="fl-2"/>
      </object_component>
      <object_component id="oc-101">
         <name>.debug_info</name>
         <load_address>0x2d9</load_address>
         <run_address>0x2d9</run_address>
         <size>0x392</size>
         <input_file_ref idref="fl-2"/>
      </object_component>
      <object_component id="oc-77">
         <name>.debug_info</name>
         <load_address>0x66b</load_address>
         <run_address>0x66b</run_address>
         <size>0x26b</size>
         <input_file_ref idref="fl-2"/>
      </object_component>
      <object_component id="oc-39">
         <name>.debug_info</name>
         <load_address>0x8d6</load_address>
         <run_address>0x8d6</run_address>
         <size>0x84</size>
         <input_file_ref idref="fl-2"/>
      </object_component>
      <object_component id="oc-c0">
         <name>.debug_info</name>
         <load_address>0x95a</load_address>
         <run_address>0x95a</run_address>
         <size>0x2a4</size>
         <input_file_ref idref="fl-2"/>
      </object_component>
      <object_component id="oc-cd">
         <name>.debug_info</name>
         <load_address>0xbfe</load_address>
         <run_address>0xbfe</run_address>
         <size>0x2c</size>
         <input_file_ref idref="fl-2"/>
      </object_component>
      <object_component id="oc-1d0">
         <name>.debug_info</name>
         <load_address>0xc2a</load_address>
         <run_address>0xc2a</run_address>
         <size>0x2c</size>
         <input_file_ref idref="fl-2"/>
      </object_component>
      <object_component id="oc-179">
         <name>.debug_info</name>
         <load_address>0xc56</load_address>
         <run_address>0xc56</run_address>
         <size>0x35</size>
         <input_file_ref idref="fl-2"/>
      </object_component>
      <object_component id="oc-1b5">
         <name>.debug_info</name>
         <load_address>0xc8b</load_address>
         <run_address>0xc8b</run_address>
         <size>0x2b2</size>
         <input_file_ref idref="fl-3"/>
      </object_component>
      <object_component id="oc-1b2">
         <name>.debug_info</name>
         <load_address>0xf3d</load_address>
         <run_address>0xf3d</run_address>
         <size>0xc0</size>
         <input_file_ref idref="fl-3"/>
      </object_component>
      <object_component id="oc-de">
         <name>.debug_info</name>
         <load_address>0xffd</load_address>
         <run_address>0xffd</run_address>
         <size>0x508</size>
         <input_file_ref idref="fl-3"/>
      </object_component>
      <object_component id="oc-7c">
         <name>.debug_info</name>
         <load_address>0x1505</load_address>
         <run_address>0x1505</run_address>
         <size>0xbb</size>
         <input_file_ref idref="fl-3"/>
      </object_component>
      <object_component id="oc-2e9">
         <name>.debug_info</name>
         <load_address>0x15c0</load_address>
         <run_address>0x15c0</run_address>
         <size>0x258</size>
         <input_file_ref idref="fl-4"/>
      </object_component>
      <object_component id="oc-25f">
         <name>.debug_info</name>
         <load_address>0x1818</load_address>
         <run_address>0x1818</run_address>
         <size>0xcc</size>
         <input_file_ref idref="fl-4"/>
      </object_component>
      <object_component id="oc-1cf">
         <name>.debug_info</name>
         <load_address>0x18e4</load_address>
         <run_address>0x18e4</run_address>
         <size>0x380</size>
         <input_file_ref idref="fl-5"/>
      </object_component>
      <object_component id="oc-1ba">
         <name>.debug_info</name>
         <load_address>0x1c64</load_address>
         <run_address>0x1c64</run_address>
         <size>0x115</size>
         <input_file_ref idref="fl-5"/>
      </object_component>
      <object_component id="oc-e4">
         <name>.debug_info</name>
         <load_address>0x1d79</load_address>
         <run_address>0x1d79</run_address>
         <size>0x8a1</size>
         <input_file_ref idref="fl-5"/>
      </object_component>
      <object_component id="oc-105">
         <name>.debug_info</name>
         <load_address>0x261a</load_address>
         <run_address>0x261a</run_address>
         <size>0x534</size>
         <input_file_ref idref="fl-6"/>
      </object_component>
      <object_component id="oc-a4">
         <name>.debug_info</name>
         <load_address>0x2b4e</load_address>
         <run_address>0x2b4e</run_address>
         <size>0x5dd</size>
         <input_file_ref idref="fl-6"/>
      </object_component>
      <object_component id="oc-202">
         <name>.debug_info</name>
         <load_address>0x312b</load_address>
         <run_address>0x312b</run_address>
         <size>0x5aa</size>
         <input_file_ref idref="fl-6"/>
      </object_component>
      <object_component id="oc-134">
         <name>.debug_info</name>
         <load_address>0x36d5</load_address>
         <run_address>0x36d5</run_address>
         <size>0x9d</size>
         <input_file_ref idref="fl-6"/>
      </object_component>
      <object_component id="oc-211">
         <name>.debug_info</name>
         <load_address>0x3772</load_address>
         <run_address>0x3772</run_address>
         <size>0x2e1</size>
         <input_file_ref idref="fl-7"/>
      </object_component>
      <object_component id="oc-12e">
         <name>.debug_info</name>
         <load_address>0x3a53</load_address>
         <run_address>0x3a53</run_address>
         <size>0x781</size>
         <input_file_ref idref="fl-7"/>
      </object_component>
      <object_component id="oc-1ab">
         <name>.debug_info</name>
         <load_address>0x41d4</load_address>
         <run_address>0x41d4</run_address>
         <size>0x3fd</size>
         <input_file_ref idref="fl-8"/>
      </object_component>
      <object_component id="oc-1a4">
         <name>.debug_info</name>
         <load_address>0x45d1</load_address>
         <run_address>0x45d1</run_address>
         <size>0x112</size>
         <input_file_ref idref="fl-8"/>
      </object_component>
      <object_component id="oc-1a7">
         <name>.debug_info</name>
         <load_address>0x46e3</load_address>
         <run_address>0x46e3</run_address>
         <size>0xc7</size>
         <input_file_ref idref="fl-8"/>
      </object_component>
      <object_component id="oc-18b">
         <name>.debug_info</name>
         <load_address>0x47aa</load_address>
         <run_address>0x47aa</run_address>
         <size>0x13f</size>
         <input_file_ref idref="fl-8"/>
      </object_component>
      <object_component id="oc-d7">
         <name>.debug_info</name>
         <load_address>0x48e9</load_address>
         <run_address>0x48e9</run_address>
         <size>0x1989</size>
         <input_file_ref idref="fl-8"/>
      </object_component>
      <object_component id="oc-1ac">
         <name>.debug_info</name>
         <load_address>0x6272</load_address>
         <run_address>0x6272</run_address>
         <size>0x8b</size>
         <input_file_ref idref="fl-8"/>
      </object_component>
      <object_component id="oc-32">
         <name>.debug_info</name>
         <load_address>0x62fd</load_address>
         <run_address>0x62fd</run_address>
         <size>0x29c</size>
         <input_file_ref idref="fl-9"/>
      </object_component>
      <object_component id="oc-13">
         <name>.debug_info</name>
         <load_address>0x6599</load_address>
         <run_address>0x6599</run_address>
         <size>0xdb</size>
         <input_file_ref idref="fl-9"/>
      </object_component>
      <object_component id="oc-2c">
         <name>.debug_info</name>
         <load_address>0x6674</load_address>
         <run_address>0x6674</run_address>
         <size>0x257</size>
         <input_file_ref idref="fl-9"/>
      </object_component>
      <object_component id="oc-1f6">
         <name>.debug_info</name>
         <load_address>0x68cb</load_address>
         <run_address>0x68cb</run_address>
         <size>0x255</size>
         <input_file_ref idref="fl-b"/>
      </object_component>
      <object_component id="oc-ef">
         <name>.debug_info</name>
         <load_address>0x6b20</load_address>
         <run_address>0x6b20</run_address>
         <size>0x2d0</size>
         <input_file_ref idref="fl-b"/>
      </object_component>
      <object_component id="oc-107">
         <name>.debug_info</name>
         <load_address>0x6df0</load_address>
         <run_address>0x6df0</run_address>
         <size>0x485</size>
         <input_file_ref idref="fl-12"/>
      </object_component>
      <object_component id="oc-1e8">
         <name>.debug_info</name>
         <load_address>0x7275</load_address>
         <run_address>0x7275</run_address>
         <size>0x114</size>
         <input_file_ref idref="fl-12"/>
      </object_component>
      <object_component id="oc-e9">
         <name>.debug_info</name>
         <load_address>0x7389</load_address>
         <run_address>0x7389</run_address>
         <size>0x4ce</size>
         <input_file_ref idref="fl-12"/>
      </object_component>
      <object_component id="oc-1eb">
         <name>.debug_info</name>
         <load_address>0x7857</load_address>
         <run_address>0x7857</run_address>
         <size>0x9d</size>
         <input_file_ref idref="fl-12"/>
      </object_component>
      <object_component id="oc-293">
         <name>.debug_info</name>
         <load_address>0x78f4</load_address>
         <run_address>0x78f4</run_address>
         <size>0x2b7</size>
         <input_file_ref idref="fl-13"/>
      </object_component>
      <object_component id="oc-1e3">
         <name>.debug_info</name>
         <load_address>0x7bab</load_address>
         <run_address>0x7bab</run_address>
         <size>0x266</size>
         <input_file_ref idref="fl-13"/>
      </object_component>
      <object_component id="oc-28c">
         <name>.debug_info</name>
         <load_address>0x7e11</load_address>
         <run_address>0x7e11</run_address>
         <size>0x3ba</size>
         <input_file_ref idref="fl-14"/>
      </object_component>
      <object_component id="oc-1dc">
         <name>.debug_info</name>
         <load_address>0x81cb</load_address>
         <run_address>0x81cb</run_address>
         <size>0x270</size>
         <input_file_ref idref="fl-14"/>
      </object_component>
      <object_component id="oc-1d6">
         <name>.debug_info</name>
         <load_address>0x843b</load_address>
         <run_address>0x843b</run_address>
         <size>0x296</size>
         <input_file_ref idref="fl-15"/>
      </object_component>
      <object_component id="oc-2a8">
         <name>.debug_info</name>
         <load_address>0x86d1</load_address>
         <run_address>0x86d1</run_address>
         <size>0x333</size>
         <input_file_ref idref="fl-cb"/>
      </object_component>
      <object_component id="oc-1fb">
         <name>.debug_info</name>
         <load_address>0x8a04</load_address>
         <run_address>0x8a04</run_address>
         <size>0x1d1</size>
         <input_file_ref idref="fl-cb"/>
      </object_component>
      <object_component id="oc-29f">
         <name>.debug_info</name>
         <load_address>0x8bd5</load_address>
         <run_address>0x8bd5</run_address>
         <size>0x18d</size>
         <input_file_ref idref="fl-cb"/>
      </object_component>
      <object_component id="oc-2a4">
         <name>.debug_info</name>
         <load_address>0x8d62</load_address>
         <run_address>0x8d62</run_address>
         <size>0x16d</size>
         <input_file_ref idref="fl-cb"/>
      </object_component>
      <object_component id="oc-27c">
         <name>.debug_info</name>
         <load_address>0x8ecf</load_address>
         <run_address>0x8ecf</run_address>
         <size>0x2c</size>
         <input_file_ref idref="fl-cb"/>
      </object_component>
      <object_component id="oc-27b">
         <name>.debug_info</name>
         <load_address>0x8efb</load_address>
         <run_address>0x8efb</run_address>
         <size>0x340</size>
         <input_file_ref idref="fl-cc"/>
      </object_component>
      <object_component id="oc-1c2">
         <name>.debug_info</name>
         <load_address>0x923b</load_address>
         <run_address>0x923b</run_address>
         <size>0x208</size>
         <input_file_ref idref="fl-cc"/>
      </object_component>
      <object_component id="oc-272">
         <name>.debug_info</name>
         <load_address>0x9443</load_address>
         <run_address>0x9443</run_address>
         <size>0x1c6</size>
         <input_file_ref idref="fl-cc"/>
      </object_component>
      <object_component id="oc-277">
         <name>.debug_info</name>
         <load_address>0x9609</load_address>
         <run_address>0x9609</run_address>
         <size>0x179</size>
         <input_file_ref idref="fl-cc"/>
      </object_component>
      <object_component id="oc-281">
         <name>.debug_info</name>
         <load_address>0x9782</load_address>
         <run_address>0x9782</run_address>
         <size>0x69</size>
         <input_file_ref idref="fl-cc"/>
      </object_component>
      <object_component id="oc-10b">
         <name>.debug_info</name>
         <load_address>0x97eb</load_address>
         <run_address>0x97eb</run_address>
         <size>0x14c</size>
         <input_file_ref idref="fl-cd"/>
      </object_component>
      <object_component id="oc-fa">
         <name>.debug_info</name>
         <load_address>0x9937</load_address>
         <run_address>0x9937</run_address>
         <size>0x128</size>
         <input_file_ref idref="fl-ce"/>
      </object_component>
      <object_component id="oc-110">
         <name>.debug_info</name>
         <load_address>0x9a5f</load_address>
         <run_address>0x9a5f</run_address>
         <size>0x12a</size>
         <input_file_ref idref="fl-ce"/>
      </object_component>
      <object_component id="oc-117">
         <name>.debug_info</name>
         <load_address>0x9b89</load_address>
         <run_address>0x9b89</run_address>
         <size>0x13a</size>
         <input_file_ref idref="fl-cf"/>
      </object_component>
      <object_component id="oc-126">
         <name>.debug_info</name>
         <load_address>0x9cc3</load_address>
         <run_address>0x9cc3</run_address>
         <size>0x13a</size>
         <input_file_ref idref="fl-d0"/>
      </object_component>
      <object_component id="oc-11a">
         <name>.debug_info</name>
         <load_address>0x9dfd</load_address>
         <run_address>0x9dfd</run_address>
         <size>0x12e</size>
         <input_file_ref idref="fl-d1"/>
      </object_component>
      <object_component id="oc-129">
         <name>.debug_info</name>
         <load_address>0x9f2b</load_address>
         <run_address>0x9f2b</run_address>
         <size>0x13e</size>
         <input_file_ref idref="fl-d2"/>
      </object_component>
      <object_component id="oc-121">
         <name>.debug_info</name>
         <load_address>0xa069</load_address>
         <run_address>0xa069</run_address>
         <size>0x12c</size>
         <input_file_ref idref="fl-d3"/>
      </object_component>
      <object_component id="oc-f6">
         <name>.debug_info</name>
         <load_address>0xa195</load_address>
         <run_address>0xa195</run_address>
         <size>0x12c</size>
         <input_file_ref idref="fl-d4"/>
      </object_component>
      <object_component id="oc-40">
         <name>.debug_info</name>
         <load_address>0xa2c1</load_address>
         <run_address>0xa2c1</run_address>
         <size>0x119</size>
         <input_file_ref idref="fl-d5"/>
      </object_component>
      <object_component id="oc-1f1">
         <name>.debug_info</name>
         <load_address>0xa3da</load_address>
         <run_address>0xa3da</run_address>
         <size>0x12e</size>
         <input_file_ref idref="fl-d6"/>
      </object_component>
      <object_component id="oc-95">
         <name>.debug_info</name>
         <load_address>0xa508</load_address>
         <run_address>0xa508</run_address>
         <size>0x2d4</size>
         <input_file_ref idref="fl-d7"/>
      </object_component>
      <object_component id="oc-4e">
         <name>.debug_info</name>
         <load_address>0xa7dc</load_address>
         <run_address>0xa7dc</run_address>
         <size>0x1d2</size>
         <input_file_ref idref="fl-d7"/>
      </object_component>
      <object_component id="oc-90">
         <name>.debug_info</name>
         <load_address>0xa9ae</load_address>
         <run_address>0xa9ae</run_address>
         <size>0x46</size>
         <input_file_ref idref="fl-d7"/>
      </object_component>
      <object_component id="oc-49">
         <name>.debug_info</name>
         <load_address>0xa9f4</load_address>
         <run_address>0xa9f4</run_address>
         <size>0x2a8</size>
         <input_file_ref idref="fl-d8"/>
      </object_component>
      <object_component id="oc-1c">
         <name>.debug_info</name>
         <load_address>0xac9c</load_address>
         <run_address>0xac9c</run_address>
         <size>0x1ea</size>
         <input_file_ref idref="fl-d8"/>
      </object_component>
      <object_component id="oc-44">
         <name>.debug_info</name>
         <load_address>0xae86</load_address>
         <run_address>0xae86</run_address>
         <size>0x46</size>
         <input_file_ref idref="fl-d8"/>
      </object_component>
      <object_component id="oc-88">
         <name>.debug_info</name>
         <load_address>0xaecc</load_address>
         <run_address>0xaecc</run_address>
         <size>0x2c</size>
         <input_file_ref idref="fl-d8"/>
      </object_component>
      <object_component id="oc-86">
         <name>.debug_info</name>
         <load_address>0xaef8</load_address>
         <run_address>0xaef8</run_address>
         <size>0x29e</size>
         <input_file_ref idref="fl-d9"/>
      </object_component>
      <object_component id="oc-17">
         <name>.debug_info</name>
         <load_address>0xb196</load_address>
         <run_address>0xb196</run_address>
         <size>0x250</size>
         <input_file_ref idref="fl-d9"/>
      </object_component>
      <object_component id="oc-34">
         <name>.debug_info</name>
         <load_address>0xb3e6</load_address>
         <run_address>0xb3e6</run_address>
         <size>0x60</size>
         <input_file_ref idref="fl-d9"/>
      </object_component>
      <object_component id="oc-c6">
         <name>.debug_info</name>
         <load_address>0xb446</load_address>
         <run_address>0xb446</run_address>
         <size>0x46</size>
         <input_file_ref idref="fl-d9"/>
      </object_component>
      <object_component id="oc-81">
         <name>.debug_info</name>
         <load_address>0xb48c</load_address>
         <run_address>0xb48c</run_address>
         <size>0x39</size>
         <input_file_ref idref="fl-d9"/>
      </object_component>
      <object_component id="oc-70">
         <name>.debug_info</name>
         <load_address>0xb4c5</load_address>
         <run_address>0xb4c5</run_address>
         <size>0x3b2</size>
         <input_file_ref idref="fl-da"/>
      </object_component>
      <object_component id="oc-25">
         <name>.debug_info</name>
         <load_address>0xb877</load_address>
         <run_address>0xb877</run_address>
         <size>0x10c</size>
         <input_file_ref idref="fl-da"/>
      </object_component>
      <object_component id="oc-2d4">
         <name>.debug_info</name>
         <load_address>0xb983</load_address>
         <run_address>0xb983</run_address>
         <size>0x13f</size>
         <input_file_ref idref="fl-da"/>
      </object_component>
      <object_component id="oc-234">
         <name>.debug_info</name>
         <load_address>0xbac2</load_address>
         <run_address>0xbac2</run_address>
         <size>0x168</size>
         <input_file_ref idref="fl-da"/>
      </object_component>
      <object_component id="oc-23a">
         <name>.debug_info</name>
         <load_address>0xbc2a</load_address>
         <run_address>0xbc2a</run_address>
         <size>0x18e</size>
         <input_file_ref idref="fl-da"/>
      </object_component>
      <object_component id="oc-241">
         <name>.debug_info</name>
         <load_address>0xbdb8</load_address>
         <run_address>0xbdb8</run_address>
         <size>0x19f</size>
         <input_file_ref idref="fl-da"/>
      </object_component>
      <object_component id="oc-186">
         <name>.debug_info</name>
         <load_address>0xbf57</load_address>
         <run_address>0xbf57</run_address>
         <size>0x203</size>
         <input_file_ref idref="fl-da"/>
      </object_component>
      <object_component id="oc-350">
         <name>.debug_info</name>
         <load_address>0xc15a</load_address>
         <run_address>0xc15a</run_address>
         <size>0x1db</size>
         <input_file_ref idref="fl-da"/>
      </object_component>
      <object_component id="oc-180">
         <name>.debug_info</name>
         <load_address>0xc335</load_address>
         <run_address>0xc335</run_address>
         <size>0x1a5</size>
         <input_file_ref idref="fl-da"/>
      </object_component>
      <object_component id="oc-2cd">
         <name>.debug_info</name>
         <load_address>0xc4da</load_address>
         <run_address>0xc4da</run_address>
         <size>0x299</size>
         <input_file_ref idref="fl-da"/>
      </object_component>
      <object_component id="oc-bb">
         <name>.debug_info</name>
         <load_address>0xc773</load_address>
         <run_address>0xc773</run_address>
         <size>0xb2</size>
         <input_file_ref idref="fl-da"/>
      </object_component>
      <object_component id="oc-b6">
         <name>.debug_info</name>
         <load_address>0xc825</load_address>
         <run_address>0xc825</run_address>
         <size>0x2c</size>
         <input_file_ref idref="fl-da"/>
      </object_component>
      <object_component id="oc-247">
         <name>.debug_info</name>
         <load_address>0xc851</load_address>
         <run_address>0xc851</run_address>
         <size>0x28a</size>
         <input_file_ref idref="fl-db"/>
      </object_component>
      <object_component id="oc-195">
         <name>.debug_info</name>
         <load_address>0xcadb</load_address>
         <run_address>0xcadb</run_address>
         <size>0x273</size>
         <input_file_ref idref="fl-db"/>
      </object_component>
      <object_component id="oc-287">
         <name>.debug_info</name>
         <load_address>0xcd4e</load_address>
         <run_address>0xcd4e</run_address>
         <size>0x2a4</size>
         <input_file_ref idref="fl-dc"/>
      </object_component>
      <object_component id="oc-1c8">
         <name>.debug_info</name>
         <load_address>0xcff2</load_address>
         <run_address>0xcff2</run_address>
         <size>0x24d</size>
         <input_file_ref idref="fl-dc"/>
      </object_component>
      <object_component id="oc-28">
         <name>.debug_info</name>
         <load_address>0xd23f</load_address>
         <run_address>0xd23f</run_address>
         <size>0x10b</size>
         <input_file_ref idref="fl-dd"/>
      </object_component>
      <object_component id="oc-5d">
         <name>.debug_info</name>
         <load_address>0xd34a</load_address>
         <run_address>0xd34a</run_address>
         <size>0x1a9</size>
         <input_file_ref idref="fl-dd"/>
      </object_component>
      <object_component id="oc-327">
         <name>.debug_info</name>
         <load_address>0xd4f3</load_address>
         <run_address>0xd4f3</run_address>
         <size>0x590</size>
         <input_file_ref idref="fl-de"/>
      </object_component>
      <object_component id="oc-2f7">
         <name>.debug_info</name>
         <load_address>0xda83</load_address>
         <run_address>0xda83</run_address>
         <size>0x21e</size>
         <input_file_ref idref="fl-de"/>
      </object_component>
      <object_component id="oc-36e">
         <name>.debug_info</name>
         <load_address>0xdca1</load_address>
         <run_address>0xdca1</run_address>
         <size>0x1b3</size>
         <input_file_ref idref="fl-de"/>
      </object_component>
      <object_component id="oc-374">
         <name>.debug_info</name>
         <load_address>0xde54</load_address>
         <run_address>0xde54</run_address>
         <size>0x21b</size>
         <input_file_ref idref="fl-de"/>
      </object_component>
      <object_component id="oc-2fd">
         <name>.debug_info</name>
         <load_address>0xe06f</load_address>
         <run_address>0xe06f</run_address>
         <size>0x3c0</size>
         <input_file_ref idref="fl-de"/>
      </object_component>
      <object_component id="oc-37c">
         <name>.debug_info</name>
         <load_address>0xe42f</load_address>
         <run_address>0xe42f</run_address>
         <size>0x30a</size>
         <input_file_ref idref="fl-de"/>
      </object_component>
      <object_component id="oc-382">
         <name>.debug_info</name>
         <load_address>0xe739</load_address>
         <run_address>0xe739</run_address>
         <size>0x215</size>
         <input_file_ref idref="fl-de"/>
      </object_component>
      <object_component id="oc-304">
         <name>.debug_info</name>
         <load_address>0xe94e</load_address>
         <run_address>0xe94e</run_address>
         <size>0x215</size>
         <input_file_ref idref="fl-de"/>
      </object_component>
      <object_component id="oc-30a">
         <name>.debug_info</name>
         <load_address>0xeb63</load_address>
         <run_address>0xeb63</run_address>
         <size>0x304</size>
         <input_file_ref idref="fl-de"/>
      </object_component>
      <object_component id="oc-310">
         <name>.debug_info</name>
         <load_address>0xee67</load_address>
         <run_address>0xee67</run_address>
         <size>0x4b5</size>
         <input_file_ref idref="fl-de"/>
      </object_component>
      <object_component id="oc-26a">
         <name>.debug_info</name>
         <load_address>0xf31c</load_address>
         <run_address>0xf31c</run_address>
         <size>0x5f4</size>
         <input_file_ref idref="fl-de"/>
      </object_component>
      <object_component id="oc-328">
         <name>.debug_info</name>
         <load_address>0xf910</load_address>
         <run_address>0xf910</run_address>
         <size>0x86</size>
         <input_file_ref idref="fl-de"/>
      </object_component>
      <object_component id="oc-3ab">
         <name>.debug_info</name>
         <load_address>0xf996</load_address>
         <run_address>0xf996</run_address>
         <size>0x39</size>
         <input_file_ref idref="fl-de"/>
      </object_component>
      <object_component id="oc-3e7">
         <name>.debug_info</name>
         <load_address>0xf9cf</load_address>
         <run_address>0xf9cf</run_address>
         <size>0xb6</size>
         <input_file_ref idref="fl-de"/>
      </object_component>
      <object_component id="oc-3b0">
         <name>.debug_info</name>
         <load_address>0xfa85</load_address>
         <run_address>0xfa85</run_address>
         <size>0x46</size>
         <input_file_ref idref="fl-de"/>
      </object_component>
      <object_component id="oc-32d">
         <name>.debug_info</name>
         <load_address>0xfacb</load_address>
         <run_address>0xfacb</run_address>
         <size>0x46</size>
         <input_file_ref idref="fl-de"/>
      </object_component>
      <object_component id="oc-99">
         <name>.debug_info</name>
         <load_address>0xfb11</load_address>
         <run_address>0xfb11</run_address>
         <size>0x147</size>
         <input_file_ref idref="fl-df"/>
      </object_component>
      <object_component id="oc-362">
         <name>.debug_info</name>
         <load_address>0xfc58</load_address>
         <run_address>0xfc58</run_address>
         <size>0x134</size>
         <input_file_ref idref="fl-e0"/>
      </object_component>
      <object_component id="oc-21d">
         <name>.debug_info</name>
         <load_address>0xfd8c</load_address>
         <run_address>0xfd8c</run_address>
         <size>0x4b3</size>
         <input_file_ref idref="fl-e1"/>
      </object_component>
      <object_component id="oc-148">
         <name>.debug_info</name>
         <load_address>0x1023f</load_address>
         <run_address>0x1023f</run_address>
         <size>0x1a6</size>
         <input_file_ref idref="fl-e1"/>
      </object_component>
      <object_component id="oc-2bb">
         <name>.debug_info</name>
         <load_address>0x103e5</load_address>
         <run_address>0x103e5</run_address>
         <size>0x39</size>
         <input_file_ref idref="fl-e1"/>
      </object_component>
      <object_component id="oc-343">
         <name>.debug_info</name>
         <load_address>0x1041e</load_address>
         <run_address>0x1041e</run_address>
         <size>0x39</size>
         <input_file_ref idref="fl-e1"/>
      </object_component>
      <object_component id="oc-2c0">
         <name>.debug_info</name>
         <load_address>0x10457</load_address>
         <run_address>0x10457</run_address>
         <size>0x39</size>
         <input_file_ref idref="fl-e1"/>
      </object_component>
      <object_component id="oc-2c5">
         <name>.debug_info</name>
         <load_address>0x10490</load_address>
         <run_address>0x10490</run_address>
         <size>0xcd</size>
         <input_file_ref idref="fl-e1"/>
      </object_component>
      <object_component id="oc-9d">
         <name>.debug_info</name>
         <load_address>0x1055d</load_address>
         <run_address>0x1055d</run_address>
         <size>0x153</size>
         <input_file_ref idref="fl-e2"/>
      </object_component>
      <object_component id="oc-13b">
         <name>.debug_info</name>
         <load_address>0x106b0</load_address>
         <run_address>0x106b0</run_address>
         <size>0x122</size>
         <input_file_ref idref="fl-e4"/>
      </object_component>
      <object_component id="oc-2b5">
         <name>.debug_info</name>
         <load_address>0x107d2</load_address>
         <run_address>0x107d2</run_address>
         <size>0x2c9</size>
         <input_file_ref idref="fl-e5"/>
      </object_component>
      <object_component id="oc-217">
         <name>.debug_info</name>
         <load_address>0x10a9b</load_address>
         <run_address>0x10a9b</run_address>
         <size>0x11e</size>
         <input_file_ref idref="fl-e5"/>
      </object_component>
      <object_component id="oc-2b0">
         <name>.debug_info</name>
         <load_address>0x10bb9</load_address>
         <run_address>0x10bb9</run_address>
         <size>0x12e</size>
         <input_file_ref idref="fl-e5"/>
      </object_component>
      <object_component id="oc-3c4">
         <name>.debug_info</name>
         <load_address>0x10ce7</load_address>
         <run_address>0x10ce7</run_address>
         <size>0x29c</size>
         <input_file_ref idref="fl-e6"/>
      </object_component>
      <object_component id="oc-36b">
         <name>.debug_info</name>
         <load_address>0x10f83</load_address>
         <run_address>0x10f83</run_address>
         <size>0x1da</size>
         <input_file_ref idref="fl-e6"/>
      </object_component>
      <object_component id="oc-360">
         <name>.debug_info</name>
         <load_address>0x1115d</load_address>
         <run_address>0x1115d</run_address>
         <size>0x2b9</size>
         <input_file_ref idref="fl-e8"/>
      </object_component>
      <object_component id="oc-2f1">
         <name>.debug_info</name>
         <load_address>0x11416</load_address>
         <run_address>0x11416</run_address>
         <size>0x17c</size>
         <input_file_ref idref="fl-e8"/>
      </object_component>
      <object_component id="oc-3ba">
         <name>.debug_info</name>
         <load_address>0x11592</load_address>
         <run_address>0x11592</run_address>
         <size>0xf9</size>
         <input_file_ref idref="fl-e9"/>
      </object_component>
      <object_component id="oc-35d">
         <name>.debug_info</name>
         <load_address>0x1168b</load_address>
         <run_address>0x1168b</run_address>
         <size>0x105</size>
         <input_file_ref idref="fl-e9"/>
      </object_component>
      <object_component id="oc-39c">
         <name>.debug_info</name>
         <load_address>0x11790</load_address>
         <run_address>0x11790</run_address>
         <size>0x2a7</size>
         <input_file_ref idref="fl-ea"/>
      </object_component>
      <object_component id="oc-318">
         <name>.debug_info</name>
         <load_address>0x11a37</load_address>
         <run_address>0x11a37</run_address>
         <size>0x1b8</size>
         <input_file_ref idref="fl-ea"/>
      </object_component>
      <object_component id="oc-3d9">
         <name>.debug_info</name>
         <load_address>0x11bef</load_address>
         <run_address>0x11bef</run_address>
         <size>0x29a</size>
         <input_file_ref idref="fl-eb"/>
      </object_component>
      <object_component id="oc-396">
         <name>.debug_info</name>
         <load_address>0x11e89</load_address>
         <run_address>0x11e89</run_address>
         <size>0x262</size>
         <input_file_ref idref="fl-eb"/>
      </object_component>
      <object_component id="oc-35b">
         <name>.debug_info</name>
         <load_address>0x120eb</load_address>
         <run_address>0x120eb</run_address>
         <size>0x28f</size>
         <input_file_ref idref="fl-ec"/>
      </object_component>
      <object_component id="oc-2ec">
         <name>.debug_info</name>
         <load_address>0x1237a</load_address>
         <run_address>0x1237a</run_address>
         <size>0x245</size>
         <input_file_ref idref="fl-ec"/>
      </object_component>
      <object_component id="oc-3a8">
         <name>.debug_info</name>
         <load_address>0x125bf</load_address>
         <run_address>0x125bf</run_address>
         <size>0x289</size>
         <input_file_ref idref="fl-ed"/>
      </object_component>
      <object_component id="oc-3a5">
         <name>.debug_info</name>
         <load_address>0x12848</load_address>
         <run_address>0x12848</run_address>
         <size>0x10e</size>
         <input_file_ref idref="fl-ed"/>
      </object_component>
      <object_component id="oc-324">
         <name>.debug_info</name>
         <load_address>0x12956</load_address>
         <run_address>0x12956</run_address>
         <size>0x14e</size>
         <input_file_ref idref="fl-ed"/>
      </object_component>
      <object_component id="oc-3a3">
         <name>.debug_info</name>
         <load_address>0x12aa4</load_address>
         <run_address>0x12aa4</run_address>
         <size>0x28f</size>
         <input_file_ref idref="fl-ee"/>
      </object_component>
      <object_component id="oc-31b">
         <name>.debug_info</name>
         <load_address>0x12d33</load_address>
         <run_address>0x12d33</run_address>
         <size>0x15a</size>
         <input_file_ref idref="fl-ee"/>
      </object_component>
      <object_component id="oc-3dc">
         <name>.debug_info</name>
         <load_address>0x12e8d</load_address>
         <run_address>0x12e8d</run_address>
         <size>0x46</size>
         <input_file_ref idref="fl-ee"/>
      </object_component>
      <object_component id="oc-39e">
         <name>.debug_info</name>
         <load_address>0x12ed3</load_address>
         <run_address>0x12ed3</run_address>
         <size>0x39</size>
         <input_file_ref idref="fl-ee"/>
      </object_component>
      <object_component id="oc-3ca">
         <name>.debug_info</name>
         <load_address>0x12f0c</load_address>
         <run_address>0x12f0c</run_address>
         <size>0x295</size>
         <input_file_ref idref="fl-ef"/>
      </object_component>
      <object_component id="oc-389">
         <name>.debug_info</name>
         <load_address>0x131a1</load_address>
         <run_address>0x131a1</run_address>
         <size>0x195</size>
         <input_file_ref idref="fl-ef"/>
      </object_component>
      <object_component id="oc-3f3">
         <name>.debug_info</name>
         <load_address>0x13336</load_address>
         <run_address>0x13336</run_address>
         <size>0x39</size>
         <input_file_ref idref="fl-ef"/>
      </object_component>
      <object_component id="oc-3cb">
         <name>.debug_info</name>
         <load_address>0x1336f</load_address>
         <run_address>0x1336f</run_address>
         <size>0x2c</size>
         <input_file_ref idref="fl-ef"/>
      </object_component>
      <object_component id="oc-3d7">
         <name>.debug_info</name>
         <load_address>0x1339b</load_address>
         <run_address>0x1339b</run_address>
         <size>0x2f8</size>
         <input_file_ref idref="fl-f0"/>
      </object_component>
      <object_component id="oc-38f">
         <name>.debug_info</name>
         <load_address>0x13693</load_address>
         <run_address>0x13693</run_address>
         <size>0x225</size>
         <input_file_ref idref="fl-f0"/>
      </object_component>
      <object_component id="oc-3c0">
         <name>.debug_info</name>
         <load_address>0x138b8</load_address>
         <run_address>0x138b8</run_address>
         <size>0x115</size>
         <input_file_ref idref="fl-f1"/>
      </object_component>
      <object_component id="oc-3d2">
         <name>.debug_info</name>
         <load_address>0x139cd</load_address>
         <run_address>0x139cd</run_address>
         <size>0x161</size>
         <input_file_ref idref="fl-f2"/>
      </object_component>
      <object_component id="oc-251">
         <name>.debug_info</name>
         <load_address>0x13b2e</load_address>
         <run_address>0x13b2e</run_address>
         <size>0x3b7</size>
         <input_file_ref idref="fl-f3"/>
      </object_component>
      <object_component id="oc-249">
         <name>.debug_info</name>
         <load_address>0x13ee5</load_address>
         <run_address>0x13ee5</run_address>
         <size>0x160</size>
         <input_file_ref idref="fl-f3"/>
      </object_component>
      <object_component id="oc-199">
         <name>.debug_info</name>
         <load_address>0x14045</load_address>
         <run_address>0x14045</run_address>
         <size>0x2ca</size>
         <input_file_ref idref="fl-f3"/>
      </object_component>
      <object_component id="oc-19f">
         <name>.debug_info</name>
         <load_address>0x1430f</load_address>
         <run_address>0x1430f</run_address>
         <size>0x247</size>
         <input_file_ref idref="fl-f3"/>
      </object_component>
      <object_component id="oc-2e3">
         <name>.debug_info</name>
         <load_address>0x14556</load_address>
         <run_address>0x14556</run_address>
         <size>0x26b</size>
         <input_file_ref idref="fl-f3"/>
      </object_component>
      <object_component id="oc-2dc">
         <name>.debug_info</name>
         <load_address>0x147c1</load_address>
         <run_address>0x147c1</run_address>
         <size>0x297</size>
         <input_file_ref idref="fl-f3"/>
      </object_component>
      <object_component id="oc-24c">
         <name>.debug_info</name>
         <load_address>0x14a58</load_address>
         <run_address>0x14a58</run_address>
         <size>0xbb</size>
         <input_file_ref idref="fl-f3"/>
      </object_component>
      <object_component id="oc-253">
         <name>.debug_info</name>
         <load_address>0x14b13</load_address>
         <run_address>0x14b13</run_address>
         <size>0x21b</size>
[...]
         <value>0x207f</value>
         <object_component_ref idref="oc-12d"/>
      </symbol>
      <symbol id="sm-158">
         <name>turn_left</name>
         <value>0x2019</value>
         <object_component_ref idref="oc-12d"/>
      </symbol>
      <symbol id="sm-226">
         <name>go_charge</name>
         <value>0x97f</value>
         <object_component_ref idref="oc-d6"/>
      </symbol>
      <symbol id="sm-227">
         <name>GPIOF_Handler</name>
         <value>0xbc3</value>
         <object_component_ref idref="oc-d6"/>
      </symbol>
      <symbol id="sm-228">
         <name>oi_free</name>
         <value>0x279</value>
         <object_component_ref idref="oc-d6"/>
      </symbol>
      <symbol id="sm-229">
         <name>oi_getMotorCalibrationRight</name>
         <value>0xe01</value>
         <object_component_ref idref="oc-d6"/>
      </symbol>
      <symbol id="sm-22a">
         <name>oi_uartReceive</name>
         <value>0xa31</value>
         <object_component_ref idref="oc-d6"/>
      </symbol>
      <symbol id="sm-22b">
         <name>oi_setWheels</name>
         <value>0x88f</value>
         <object_component_ref idref="oc-d6"/>
      </symbol>
      <symbol id="sm-22c">
         <name>oi_shutoff_init</name>
         <value>0xb51</value>
         <object_component_ref idref="oc-d6"/>
      </symbol>
      <symbol id="sm-22d">
         <name>motor_cal_factor_L</name>
         <value>0x20002a6c</value>
         <object_component_ref idref="oc-1a3"/>
      </symbol>
      <symbol id="sm-22e">
         <name>motor_cal_factor_R</name>
         <value>0x20002a70</value>
         <object_component_ref idref="oc-1a3"/>
      </symbol>
      <symbol id="sm-22f">
         <name>oi_parseInt</name>
         <value>0x464f</value>
         <object_component_ref idref="oc-18a"/>
      </symbol>
      <symbol id="sm-230">
         <name>oi_setMotorCalibration</name>
         <value>0xdb1</value>
         <object_component_ref idref="oc-d6"/>
      </symbol>
      <symbol id="sm-231">
         <name>oi_uartSendStr</name>
         <value>0xa59</value>
         <object_component_ref idref="oc-d6"/>
      </symbol>
      <symbol id="sm-232">
         <name>oi_close</name>
         <value>0x2c7</value>
         <object_component_ref idref="oc-d6"/>
      </symbol>
      <symbol id="sm-233">
         <name>oi_uartSendBuff</name>
         <value>0xa77</value>
         <object_component_ref idref="oc-d6"/>
      </symbol>
      <symbol id="sm-234">
         <name>oi_checkFirmware</name>
         <value>0xaa9</value>
         <object_component_ref idref="oc-d6"/>
      </symbol>
      <symbol id="sm-235">
         <name>oi_init_noupdate</name>
         <value>0x289</value>
         <object_component_ref idref="oc-d6"/>
      </symbol>
      <symbol id="sm-236">
         <name>oi_uartSendChar</name>
         <value>0xa15</value>
         <object_component_ref idref="oc-d6"/>
      </symbol>
      <symbol id="sm-237">
         <name>oi_alloc</name>
         <value>0x26d</value>
         <object_component_ref idref="oc-d6"/>
      </symbol>
      <symbol id="sm-238">
         <name>oi_getMotorCalibrationLeft</name>
         <value>0xded</value>
         <object_component_ref idref="oc-d6"/>
      </symbol>
      <symbol id="sm-239">
         <name>oi_loadSong</name>
         <value>0x915</value>
         <object_component_ref idref="oc-d6"/>
      </symbol>
      <symbol id="sm-23a">
         <name>oi_play_song</name>
         <value>0x96b</value>
         <object_component_ref idref="oc-d6"/>
      </symbol>
      <symbol id="sm-23b">
         <name>oi_parsePacket</name>
         <value>0x32b</value>
         <object_component_ref idref="oc-d6"/>
      </symbol>
      <symbol id="sm-23c">
         <name>oi_setLeds</name>
         <value>0x84b</value>
         <object_component_ref idref="oc-d6"/>
      </symbol>
      <symbol id="sm-23d">
         <name>oi_init</name>
         <value>0x2b1</value>
         <object_component_ref idref="oc-d6"/>
      </symbol>
      <symbol id="sm-23e">
         <name>oi_update</name>
         <value>0x2d9</value>
         <object_component_ref idref="oc-d6"/>
      </symbol>
      <symbol id="sm-23f">
         <name>oi_uartInit</name>
         <value>0x98d</value>
         <object_component_ref idref="oc-d6"/>
      </symbol>
      <symbol id="sm-25b">
         <name>ResetISR</name>
         <value>0x4709</value>
         <object_component_ref idref="oc-2a"/>
      </symbol>
      <symbol id="sm-25c">
         <name>g_pfnVectors</name>
         <value>0x0</value>
         <object_component_ref idref="oc-12"/>
      </symbol>
      <symbol id="sm-284">
         <name>uart_sendChar</name>
         <value>0x3087</value>
         <object_component_ref idref="oc-ee"/>
      </symbol>
      <symbol id="sm-285">
         <name>uart_init</name>
         <value>0x2fc5</value>
         <object_component_ref idref="oc-ee"/>
      </symbol>
      <symbol id="sm-286">
         <name>uart_receive</name>
         <value>0x30a3</value>
         <object_component_ref idref="oc-ee"/>
      </symbol>
      <symbol id="sm-287">
         <name>uart_sendStr</name>
         <value>0x30c9</value>
         <object_component_ref idref="oc-ee"/>
      </symbol>
      <symbol id="sm-2c3">
         <name>cyBOT_SERVO_cal</name>
         <value>0x2681</value>
         <object_component_ref idref="oc-e8"/>
      </symbol>
      <symbol id="sm-2c4">
         <name>cyBOT_Scan</name>
         <value>0x260f</value>
         <object_component_ref idref="oc-e8"/>
      </symbol>
      <symbol id="sm-2c5">
         <name>cyBOT_scan_features</name>
         <value>0x20002a9c</value>
         <object_component_ref idref="oc-1e7"/>
      </symbol>
      <symbol id="sm-2c6">
         <name>cyBOT_scan_version</name>
         <value>0x25a9</value>
         <object_component_ref idref="oc-e8"/>
      </symbol>
      <symbol id="sm-2c7">
         <name>cyBOT_init_Scan</name>
         <value>0x25b7</value>
         <object_component_ref idref="oc-e8"/>
      </symbol>
      <symbol id="sm-2ee">
         <name>isr_int_value</name>
         <value>0x20002a54</value>
      </symbol>
      <symbol id="sm-2ef">
         <name>ir_enableInterrupt</name>
         <value>0x36c3</value>
         <object_component_ref idref="oc-1e1"/>
      </symbol>
      <symbol id="sm-2f0">
         <name>ir_getDistance</name>
         <value>0x36a5</value>
         <object_component_ref idref="oc-1e1"/>
      </symbol>
      <symbol id="sm-2f1">
         <name>ir_init</name>
         <value>0x3615</value>
         <object_component_ref idref="oc-1e1"/>
      </symbol>
      <symbol id="sm-2f2">
         <name>ADC0SS0_Handler</name>
         <value>0x36ad</value>
         <object_component_ref idref="oc-1e1"/>
      </symbol>
      <symbol id="sm-2f3">
         <name>ir_getValue</name>
         <value>0x367d</value>
         <object_component_ref idref="oc-1e1"/>
      </symbol>
      <symbol id="sm-322">
         <name>risingEdge</name>
         <value>0x20002a64</value>
      </symbol>
      <symbol id="sm-323">
         <name>fallingEdge</name>
         <value>0x20002a50</value>
      </symbol>
      <symbol id="sm-324">
         <name>pulseLength</name>
         <value>0x20002a5c</value>
      </symbol>
      <symbol id="sm-325">
         <name>isRisingEdge</name>
         <value>0x20002a68</value>
      </symbol>
      <symbol id="sm-326">
         <name>TIMER3B_Handler</name>
         <value>0x2b41</value>
         <object_component_ref idref="oc-1db"/>
      </symbol>
      <symbol id="sm-327">
         <name>ping_init</name>
         <value>0x2a51</value>
         <object_component_ref idref="oc-1db"/>
      </symbol>
      <symbol id="sm-328">
         <name>ping_getDistance</name>
         <value>0x2b93</value>
         <object_component_ref idref="oc-1db"/>
      </symbol>
      <symbol id="sm-329">
         <name>ping_trigger</name>
         <value>0x2ad7</value>
         <object_component_ref idref="oc-1db"/>
      </symbol>
      <symbol id="sm-34b">
         <name>servo_move</name>
         <value>0x31b5</value>
         <object_component_ref idref="oc-1d5"/>
      </symbol>
      <symbol id="sm-34c">
         <name>servo_init</name>
         <value>0x3125</value>
         <object_component_ref idref="oc-1d5"/>
      </symbol>
      <symbol id="sm-34d">
         <name>servo_stop</name>
         <value>0x31a9</value>
         <object_component_ref idref="oc-1d5"/>
      </symbol>
      <symbol id="sm-34e">
         <name>servo_setPWM</name>
         <value>0x3215</value>
         <object_component_ref idref="oc-1d5"/>
      </symbol>
      <symbol id="sm-375">
         <name>sprintf</name>
         <value>0x4371</value>
         <object_component_ref idref="oc-1f9"/>
      </symbol>
      <symbol id="sm-39f">
         <name>vsnprintf</name>
         <value>0x43b1</value>
         <object_component_ref idref="oc-1bf"/>
      </symbol>
      <symbol id="sm-3b6">
         <name>__aeabi_dsub</name>
         <value>0x2e0d</value>
         <object_component_ref idref="oc-10a"/>
      </symbol>
      <symbol id="sm-3b7">
         <name>__aeabi_dadd</name>
         <value>0x2e17</value>
         <object_component_ref idref="oc-10a"/>
      </symbol>
      <symbol id="sm-3d9">
         <name>__aeabi_cdcmpeq</name>
         <value>0x3dfd</value>
         <object_component_ref idref="oc-f9"/>
      </symbol>
      <symbol id="sm-3da">
         <name>__aeabi_cdcmple</name>
         <value>0x3dfd</value>
         <object_component_ref idref="oc-f9"/>
      </symbol>
      <symbol id="sm-3db">
         <name>__aeabi_cdrcmple</name>
         <value>0x3e83</value>
         <object_component_ref idref="oc-10f"/>
      </symbol>
      <symbol id="sm-3ef">
         <name>__aeabi_ddiv</name>
         <value>0x33b9</value>
         <object_component_ref idref="oc-114"/>
      </symbol>
      <symbol id="sm-3fa">
         <name>__aeabi_dmul</name>
         <value>0x3a39</value>
         <object_component_ref idref="oc-123"/>
      </symbol>
      <symbol id="sm-404">
         <name>__aeabi_d2iz</name>
         <value>0x42e5</value>
         <object_component_ref idref="oc-119"/>
      </symbol>
      <symbol id="sm-410">
         <name>__aeabi_d2f</name>
         <value>0x4063</value>
         <object_component_ref idref="oc-128"/>
      </symbol>
      <symbol id="sm-41b">
         <name>__aeabi_f2d</name>
         <value>0x4469</value>
         <object_component_ref idref="oc-11e"/>
      </symbol>
      <symbol id="sm-425">
         <name>__aeabi_i2d</name>
         <value>0x4539</value>
         <object_component_ref idref="oc-f4"/>
      </symbol>
      <symbol id="sm-440">
         <name>memcpy</name>
         <value>0x3ccb</value>
         <object_component_ref idref="oc-3e"/>
      </symbol>
      <symbol id="sm-441">
         <name>__aeabi_memcpy</name>
         <value>0x3ccb</value>
         <object_component_ref idref="oc-3e"/>
      </symbol>
      <symbol id="sm-442">
         <name>__aeabi_memcpy8</name>
         <value>0x3ccb</value>
         <object_component_ref idref="oc-3e"/>
      </symbol>
      <symbol id="sm-443">
         <name>__aeabi_memcpy4</name>
         <value>0x3ccb</value>
         <object_component_ref idref="oc-3e"/>
      </symbol>
      <symbol id="sm-44d">
         <name>__aeabi_ui2d</name>
         <value>0x4591</value>
         <object_component_ref idref="oc-1f0"/>
      </symbol>
      <symbol id="sm-461">
         <name>__TI_zero_init_nomemset</name>
         <value>0x45b1</value>
         <object_component_ref idref="oc-4a"/>
      </symbol>
      <symbol id="sm-478">
         <name>__TI_decompress_none</name>
         <value>0x46ef</value>
         <object_component_ref idref="oc-1b"/>
      </symbol>
      <symbol id="sm-49b">
         <name>__TI_decompress_lzss</name>
         <value>0x40d1</value>
         <object_component_ref idref="oc-15"/>
      </symbol>
      <symbol id="sm-530">
         <name>_sys_memory</name>
         <value>0x200019e0</value>
         <object_component_ref idref="oc-24"/>
      </symbol>
      <symbol id="sm-531">
         <name>free</name>
         <value>0x3b35</value>
         <object_component_ref idref="oc-184"/>
      </symbol>
      <symbol id="sm-532">
         <name>memalign</name>
         <value>0x383d</value>
         <object_component_ref idref="oc-2cc"/>
      </symbol>
      <symbol id="sm-533">
         <name>calloc</name>
         <value>0x4431</value>
         <object_component_ref idref="oc-17e"/>
      </symbol>
      <symbol id="sm-534">
         <name>malloc</name>
         <value>0x4729</value>
         <object_component_ref idref="oc-232"/>
      </symbol>
      <symbol id="sm-535">
         <name>aligned_alloc</name>
         <value>0x383d</value>
         <object_component_ref idref="oc-2cc"/>
      </symbol>
      <symbol id="sm-544">
         <name>strcmp</name>
         <value>0x4667</value>
         <object_component_ref idref="oc-191"/>
      </symbol>
      <symbol id="sm-552">
         <name>strcpy</name>
         <value>0x4695</value>
         <object_component_ref idref="oc-1c5"/>
      </symbol>
      <symbol id="sm-565">
         <name>__stack</name>
         <value>0x20000270</value>
         <object_component_ref idref="oc-27"/>
      </symbol>
      <symbol id="sm-566">
         <name>_c_int00_noargs</name>
         <value>0x44d5</value>
         <object_component_ref idref="oc-5c"/>
      </symbol>
      <symbol id="sm-6cb">
         <name>__TI_printfi</name>
         <value>0xe8d</value>
         <object_component_ref idref="oc-268"/>
      </symbol>
      <symbol id="sm-6da">
         <name>__aeabi_memset</name>
         <value>0x3f0b</value>
         <object_component_ref idref="oc-96"/>
      </symbol>
      <symbol id="sm-6db">
         <name>memset</name>
         <value>0x3f11</value>
         <object_component_ref idref="oc-96"/>
      </symbol>
      <symbol id="sm-6dc">
         <name>__aeabi_memset8</name>
         <value>0x3f0b</value>
         <object_component_ref idref="oc-96"/>
      </symbol>
      <symbol id="sm-6dd">
         <name>__aeabi_memset4</name>
         <value>0x3f0b</value>
         <object_component_ref idref="oc-96"/>
      </symbol>
      <symbol id="sm-6de">
         <name>__aeabi_memclr8</name>
         <value>0x3f09</value>
         <object_component_ref idref="oc-96"/>
      </symbol>
      <symbol id="sm-6df">
         <name>__aeabi_memclr4</name>
         <value>0x3f09</value>
         <object_component_ref idref="oc-96"/>
      </symbol>
      <symbol id="sm-6e0">
         <name>__aeabi_memclr</name>
         <value>0x3f09</value>
         <object_component_ref idref="oc-96"/>
      </symbol>
      <symbol id="sm-6ed">
         <name>__aeabi_uldivmod</name>
         <value>0x3d67</value>
         <object_component_ref idref="oc-361"/>
      </symbol>
      <symbol id="sm-715">
         <name>__TI_auto_init_nobinit_nopinit</name>
         <value>0x432d</value>
         <object_component_ref idref="oc-145"/>
      </symbol>
      <symbol id="sm-71f">
         <name>_system_pre_init</name>
         <value>0x4731</value>
         <object_component_ref idref="oc-9c"/>
      </symbol>
      <symbol id="sm-72b">
         <name>C$$EXIT</name>
         <value>0x4735</value>
         <object_component_ref idref="oc-139"/>
      </symbol>
      <symbol id="sm-72c">
         <name>abort</name>
         <value>0x4735</value>
         <object_component_ref idref="oc-139"/>
      </symbol>
      <symbol id="sm-741">
         <name>_nop</name>
         <value>0x18db</value>
         <object_component_ref idref="oc-2ad"/>
      </symbol>
      <symbol id="sm-742">
         <name>_lock</name>
         <value>0x20002a8c</value>
         <object_component_ref idref="oc-216"/>
      </symbol>
      <symbol id="sm-743">
         <name>_unlock</name>
         <value>0x20002a90</value>
         <object_component_ref idref="oc-216"/>
      </symbol>
      <symbol id="sm-752">
         <name>__TI_ltoa</name>
         <value>0x41f3</value>
         <object_component_ref idref="oc-367"/>
      </symbol>
      <symbol id="sm-769">
         <name>atoi</name>
         <value>0x4299</value>
         <object_component_ref idref="oc-2f0"/>
      </symbol>
      <symbol id="sm-774">
         <name>_ctypes_</name>
         <value>0x4738</value>
         <object_component_ref idref="oc-35c"/>
      </symbol>
      <symbol id="sm-784">
         <name>memccpy</name>
         <value>0x45e9</value>
         <object_component_ref idref="oc-314"/>
      </symbol>
      <symbol id="sm-794">
         <name>strchr</name>
         <value>0x467f</value>
         <object_component_ref idref="oc-394"/>
      </symbol>
      <symbol id="sm-7a2">
         <name>strlen</name>
         <value>0x46a9</value>
         <object_component_ref idref="oc-2ea"/>
      </symbol>
      <symbol id="sm-7b8">
         <name>__aeabi_errno_addr</name>
         <value>0x4721</value>
         <object_component_ref idref="oc-320"/>
      </symbol>
      <symbol id="sm-7b9">
         <name>errno</name>
         <value>0x20002aa0</value>
         <object_component_ref idref="oc-3a4"/>
      </symbol>
      <symbol id="sm-7d2">
         <name>wcslen</name>
         <value>0x46bd</value>
         <object_component_ref idref="oc-31a"/>
      </symbol>
      <symbol id="sm-7f2">
         <name>frexpl</name>
         <value>0x4139</value>
         <object_component_ref idref="oc-388"/>
      </symbol>
      <symbol id="sm-7f3">
         <name>frexp</name>
         <value>0x4139</value>
         <object_component_ref idref="oc-388"/>
      </symbol>
      <symbol id="sm-810">
         <name>scalbn</name>
         <value>0x372d</value>
         <object_component_ref idref="oc-38e"/>
      </symbol>
      <symbol id="sm-811">
         <name>scalbnl</name>
         <value>0x372d</value>
         <object_component_ref idref="oc-38e"/>
      </symbol>
      <symbol id="sm-812">
         <name>ldexpl</name>
         <value>0x372d</value>
         <object_component_ref idref="oc-38e"/>
      </symbol>
      <symbol id="sm-813">
         <name>ldexp</name>
         <value>0x372d</value>
         <object_component_ref idref="oc-38e"/>
      </symbol>
      <symbol id="sm-81d">
         <name>__aeabi_idiv0</name>
         <value>0x2fc3</value>
         <object_component_ref idref="oc-3bd"/>
      </symbol>
      <symbol id="sm-81e">
         <name>__aeabi_ldiv0</name>
         <value>0x2fc3</value>
         <object_component_ref idref="oc-3bd"/>
      </symbol>
      <symbol id="sm-828">
         <name>copysign</name>
         <value>0x4605</value>
         <object_component_ref idref="oc-3d0"/>
      </symbol>
      <symbol id="sm-829">
         <name>copysignl</name>
         <value>0x4605</value>
         <object_component_ref idref="oc-3d0"/>
      </symbol>
      <symbol id="sm-858">
         <name>IntRegister</name>
         <value>0x44a1</value>
         <object_component_ref idref="oc-197"/>
      </symbol>
      <symbol id="sm-859">
         <name>g_pfnRAMVectors</name>
         <value>0x20000000</value>
         <object_component_ref idref="oc-248"/>
      </symbol>
      <symbol id="sm-85a">
         <name>IntMasterEnable</name>
         <value>0x46cf</value>
         <object_component_ref idref="oc-19d"/>
      </symbol>
      <symbol id="sm-864">
         <name>CPUcpsie</name>
         <value>0x46fd</value>
         <object_component_ref idref="oc-252"/>
      </symbol>
      <symbol id="sm-865">
         <name>__TI_static_base__</name>
         <value>0x0</value>
      </symbol>
      <symbol id="sm-868">
         <name>__mpu_init</name>
         <value>0x0</value>
      </symbol>
      <symbol id="sm-869">
         <name>_system_post_cinit</name>
         <value>0x0</value>
      </symbol>
   </symbol_table>
   <title>Link successful</title>
</link_info>
