******************************************************************************
                  TI ARM Linker PC v20.2.7                     
******************************************************************************
>> Linked Fri Feb 20 13:49:28 2026

OUTPUT FILE NAME:   <Lab 3.out>
ENTRY POINT SYMBOL: "_c_int00_noargs"  address: 00003fed


MEMORY CONFIGURATION

         name            origin    length      used     unused   attr    fill
----------------------  --------  ---------  --------  --------  ----  --------
  FLASH                 00000000   00040000  00004398  0003bc68  R  X
  SRAM                  20000000   00008000  00002ad6  0000552a  RW X


SEGMENT ALLOCATION MAP

run origin  load origin   length   init length attrs members
----------  ----------- ---------- ----------- ----- -------
00000000    00000000    00004398   00004398    r-x
  00000000    00000000    0000026c   0000026c    r-- .intvecs
  0000026c    0000026c    00003fc4   00003fc4    r-x .text
  00004230    00004230    00000118   00000118    r-- .const
  00004348    00004348    00000050   00000050    r-- .cinit
20000000    20000000    00002add   00000000    rw-
  20000000    20000000    0000026c   00000000    rw- .vtable
  20000270    20000270    00001770   00000000    rw- .stack
  200019e0    200019e0    00001000   00000000    rw- .sysmem
  200029e0    200029e0    000000bd   00000000    rw- .bss
  20002aa0    20002aa0    0000003d   00000000    rw- .data


SECTION ALLOCATION MAP

 output                                  attributes/
section   page    origin      length       input sections
--------  ----  ----------  ----------   ----------------
.intvecs   0    00000000    0000026c     
                  00000000    0000026c     tm4c123gh6pm_startup_ccs.obj (.intvecs)

.text      0    0000026c    00003fc4     
                  0000026c    00000c20     open_interface.obj (.text)
                  00000e8c    00000a4e     rtsv7M4_T_le_v4SPD16_eabi.lib : _printfi.c.obj (.text:__TI_printfi)
                  000018da    00000002                                   : _lock.c.obj (.text:_nop)
                  000018dc    00000328     lcd.obj (.text)
                  00001c04    00000274     main.obj (.text)
                  00001e78    00000270     rtsv7M4_T_le_v4SPD16_eabi.lib : _printfi.c.obj (.text:_pconv_a)
                  000020e8    00000260     libcybotScan.lib : cyBot_Scan.obj (.text)
                  00002348    00000248     Timer.obj (.text)
                  00002590    000001ec     libcybotScan.lib : ping.obj (.text)
                  0000277c    000001d0     rtsv7M4_T_le_v4SPD16_eabi.lib : _printfi.c.obj (.text:_pconv_g)
                  0000294c    000001b6                                   : fd_add_t2.asm.obj (.text)
                  00002b02    00000002                                   : div0.asm.obj (.text)
                  00002b04    0000015c     libcybotUART.lib : uart.obj (.text)
                  00002c60    00000158     libcybotScan.lib : servo.obj (.text)
                  00002db8    0000013c     rtsv7M4_T_le_v4SPD16_eabi.lib : _printfi.c.obj (.text:_pconv_e)
                  00002ef4    00000136                                   : fd_div_t2.asm.obj (.text)
                  0000302a    00000002     --HOLE-- [fill = 0]
                  0000302c    00000124                                   : _printfi.c.obj (.text:fcvt)
                  00003150    00000118     libcybotScan.lib : ir.obj (.text)
                  00003268    00000110     rtsv7M4_T_le_v4SPD16_eabi.lib : s_scalbn.c.obj (.text:scalbn)
                  00003378    00000100                                   : memory.c.obj (.text:aligned_alloc)
                  00003478    000000fc                                   : fd_mul_t2.asm.obj (.text)
                  00003574    000000e4                                   : memory.c.obj (.text:free)
                  00003658    000000d8     PuTTyCom.obj (.text)
                  00003730    000000b1     rtsv7M4_T_le_v4SPD16_eabi.lib : _printfi.c.obj (.text:_ltostr)
                  000037e1    00000001     --HOLE-- [fill = 0]
                  000037e2    0000009c                                   : memcpy_t2.asm.obj (.text)
                  0000387e    00000096                                   : ull_div_t2.asm.obj (.text)
                  00003914    00000086                                   : fd_cmp_t2.asm.obj (.text:__aeabi_cdcmple)
                  0000399a    00000086                                   : fd_cmp_t2.asm.obj (.text:__aeabi_cdrcmple)
                  00003a20    0000007a                                   : memset_t2.asm.obj (.text)
                  00003a9a    00000002     --HOLE-- [fill = 0]
                  00003a9c    00000070                                   : memory.c.obj (.text:split)
                  00003b0c    0000006e                                   : _printfi.c.obj (.text:_mcpy)
                  00003b7a    0000006e                                   : fd_tos_t2.asm.obj (.text)
                  00003be8    00000068                                   : copy_decompress_lzss.c.obj (.text:decompress:lzss:__TI_decompress_lzss)
                  00003c50    00000064                                   : s_frexp.c.obj (.text:frexp)
                  00003cb4    00000056                                   : _printfi.c.obj (.text:_pconv_f)
                  00003d0a    00000054                                   : _ltoa.c.obj (.text:__TI_ltoa)
                  00003d5e    00000052                                   : _printfi.c.obj (.text:_ecpy)
                  00003db0    0000004c                                   : atoi.c.obj (.text:atoi)
                  00003dfc    00000048                                   : fd_toi_t2.asm.obj (.text)
                  00003e44    00000044                                   : autoinit.c.obj (.text:__TI_auto_init_nobinit_nopinit:__TI_auto_init_nobinit_nopinit)
                  00003e88    00000040                                   : sprintf.c.obj (.text:sprintf)
                  00003ec8    00000040                                   : vsnprintf.c.obj (.text:vsnprintf)
                  00003f08    0000003e                                   : _printfi.c.obj (.text:_fcpy)
                  00003f46    00000002     --HOLE-- [fill = 0]
                  00003f48    00000038                                   : memory.c.obj (.text:calloc)
                  00003f80    00000038                                   : fs_tod_t2.asm.obj (.text)
                  00003fb8    00000034     driverlib.lib : interrupt.obj (.text:IntRegister)
                  00003fec    00000034     rtsv7M4_T_le_v4SPD16_eabi.lib : boot_cortex_m.c.obj (.text:_c_int00_noargs:_c_int00_noargs)
                  00004020    00000030                                   : vsnprintf.c.obj (.text:_outs)
                  00004050    0000002e                                   : i_tofd_t2.asm.obj (.text)
                  0000407e    00000002     --HOLE-- [fill = 0]
                  00004080    00000028                                   : memory.c.obj (.text:free_list_insert)
                  000040a8    0000001c                                   : copy_zero_init.c.obj (.text:decompress:ZI:__TI_zero_init_nomemset:__TI_zero_init_nomemset)
                  000040c4    0000001c                                   : memory.c.obj (.text:free_list_remove)
                  000040e0    0000001c                                   : memccpy.c.obj (.text:memccpy)
                  000040fc    0000001a                                   : s_copysign.c.obj (.text:copysign)
                  00004116    00000018                                   : vsnprintf.c.obj (.text:_outc)
                  0000412e    00000018                                   : sprintf.c.obj (.text:_outs)
                  00004146    00000018     open_interface.obj (.text:oi_parseInt)
                  0000415e    00000018     rtsv7M4_T_le_v4SPD16_eabi.lib : strcmp.c.obj (.text:strcmp)
                  00004176    00000016                                   : strchr.c.obj (.text:strchr)
                  0000418c    00000014                                   : strcpy.c.obj (.text:strcpy)
                  000041a0    00000014                                   : strlen.c.obj (.text:strlen)
                  000041b4    00000012                                   : wcslen.c.obj (.text:wcslen)
                  000041c6    00000010     driverlib.lib : interrupt.obj (.text:IntMasterEnable)
                  000041d6    00000010     lcd.obj (.text:lcd_clear)
                  000041e6    0000000e     rtsv7M4_T_le_v4SPD16_eabi.lib : copy_decompress_none.c.obj (.text:decompress:none:__TI_decompress_none)
                  000041f4    0000000c     driverlib.lib : cpu.obj (.text:CPUcpsie)
                  00004200    0000000c     tm4c123gh6pm_startup_ccs.obj (.text)
                  0000420c    0000000a     rtsv7M4_T_le_v4SPD16_eabi.lib : sprintf.c.obj (.text:_outc)
                  00004216    00000002     --HOLE-- [fill = 0]
                  00004218    00000008                                   : errno.c.obj (.text:__aeabi_errno_addr)
                  00004220    00000008                                   : memory.c.obj (.text:malloc)
                  00004228    00000004                                   : pre_init.c.obj (.text:_system_pre_init)
                  0000422c    00000004                                   : exit.c.obj (.text:abort:abort)

.const     0    00004230    00000118     
                  00004230    00000101     rtsv7M4_T_le_v4SPD16_eabi.lib : ctype.c.obj (.const:.string:_ctypes_)
                  00004331    0000000f     open_interface.obj (.const:.string:$P$T0$3)
                  00004340    00000004     lcd.obj (.const:.string:lineAddress$1)
                  00004344    00000004     lcd.obj (.const:.string:lineAddresses$2)

.cinit     0    00004348    00000050     
                  00004348    00000019     (.cinit..data.load) [load image, compression = lzss]
                  00004361    00000003     --HOLE-- [fill = 0]
                  00004364    0000000c     (__TI_handler_table)
                  00004370    00000008     (.cinit..bss.load) [load image, compression = zero_init]
                  00004378    00000008     (.cinit..vtable.load) [load image, compression = zero_init]
                  00004380    00000018     (__TI_cinit_table)

.init_array 
*          0    00000000    00000000     UNINITIALIZED

.vtable    0    20000000    0000026c     UNINITIALIZED
                  20000000    0000026c     driverlib.lib : interrupt.obj (.vtable)

.stack     0    20000270    00001770     UNINITIALIZED
                  20000270    00000004     rtsv7M4_T_le_v4SPD16_eabi.lib : boot_cortex_m.c.obj (.stack)
                  20000274    0000176c     --HOLE--

.sysmem    0    200019e0    00001000     UNINITIALIZED
                  200019e0    00000010     rtsv7M4_T_le_v4SPD16_eabi.lib : memory.c.obj (.sysmem)
                  200019f0    00000ff0     --HOLE--

.bss       0    200029e0    000000bd     UNINITIALIZED
                  200029e0    00000054     lcd.obj (.bss:lastbuffer$3)
                  20002a34    00000034     (.common:isr_char_buffer)
                  20002a68    00000018     open_interface.obj (.bss:firmware$2)
                  20002a80    00000004     (.common:_timeout_ticks)
                  20002a84    00000004     (.common:fallingEdge)
                  20002a88    00000004     (.common:isr_int_value)
                  20002a8c    00000004     (.common:left_calibration_value)
                  20002a90    00000004     (.common:pulseLength)
                  20002a94    00000004     (.common:right_calibration_value)
                  20002a98    00000004     (.common:risingEdge)
                  20002a9c    00000001     (.common:isRisingEdge)

.data      0    20002aa0    0000003d     UNINITIALIZED
                  20002aa0    00000020     open_interface.obj (.data)
                  20002ac0    00000008     rtsv7M4_T_le_v4SPD16_eabi.lib : _lock.c.obj (.data:$O1$$)
                  20002ac8    00000008                                   : memory.c.obj (.data:$O1$$)
                  20002ad0    00000004     libcybotScan.lib : cyBot_Scan.obj (.data)
                  20002ad4    00000004     libcybotUART.lib : uart.obj (.data)
                  20002ad8    00000004     rtsv7M4_T_le_v4SPD16_eabi.lib : errno.c.obj (.data)
                  20002adc    00000001     Timer.obj (.data)

__llvm_prf_cnts 
*          0    20000000    00000000     UNINITIALIZED

MODULE SUMMARY

       Module                         code    ro data   rw data
       ------                         ----    -------   -------
    .\
       open_interface.obj             3128    15        56     
       lcd.obj                        824     8         84     
       main.obj                       628     0         8      
       tm4c123gh6pm_startup_ccs.obj   12      620       0      
       Timer.obj                      584     0         5      
       PuTTyCom.obj                   216     0         0      
    +--+------------------------------+-------+---------+---------+
       Total:                         5392    643       153    
                                                               
    ../libcybotScan.lib
       cyBot_Scan.obj                 608     0         4      
       ping.obj                       492     0         13     
       servo.obj                      344     0         0      
       ir.obj                         280     0         4      
    +--+------------------------------+-------+---------+---------+
       Total:                         1724    0         21     
                                                               
    ../libcybotUART.lib
       uart.obj                       348     0         56     
    +--+------------------------------+-------+---------+---------+
       Total:                         348     0         56     
                                                               
    C:/ti/TivaWare_C_Series-2.2.0.295/driverlib/ccs/Debug/driverlib.lib
       interrupt.obj                  68      0         620    
       cpu.obj                        12      0         0      
    +--+------------------------------+-------+---------+---------+
       Total:                         80      0         620    
                                                               
    C:\ti\ccs1271\ccs\tools\compiler\ti-cgt-arm_20.2.7.LTS\lib\rtsv7M4_T_le_v4SPD16_eabi.lib
       _printfi.c.obj                 4851    0         0      
       memory.c.obj                   728     0         8      
       fd_add_t2.asm.obj              438     0         0      
       fd_div_t2.asm.obj              310     0         0      
       s_scalbn.c.obj                 272     0         0      
       fd_cmp_t2.asm.obj              268     0         0      
       ctype.c.obj                    0       257       0      
       fd_mul_t2.asm.obj              252     0         0      
       memcpy_t2.asm.obj              156     0         0      
       ull_div_t2.asm.obj             150     0         0      
       vsnprintf.c.obj                136     0         0      
       memset_t2.asm.obj              122     0         0      
       fd_tos_t2.asm.obj              110     0         0      
       copy_decompress_lzss.c.obj     104     0         0      
       s_frexp.c.obj                  100     0         0      
       sprintf.c.obj                  98      0         0      
       _ltoa.c.obj                    84      0         0      
       atoi.c.obj                     76      0         0      
       fd_toi_t2.asm.obj              72      0         0      
       autoinit.c.obj                 68      0         0      
       fs_tod_t2.asm.obj              56      0         0      
       boot_cortex_m.c.obj            52      0         0      
       i_tofd_t2.asm.obj              46      0         0      
       copy_zero_init.c.obj           28      0         0      
       memccpy.c.obj                  28      0         0      
       s_copysign.c.obj               26      0         0      
       strcmp.c.obj                   24      0         0      
       strchr.c.obj                   22      0         0      
       strcpy.c.obj                   20      0         0      
       strlen.c.obj                   20      0         0      
       wcslen.c.obj                   18      0         0      
       copy_decompress_none.c.obj     14      0         0      
       errno.c.obj                    8       0         4      
       _lock.c.obj                    2       0         8      
       exit.c.obj                     4       0         0      
       pre_init.c.obj                 4       0         0      
       div0.asm.obj                   2       0         0      
    +--+------------------------------+-------+---------+---------+
       Total:                         8769    257       20     
                                                               
       Heap:                          0       0         4096   
       Stack:                         0       0         6000   
       Linker Generated:              0       77        0      
    +--+------------------------------+-------+---------+---------+
       Grand Total:                   16313   977       10966  


LINKER GENERATED COPY TABLES

__TI_cinit_table @ 00004380 records: 3, size/record: 8, table size: 24
	.data: load addr=00004348, load size=00000019 bytes, run addr=20002aa0, run size=0000003d bytes, compression=lzss
	.bss: load addr=00004370, load size=00000008 bytes, run addr=200029e0, run size=000000bd bytes, compression=zero_init
	.vtable: load addr=00004378, load size=00000008 bytes, run addr=20000000, run size=0000026c bytes, compression=zero_init


LINKER GENERATED HANDLER TABLE

__TI_handler_table @ 00004364 records: 3, size/record: 4, table size: 12
	index: 0, handler: __TI_zero_init
	index: 1, handler: __TI_decompress_lzss
	index: 2, handler: __TI_decompress_none


GLOBAL SYMBOLS: SORTED ALPHABETICALLY BY Name 

address   name                          
-------   ----                          
000031e9  ADC0SS0_Handler               
0000422d  C$$EXIT                       
000041f5  CPUcpsie                      
00000bc3  GPIOF_Handler                 
000041c7  IntMasterEnable               
00003fb9  IntRegister                   
00004201  ResetISR                      
00002681  TIMER3B_Handler               
200019e0  __STACK_END                   
00001770  __STACK_SIZE                  
20000470  __STACK_TOP                   
00001000  __SYSMEM_SIZE                 
00004380  __TI_CINIT_Base               
00004398  __TI_CINIT_Limit              
00004364  __TI_Handler_Table_Base       
00004370  __TI_Handler_Table_Limit      
00003e45  __TI_auto_init_nobinit_nopinit
00003be9  __TI_decompress_lzss          
000041e7  __TI_decompress_none          
00003d0b  __TI_ltoa                     
ffffffff  __TI_pprof_out_hndl           
00000e8d  __TI_printfi                  
ffffffff  __TI_prof_data_size           
ffffffff  __TI_prof_data_start          
00000000  __TI_static_base__            
000040a9  __TI_zero_init_nomemset       
00003915  __aeabi_cdcmpeq               
00003915  __aeabi_cdcmple               
0000399b  __aeabi_cdrcmple              
00003b7b  __aeabi_d2f                   
00003dfd  __aeabi_d2iz                  
00002957  __aeabi_dadd                  
00002ef5  __aeabi_ddiv                  
00003479  __aeabi_dmul                  
0000294d  __aeabi_dsub                  
00004219  __aeabi_errno_addr            
00003f81  __aeabi_f2d                   
00004051  __aeabi_i2d                   
00002b03  __aeabi_idiv0                 
00002b03  __aeabi_ldiv0                 
00003a21  __aeabi_memclr                
00003a21  __aeabi_memclr4               
00003a21  __aeabi_memclr8               
000037e3  __aeabi_memcpy                
000037e3  __aeabi_memcpy4               
000037e3  __aeabi_memcpy8               
00003a23  __aeabi_memset                
00003a23  __aeabi_memset4               
00003a23  __aeabi_memset8               
0000387f  __aeabi_uldivmod              
ffffffff  __binit__                     
ffffffff  __c_args__                    
UNDEFED   __mpu_init                    
20000270  __stack                       
20000000  __start___llvm_prf_cnts       
20000000  __stop___llvm_prf_cnts        
00003fed  _c_int00_noargs               
00004230  _ctypes_                      
20002ac0  _lock                         
000018db  _nop                          
20002adc  _running                      
200019e0  _sys_memory                   
UNDEFED   _system_post_cinit            
00004229  _system_pre_init              
20002a80  _timeout_ticks                
20002ac4  _unlock                       
0000422d  abort                         
00003379  aligned_alloc                 
00003db1  atoi                          
ffffffff  binit                         
00003f49  calloc                        
000040fd  copysign                      
000040fd  copysignl                     
000021c1  cyBOT_SERVO_cal               
0000214f  cyBOT_Scan                    
000020f7  cyBOT_init_Scan               
20002ad0  cyBOT_scan_features           
000020e9  cyBOT_scan_version            
00002c0d  cyBot_UART1_Handler           
00002bf3  cyBot_getByte                 
00002b05  cyBot_sendByte                
00002bd5  cyBot_uart_flush              
00002b43  cyBot_uart_init               
00002b2b  cyBot_uart_sendBuffer         
00002b11  cyBot_uart_sendStr            
20002ad8  errno                         
20002a84  fallingEdge                   
00003575  free                          
00003c51  frexp                         
00003c51  frexpl                        
20000000  g_pfnRAMVectors               
00000000  g_pfnVectors                  
0000097f  go_charge                     
000031ff  ir_enableInterrupt            
000031e1  ir_getDistance                
000031b9  ir_getValue                   
00003151  ir_init                       
20002a9c  isRisingEdge                  
20002a34  isr_char_buffer               
20002ad4  isr_counter                   
20002a88  isr_int_value                 
000041d7  lcd_clear                     
00001ab1  lcd_gotoLine                  
00001919  lcd_init                      
00001b17  lcd_printf                    
000019d9  lcd_putc                      
00001a11  lcd_puts                      
000018dd  lcd_reverseNibble             
00001a2f  lcd_sendCommand               
00001a6d  lcd_sendNibble                
00001ad9  lcd_setCursorPos              
00003269  ldexp                         
00003269  ldexpl                        
20002a8c  left_calibration_value        
00001c05  main                          
00004221  malloc                        
00003379  memalign                      
000040e1  memccpy                       
000037e3  memcpy                        
00003a29  memset                        
20002aa0  motor_cal_factor_L            
20002aa4  motor_cal_factor_R            
0000026d  oi_alloc                      
00000aa9  oi_checkFirmware              
000002c7  oi_close                      
00000279  oi_free                       
00000ded  oi_getMotorCalibrationLeft    
00000e01  oi_getMotorCalibrationRight   
000002b1  oi_init                       
00000289  oi_init_noupdate              
00000915  oi_loadSong                   
00004147  oi_parseInt                   
0000032b  oi_parsePacket                
0000096b  oi_play_song                  
0000084b  oi_setLeds                    
00000db1  oi_setMotorCalibration        
0000088f  oi_setWheels                  
00000b51  oi_shutoff_init               
0000098d  oi_uartInit                   
00000a31  oi_uartReceive                
00000a77  oi_uartSendBuff               
00000a15  oi_uartSendChar               
00000a59  oi_uartSendStr                
000002d9  oi_update                     
000026d3  ping_getDistance              
00002591  ping_init                     
00002617  ping_trigger                  
20002a90  pulseLength                   
20002a94  right_calibration_value       
20002a98  risingEdge                    
00003269  scalbn                        
00003269  scalbnl                       
000036b7  send_num                      
00003659  send_string                   
00002c61  servo_init                    
00002cf1  servo_move                    
00002d51  servo_setPWM                  
00002ce5  servo_stop                    
00003e89  sprintf                       
00004177  strchr                        
0000415f  strcmp                        
0000418d  strcpy                        
000041a1  strlen                        
00002467  timer_getMicros               
0000240f  timer_getMillis               
00002349  timer_init                    
000023eb  timer_pause                   
000023fd  timer_resume                  
000023c1  timer_stop                    
000024c1  timer_waitMicros              
000024f3  timer_waitMillis              
00003ec9  vsnprintf                     
000041b5  wcslen                        


GLOBAL SYMBOLS: SORTED BY Symbol Address 

address   name                          
-------   ----                          
00000000  __TI_static_base__            
00000000  g_pfnVectors                  
0000026d  oi_alloc                      
00000279  oi_free                       
00000289  oi_init_noupdate              
000002b1  oi_init                       
000002c7  oi_close                      
000002d9  oi_update                     
0000032b  oi_parsePacket                
0000084b  oi_setLeds                    
0000088f  oi_setWheels                  
00000915  oi_loadSong                   
0000096b  oi_play_song                  
0000097f  go_charge                     
0000098d  oi_uartInit                   
00000a15  oi_uartSendChar               
00000a31  oi_uartReceive                
00000a59  oi_uartSendStr                
00000a77  oi_uartSendBuff               
00000aa9  oi_checkFirmware              
00000b51  oi_shutoff_init               
00000bc3  GPIOF_Handler                 
00000db1  oi_setMotorCalibration        
00000ded  oi_getMotorCalibrationLeft    
00000e01  oi_getMotorCalibrationRight   
00000e8d  __TI_printfi                  
00001000  __SYSMEM_SIZE                 
00001770  __STACK_SIZE                  
000018db  _nop                          
000018dd  lcd_reverseNibble             
00001919  lcd_init                      
000019d9  lcd_putc                      
00001a11  lcd_puts                      
00001a2f  lcd_sendCommand               
00001a6d  lcd_sendNibble                
00001ab1  lcd_gotoLine                  
00001ad9  lcd_setCursorPos              
00001b17  lcd_printf                    
00001c05  main                          
000020e9  cyBOT_scan_version            
000020f7  cyBOT_init_Scan               
0000214f  cyBOT_Scan                    
000021c1  cyBOT_SERVO_cal               
00002349  timer_init                    
000023c1  timer_stop                    
000023eb  timer_pause                   
000023fd  timer_resume                  
0000240f  timer_getMillis               
00002467  timer_getMicros               
000024c1  timer_waitMicros              
000024f3  timer_waitMillis              
00002591  ping_init                     
00002617  ping_trigger                  
00002681  TIMER3B_Handler               
000026d3  ping_getDistance              
0000294d  __aeabi_dsub                  
00002957  __aeabi_dadd                  
00002b03  __aeabi_idiv0                 
00002b03  __aeabi_ldiv0                 
00002b05  cyBot_sendByte                
00002b11  cyBot_uart_sendStr            
00002b2b  cyBot_uart_sendBuffer         
00002b43  cyBot_uart_init               
00002bd5  cyBot_uart_flush              
00002bf3  cyBot_getByte                 
00002c0d  cyBot_UART1_Handler           
00002c61  servo_init                    
00002ce5  servo_stop                    
00002cf1  servo_move                    
00002d51  servo_setPWM                  
00002ef5  __aeabi_ddiv                  
00003151  ir_init                       
000031b9  ir_getValue                   
000031e1  ir_getDistance                
000031e9  ADC0SS0_Handler               
000031ff  ir_enableInterrupt            
00003269  ldexp                         
00003269  ldexpl                        
00003269  scalbn                        
00003269  scalbnl                       
00003379  aligned_alloc                 
00003379  memalign                      
00003479  __aeabi_dmul                  
00003575  free                          
00003659  send_string                   
000036b7  send_num                      
000037e3  __aeabi_memcpy                
000037e3  __aeabi_memcpy4               
000037e3  __aeabi_memcpy8               
000037e3  memcpy                        
0000387f  __aeabi_uldivmod              
00003915  __aeabi_cdcmpeq               
00003915  __aeabi_cdcmple               
0000399b  __aeabi_cdrcmple              
00003a21  __aeabi_memclr                
00003a21  __aeabi_memclr4               
00003a21  __aeabi_memclr8               
00003a23  __aeabi_memset                
00003a23  __aeabi_memset4               
00003a23  __aeabi_memset8               
00003a29  memset                        
00003b7b  __aeabi_d2f                   
00003be9  __TI_decompress_lzss          
00003c51  frexp                         
00003c51  frexpl                        
00003d0b  __TI_ltoa                     
00003db1  atoi                          
00003dfd  __aeabi_d2iz                  
00003e45  __TI_auto_init_nobinit_nopinit
00003e89  sprintf                       
00003ec9  vsnprintf                     
00003f49  calloc                        
00003f81  __aeabi_f2d                   
00003fb9  IntRegister                   
00003fed  _c_int00_noargs               
00004051  __aeabi_i2d                   
000040a9  __TI_zero_init_nomemset       
000040e1  memccpy                       
000040fd  copysign                      
000040fd  copysignl                     
00004147  oi_parseInt                   
0000415f  strcmp                        
00004177  strchr                        
0000418d  strcpy                        
000041a1  strlen                        
000041b5  wcslen                        
000041c7  IntMasterEnable               
000041d7  lcd_clear                     
000041e7  __TI_decompress_none          
000041f5  CPUcpsie                      
00004201  ResetISR                      
00004219  __aeabi_errno_addr            
00004221  malloc                        
00004229  _system_pre_init              
0000422d  C$$EXIT                       
0000422d  abort                         
00004230  _ctypes_                      
00004364  __TI_Handler_Table_Base       
00004370  __TI_Handler_Table_Limit      
00004380  __TI_CINIT_Base               
00004398  __TI_CINIT_Limit              
20000000  __start___llvm_prf_cnts       
20000000  __stop___llvm_prf_cnts        
20000000  g_pfnRAMVectors               
20000270  __stack                       
20000470  __STACK_TOP                   
200019e0  __STACK_END                   
200019e0  _sys_memory                   
20002a34  isr_char_buffer               
20002a80  _timeout_ticks                
20002a84  fallingEdge                   
20002a88  isr_int_value                 
20002a8c  left_calibration_value        
20002a90  pulseLength                   
20002a94  right_calibration_value       
20002a98  risingEdge                    
20002a9c  isRisingEdge                  
20002aa0  motor_cal_factor_L            
20002aa4  motor_cal_factor_R            
20002ac0  _lock                         
20002ac4  _unlock                       
20002ad0  cyBOT_scan_features           
20002ad4  isr_counter                   
20002ad8  errno                         
20002adc  _running                      
ffffffff  __TI_pprof_out_hndl           
ffffffff  __TI_prof_data_size           
ffffffff  __TI_prof_data_start          
ffffffff  __binit__                     
ffffffff  __c_args__                    
ffffffff  binit                         
UNDEFED   __mpu_init                    
UNDEFED   _system_post_cinit            

[173 symbols]
