<?xml version="1.0" encoding="ISO-8859-1" ?>
<link_info>
   <banner>TI ARM Linker PC v20.2.7.LTS</banner>
   <copyright>Copyright (c) 1996-2018 Texas Instruments Incorporated</copyright>
   <link_time>0x6998bac8</link_time>
   <link_errors>0x0</link_errors>
   <output_file>Lab 3.out</output_file>
   <entry_point>
      <name>_c_int00_noargs</name>
      <address>0x3fed</address>
   </entry_point>
   <input_file_list>
      <input_file id="fl-2">
         <path>.\</path>
         <kind>object</kind>
         <file>PuTTyCom.obj</file>
         <name>PuTTyCom.obj</name>
      </input_file>
      <input_file id="fl-3">
         <path>.\</path>
         <kind>object</kind>
         <file>Timer.obj</file>
         <name>Timer.obj</name>
      </input_file>
      <input_file id="fl-4">
         <path>.\</path>
         <kind>object</kind>
         <file>lcd.obj</file>
         <name>lcd.obj</name>
      </input_file>
      <input_file id="fl-5">
         <path>.\</path>
         <kind>object</kind>
         <file>main.obj</file>
         <name>main.obj</name>
      </input_file>
      <input_file id="fl-6">
         <path>.\</path>
         <kind>object</kind>
         <file>movement.obj</file>
         <name>movement.obj</name>
      </input_file>
      <input_file id="fl-7">
         <path>.\</path>
         <kind>object</kind>
         <file>open_interface.obj</file>
         <name>open_interface.obj</name>
      </input_file>
      <input_file id="fl-8">
         <path>.\</path>
         <kind>object</kind>
         <file>tm4c123gh6pm_startup_ccs.obj</file>
         <name>tm4c123gh6pm_startup_ccs.obj</name>
      </input_file>
      <input_file id="fl-f">
         <kind>object</kind>
         <file>&lt;internal&gt;</file>
         <name>&lt;internal&gt;</name>
      </input_file>
      <input_file id="fl-10">
         <path>..\</path>
         <kind>archive</kind>
         <file>libcybotScan.lib</file>
         <name>cyBot_Scan.obj</name>
      </input_file>
      <input_file id="fl-11">
         <path>..\</path>
         <kind>archive</kind>
         <file>libcybotScan.lib</file>
         <name>ir.obj</name>
      </input_file>
      <input_file id="fl-12">
         <path>..\</path>
         <kind>archive</kind>
         <file>libcybotScan.lib</file>
         <name>ping.obj</name>
      </input_file>
      <input_file id="fl-13">
         <path>..\</path>
         <kind>archive</kind>
         <file>libcybotScan.lib</file>
         <name>servo.obj</name>
      </input_file>
      <input_file id="fl-14">
         <path>..\</path>
         <kind>archive</kind>
         <file>libcybotUART.lib</file>
         <name>uart.obj</name>
      </input_file>
      <input_file id="fl-ca">
         <path>C:\ti\ccs1271\ccs\tools\compiler\ti-cgt-arm_20.2.7.LTS\lib\</path>
         <kind>archive</kind>
         <file>rtsv7M4_T_le_v4SPD16_eabi.lib</file>
         <name>sprintf.c.obj</name>
      </input_file>
      <input_file id="fl-cb">
         <path>C:\ti\ccs1271\ccs\tools\compiler\ti-cgt-arm_20.2.7.LTS\lib\</path>
         <kind>archive</kind>
         <file>rtsv7M4_T_le_v4SPD16_eabi.lib</file>
         <name>vsnprintf.c.obj</name>
      </input_file>
      <input_file id="fl-cc">
         <path>C:\ti\ccs1271\ccs\tools\compiler\ti-cgt-arm_20.2.7.LTS\lib\</path>
         <kind>archive</kind>
         <file>rtsv7M4_T_le_v4SPD16_eabi.lib</file>
         <name>fd_add_t2.asm.obj</name>
      </input_file>
      <input_file id="fl-cd">
         <path>C:\ti\ccs1271\ccs\tools\compiler\ti-cgt-arm_20.2.7.LTS\lib\</path>
         <kind>archive</kind>
         <file>rtsv7M4_T_le_v4SPD16_eabi.lib</file>
         <name>fd_cmp_t2.asm.obj</name>
      </input_file>
      <input_file id="fl-ce">
         <path>C:\ti\ccs1271\ccs\tools\compiler\ti-cgt-arm_20.2.7.LTS\lib\</path>
         <kind>archive</kind>
         <file>rtsv7M4_T_le_v4SPD16_eabi.lib</file>
         <name>fd_div_t2.asm.obj</name>
      </input_file>
      <input_file id="fl-cf">
         <path>C:\ti\ccs1271\ccs\tools\compiler\ti-cgt-arm_20.2.7.LTS\lib\</path>
         <kind>archive</kind>
         <file>rtsv7M4_T_le_v4SPD16_eabi.lib</file>
         <name>fd_mul_t2.asm.obj</name>
      </input_file>
      <input_file id="fl-d0">
         <path>C:\ti\ccs1271\ccs\tools\compiler\ti-cgt-arm_20.2.7.LTS\lib\</path>
         <kind>archive</kind>
         <file>rtsv7M4_T_le_v4SPD16_eabi.lib</file>
         <name>fd_toi_t2.asm.obj</name>
      </input_file>
      <input_file id="fl-d1">
         <path>C:\ti\ccs1271\ccs\tools\compiler\ti-cgt-arm_20.2.7.LTS\lib\</path>
         <kind>archive</kind>
         <file>rtsv7M4_T_le_v4SPD16_eabi.lib</file>
         <name>fd_tos_t2.asm.obj</name>
      </input_file>
      <input_file id="fl-d2">
         <path>C:\ti\ccs1271\ccs\tools\compiler\ti-cgt-arm_20.2.7.LTS\lib\</path>
         <kind>archive</kind>
         <file>rtsv7M4_T_le_v4SPD16_eabi.lib</file>
         <name>fs_tod_t2.asm.obj</name>
      </input_file>
      <input_file id="fl-d3">
         <path>C:\ti\ccs1271\ccs\tools\compiler\ti-cgt-arm_20.2.7.LTS\lib\</path>
         <kind>archive</kind>
         <file>rtsv7M4_T_le_v4SPD16_eabi.lib</file>
         <name>i_tofd_t2.asm.obj</name>
      </input_file>
      <input_file id="fl-d4">
         <path>C:\ti\ccs1271\ccs\tools\compiler\ti-cgt-arm_20.2.7.LTS\lib\</path>
         <kind>archive</kind>
         <file>rtsv7M4_T_le_v4SPD16_eabi.lib</file>
         <name>memcpy_t2.asm.obj</name>
      </input_file>
      <input_file id="fl-d5">
         <path>C:\ti\ccs1271\ccs\tools\compiler\ti-cgt-arm_20.2.7.LTS\lib\</path>
         <kind>archive</kind>
         <file>rtsv7M4_T_le_v4SPD16_eabi.lib</file>
         <name>copy_zero_init.c.obj</name>
      </input_file>
      <input_file id="fl-d6">
         <path>C:\ti\ccs1271\ccs\tools\compiler\ti-cgt-arm_20.2.7.LTS\lib\</path>
         <kind>archive</kind>
         <file>rtsv7M4_T_le_v4SPD16_eabi.lib</file>
         <name>copy_decompress_none.c.obj</name>
      </input_file>
      <input_file id="fl-d7">
         <path>C:\ti\ccs1271\ccs\tools\compiler\ti-cgt-arm_20.2.7.LTS\lib\</path>
         <kind>archive</kind>
         <file>rtsv7M4_T_le_v4SPD16_eabi.lib</file>
         <name>copy_decompress_lzss.c.obj</name>
      </input_file>
      <input_file id="fl-d8">
         <path>C:\ti\ccs1271\ccs\tools\compiler\ti-cgt-arm_20.2.7.LTS\lib\</path>
         <kind>archive</kind>
         <file>rtsv7M4_T_le_v4SPD16_eabi.lib</file>
         <name>memory.c.obj</name>
      </input_file>
      <input_file id="fl-d9">
         <path>C:\ti\ccs1271\ccs\tools\compiler\ti-cgt-arm_20.2.7.LTS\lib\</path>
         <kind>archive</kind>
         <file>rtsv7M4_T_le_v4SPD16_eabi.lib</file>
         <name>strcmp.c.obj</name>
      </input_file>
      <input_file id="fl-da">
         <path>C:\ti\ccs1271\ccs\tools\compiler\ti-cgt-arm_20.2.7.LTS\lib\</path>
         <kind>archive</kind>
         <file>rtsv7M4_T_le_v4SPD16_eabi.lib</file>
         <name>strcpy.c.obj</name>
      </input_file>
      <input_file id="fl-db">
         <path>C:\ti\ccs1271\ccs\tools\compiler\ti-cgt-arm_20.2.7.LTS\lib\</path>
         <kind>archive</kind>
         <file>rtsv7M4_T_le_v4SPD16_eabi.lib</file>
         <name>boot_cortex_m.c.obj</name>
      </input_file>
      <input_file id="fl-dc">
         <path>C:\ti\ccs1271\ccs\tools\compiler\ti-cgt-arm_20.2.7.LTS\lib\</path>
         <kind>archive</kind>
         <file>rtsv7M4_T_le_v4SPD16_eabi.lib</file>
         <name>_printfi.c.obj</name>
      </input_file>
      <input_file id="fl-dd">
         <path>C:\ti\ccs1271\ccs\tools\compiler\ti-cgt-arm_20.2.7.LTS\lib\</path>
         <kind>archive</kind>
         <file>rtsv7M4_T_le_v4SPD16_eabi.lib</file>
         <name>memset_t2.asm.obj</name>
      </input_file>
      <input_file id="fl-de">
         <path>C:\ti\ccs1271\ccs\tools\compiler\ti-cgt-arm_20.2.7.LTS\lib\</path>
         <kind>archive</kind>
         <file>rtsv7M4_T_le_v4SPD16_eabi.lib</file>
         <name>ull_div_t2.asm.obj</name>
      </input_file>
      <input_file id="fl-df">
         <path>C:\ti\ccs1271\ccs\tools\compiler\ti-cgt-arm_20.2.7.LTS\lib\</path>
         <kind>archive</kind>
         <file>rtsv7M4_T_le_v4SPD16_eabi.lib</file>
         <name>autoinit.c.obj</name>
      </input_file>
      <input_file id="fl-e0">
         <path>C:\ti\ccs1271\ccs\tools\compiler\ti-cgt-arm_20.2.7.LTS\lib\</path>
         <kind>archive</kind>
         <file>rtsv7M4_T_le_v4SPD16_eabi.lib</file>
         <name>pre_init.c.obj</name>
      </input_file>
      <input_file id="fl-e1">
         <path>C:\ti\ccs1271\ccs\tools\compiler\ti-cgt-arm_20.2.7.LTS\lib\</path>
         <kind>archive</kind>
         <file>rtsv7M4_T_le_v4SPD16_eabi.lib</file>
         <name>cpy_tbl.c.obj</name>
      </input_file>
      <input_file id="fl-e2">
         <path>C:\ti\ccs1271\ccs\tools\compiler\ti-cgt-arm_20.2.7.LTS\lib\</path>
         <kind>archive</kind>
         <file>rtsv7M4_T_le_v4SPD16_eabi.lib</file>
         <name>exit.c.obj</name>
      </input_file>
      <input_file id="fl-e3">
         <path>C:\ti\ccs1271\ccs\tools\compiler\ti-cgt-arm_20.2.7.LTS\lib\</path>
         <kind>archive</kind>
         <file>rtsv7M4_T_le_v4SPD16_eabi.lib</file>
         <name>_lock.c.obj</name>
      </input_file>
      <input_file id="fl-e4">
         <path>C:\ti\ccs1271\ccs\tools\compiler\ti-cgt-arm_20.2.7.LTS\lib\</path>
         <kind>archive</kind>
         <file>rtsv7M4_T_le_v4SPD16_eabi.lib</file>
         <name>_ltoa.c.obj</name>
      </input_file>
      <input_file id="fl-e5">
         <path>C:\ti\ccs1271\ccs\tools\compiler\ti-cgt-arm_20.2.7.LTS\lib\</path>
         <kind>archive</kind>
         <file>rtsv7M4_T_le_v4SPD16_eabi.lib</file>
         <name>args_main.c.obj</name>
      </input_file>
      <input_file id="fl-e6">
         <path>C:\ti\ccs1271\ccs\tools\compiler\ti-cgt-arm_20.2.7.LTS\lib\</path>
         <kind>archive</kind>
         <file>rtsv7M4_T_le_v4SPD16_eabi.lib</file>
         <name>atoi.c.obj</name>
      </input_file>
      <input_file id="fl-e7">
         <path>C:\ti\ccs1271\ccs\tools\compiler\ti-cgt-arm_20.2.7.LTS\lib\</path>
         <kind>archive</kind>
         <file>rtsv7M4_T_le_v4SPD16_eabi.lib</file>
         <name>ctype.c.obj</name>
      </input_file>
      <input_file id="fl-e8">
         <path>C:\ti\ccs1271\ccs\tools\compiler\ti-cgt-arm_20.2.7.LTS\lib\</path>
         <kind>archive</kind>
         <file>rtsv7M4_T_le_v4SPD16_eabi.lib</file>
         <name>memccpy.c.obj</name>
      </input_file>
      <input_file id="fl-e9">
         <path>C:\ti\ccs1271\ccs\tools\compiler\ti-cgt-arm_20.2.7.LTS\lib\</path>
         <kind>archive</kind>
         <file>rtsv7M4_T_le_v4SPD16_eabi.lib</file>
         <name>strchr.c.obj</name>
      </input_file>
      <input_file id="fl-ea">
         <path>C:\ti\ccs1271\ccs\tools\compiler\ti-cgt-arm_20.2.7.LTS\lib\</path>
         <kind>archive</kind>
         <file>rtsv7M4_T_le_v4SPD16_eabi.lib</file>
         <name>strlen.c.obj</name>
      </input_file>
      <input_file id="fl-eb">
         <path>C:\ti\ccs1271\ccs\tools\compiler\ti-cgt-arm_20.2.7.LTS\lib\</path>
         <kind>archive</kind>
         <file>rtsv7M4_T_le_v4SPD16_eabi.lib</file>
         <name>errno.c.obj</name>
      </input_file>
      <input_file id="fl-ec">
         <path>C:\ti\ccs1271\ccs\tools\compiler\ti-cgt-arm_20.2.7.LTS\lib\</path>
         <kind>archive</kind>
         <file>rtsv7M4_T_le_v4SPD16_eabi.lib</file>
         <name>wcslen.c.obj</name>
      </input_file>
      <input_file id="fl-ed">
         <path>C:\ti\ccs1271\ccs\tools\compiler\ti-cgt-arm_20.2.7.LTS\lib\</path>
         <kind>archive</kind>
         <file>rtsv7M4_T_le_v4SPD16_eabi.lib</file>
         <name>s_frexp.c.obj</name>
      </input_file>
      <input_file id="fl-ee">
         <path>C:\ti\ccs1271\ccs\tools\compiler\ti-cgt-arm_20.2.7.LTS\lib\</path>
         <kind>archive</kind>
         <file>rtsv7M4_T_le_v4SPD16_eabi.lib</file>
         <name>s_scalbn.c.obj</name>
      </input_file>
      <input_file id="fl-ef">
         <path>C:\ti\ccs1271\ccs\tools\compiler\ti-cgt-arm_20.2.7.LTS\lib\</path>
         <kind>archive</kind>
         <file>rtsv7M4_T_le_v4SPD16_eabi.lib</file>
         <name>div0.asm.obj</name>
      </input_file>
      <input_file id="fl-f0">
         <path>C:\ti\ccs1271\ccs\tools\compiler\ti-cgt-arm_20.2.7.LTS\lib\</path>
         <kind>archive</kind>
         <file>rtsv7M4_T_le_v4SPD16_eabi.lib</file>
         <name>s_copysign.c.obj</name>
      </input_file>
      <input_file id="fl-f1">
         <path>C:\ti\TivaWare_C_Series-2.2.0.295\driverlib\ccs\Debug\</path>
         <kind>archive</kind>
         <file>driverlib.lib</file>
         <name>interrupt.obj</name>
      </input_file>
      <input_file id="fl-f2">
         <path>C:\ti\TivaWare_C_Series-2.2.0.295\driverlib\ccs\Debug\</path>
         <kind>archive</kind>
         <file>driverlib.lib</file>
         <name>cpu.obj</name>
      </input_file>
   </input_file_list>
   <object_component_list>
      <object_component id="oc-12">
         <name>.intvecs</name>
         <load_address>0x0</load_address>
         <run_address>0x0</run_address>
         <size>0x26c</size>
         <input_file_ref idref="fl-8"/>
      </object_component>
      <object_component id="oc-d6">
         <name>.text</name>
         <load_address>0x26c</load_address>
         <run_address>0x26c</run_address>
         <size>0xc20</size>
         <input_file_ref idref="fl-7"/>
      </object_component>
      <object_component id="oc-278">
         <name>.text:__TI_printfi</name>
         <load_address>0xe8c</load_address>
         <run_address>0xe8c</run_address>
         <size>0xa4e</size>
         <input_file_ref idref="fl-dc"/>
      </object_component>
      <object_component id="oc-28e">
         <name>.text:_nop</name>
         <load_address>0x18da</load_address>
         <run_address>0x18da</run_address>
         <size>0x2</size>
         <input_file_ref idref="fl-e3"/>
      </object_component>
      <object_component id="oc-1b7">
         <name>.text</name>
         <load_address>0x18dc</load_address>
         <run_address>0x18dc</run_address>
         <size>0x328</size>
         <input_file_ref idref="fl-4"/>
      </object_component>
      <object_component id="oc-a2">
         <name>.text</name>
         <load_address>0x1c04</load_address>
         <run_address>0x1c04</run_address>
         <size>0x274</size>
         <input_file_ref idref="fl-5"/>
      </object_component>
      <object_component id="oc-317">
         <name>.text:_pconv_a</name>
         <load_address>0x1e78</load_address>
         <run_address>0x1e78</run_address>
         <size>0x270</size>
         <input_file_ref idref="fl-dc"/>
      </object_component>
      <object_component id="oc-dc">
         <name>.text</name>
         <load_address>0x20e8</load_address>
         <run_address>0x20e8</run_address>
         <size>0x260</size>
         <input_file_ref idref="fl-10"/>
      </object_component>
      <object_component id="oc-173">
         <name>.text</name>
         <load_address>0x2348</load_address>
         <run_address>0x2348</run_address>
         <size>0x248</size>
         <input_file_ref idref="fl-3"/>
      </object_component>
      <object_component id="oc-1ab">
         <name>.text</name>
         <load_address>0x2590</load_address>
         <run_address>0x2590</run_address>
         <size>0x1ec</size>
         <input_file_ref idref="fl-12"/>
      </object_component>
      <object_component id="oc-305">
         <name>.text:_pconv_g</name>
         <load_address>0x277c</load_address>
         <run_address>0x277c</run_address>
         <size>0x1d0</size>
         <input_file_ref idref="fl-dc"/>
      </object_component>
      <object_component id="oc-f8">
         <name>.text</name>
         <load_address>0x294c</load_address>
         <run_address>0x294c</run_address>
         <size>0x1b6</size>
         <input_file_ref idref="fl-cc"/>
      </object_component>
      <object_component id="oc-3c0">
         <name>.text</name>
         <load_address>0x2b02</load_address>
         <run_address>0x2b02</run_address>
         <size>0x2</size>
         <input_file_ref idref="fl-ef"/>
      </object_component>
      <object_component id="oc-e2">
         <name>.text</name>
         <load_address>0x2b04</load_address>
         <run_address>0x2b04</run_address>
         <size>0x15c</size>
         <input_file_ref idref="fl-14"/>
      </object_component>
      <object_component id="oc-1a5">
         <name>.text</name>
         <load_address>0x2c60</load_address>
         <run_address>0x2c60</run_address>
         <size>0x158</size>
         <input_file_ref idref="fl-13"/>
      </object_component>
      <object_component id="oc-311">
         <name>.text:_pconv_e</name>
         <load_address>0x2db8</load_address>
         <run_address>0x2db8</run_address>
         <size>0x13c</size>
         <input_file_ref idref="fl-dc"/>
      </object_component>
      <object_component id="oc-102">
         <name>.text</name>
         <load_address>0x2ef4</load_address>
         <run_address>0x2ef4</run_address>
         <size>0x136</size>
         <input_file_ref idref="fl-ce"/>
      </object_component>
      <object_component id="oc-37d">
         <name>.text:fcvt</name>
         <load_address>0x302c</load_address>
         <run_address>0x302c</run_address>
         <size>0x124</size>
         <input_file_ref idref="fl-dc"/>
      </object_component>
      <object_component id="oc-1b1">
         <name>.text</name>
         <load_address>0x3150</load_address>
         <run_address>0x3150</run_address>
         <size>0x118</size>
         <input_file_ref idref="fl-11"/>
      </object_component>
      <object_component id="oc-391">
         <name>.text:scalbn</name>
         <load_address>0x3268</load_address>
         <run_address>0x3268</run_address>
         <size>0x110</size>
         <input_file_ref idref="fl-ee"/>
      </object_component>
      <object_component id="oc-2ad">
         <name>.text:aligned_alloc</name>
         <load_address>0x3378</load_address>
         <run_address>0x3378</run_address>
         <size>0x100</size>
         <input_file_ref idref="fl-d8"/>
      </object_component>
      <object_component id="oc-195">
         <name>.text</name>
         <load_address>0x3478</load_address>
         <run_address>0x3478</run_address>
         <size>0xfc</size>
         <input_file_ref idref="fl-cf"/>
      </object_component>
      <object_component id="oc-16d">
         <name>.text:free</name>
         <load_address>0x3574</load_address>
         <run_address>0x3574</run_address>
         <size>0xe4</size>
         <input_file_ref idref="fl-d8"/>
      </object_component>
      <object_component id="oc-f2">
         <name>.text</name>
         <load_address>0x3658</load_address>
         <run_address>0x3658</run_address>
         <size>0xd8</size>
         <input_file_ref idref="fl-2"/>
      </object_component>
      <object_component id="oc-2ff">
         <name>.text:_ltostr</name>
         <load_address>0x3730</load_address>
         <run_address>0x3730</run_address>
         <size>0xb1</size>
         <input_file_ref idref="fl-dc"/>
      </object_component>
      <object_component id="oc-3e">
         <name>.text</name>
         <load_address>0x37e2</load_address>
         <run_address>0x37e2</run_address>
         <size>0x9c</size>
         <input_file_ref idref="fl-d4"/>
      </object_component>
      <object_component id="oc-364">
         <name>.text</name>
         <load_address>0x387e</load_address>
         <run_address>0x387e</run_address>
         <size>0x96</size>
         <input_file_ref idref="fl-de"/>
      </object_component>
      <object_component id="oc-ed">
         <name>.text:__aeabi_cdcmple</name>
         <load_address>0x3914</load_address>
         <run_address>0x3914</run_address>
         <size>0x86</size>
         <input_file_ref idref="fl-cd"/>
      </object_component>
      <object_component id="oc-fd">
         <name>.text:__aeabi_cdrcmple</name>
         <load_address>0x399a</load_address>
         <run_address>0x399a</run_address>
         <size>0x86</size>
         <input_file_ref idref="fl-cd"/>
      </object_component>
      <object_component id="oc-96">
         <name>.text</name>
         <load_address>0x3a20</load_address>
         <run_address>0x3a20</run_address>
         <size>0x7a</size>
         <input_file_ref idref="fl-dd"/>
      </object_component>
      <object_component id="oc-34e">
         <name>.text:split</name>
         <load_address>0x3a9c</load_address>
         <run_address>0x3a9c</run_address>
         <size>0x70</size>
         <input_file_ref idref="fl-d8"/>
      </object_component>
      <object_component id="oc-376">
         <name>.text:_mcpy</name>
         <load_address>0x3b0c</load_address>
         <run_address>0x3b0c</run_address>
         <size>0x6e</size>
         <input_file_ref idref="fl-dc"/>
      </object_component>
      <object_component id="oc-111">
         <name>.text</name>
         <load_address>0x3b7a</load_address>
         <run_address>0x3b7a</run_address>
         <size>0x6e</size>
         <input_file_ref idref="fl-d1"/>
      </object_component>
      <object_component id="oc-15">
         <name>.text:decompress:lzss:__TI_decompress_lzss</name>
         <load_address>0x3be8</load_address>
         <run_address>0x3be8</run_address>
         <size>0x68</size>
         <input_file_ref idref="fl-d7"/>
      </object_component>
      <object_component id="oc-38b">
         <name>.text:frexp</name>
         <load_address>0x3c50</load_address>
         <run_address>0x3c50</run_address>
         <size>0x64</size>
         <input_file_ref idref="fl-ed"/>
      </object_component>
      <object_component id="oc-30b">
         <name>.text:_pconv_f</name>
         <load_address>0x3cb4</load_address>
         <run_address>0x3cb4</run_address>
         <size>0x56</size>
         <input_file_ref idref="fl-dc"/>
      </object_component>
      <object_component id="oc-36a">
         <name>.text:__TI_ltoa</name>
         <load_address>0x3d0a</load_address>
         <run_address>0x3d0a</run_address>
         <size>0x54</size>
         <input_file_ref idref="fl-e4"/>
      </object_component>
      <object_component id="oc-370">
         <name>.text:_ecpy</name>
         <load_address>0x3d5e</load_address>
         <run_address>0x3d5e</run_address>
         <size>0x52</size>
         <input_file_ref idref="fl-dc"/>
      </object_component>
      <object_component id="oc-2f9">
         <name>.text:atoi</name>
         <load_address>0x3db0</load_address>
         <run_address>0x3db0</run_address>
         <size>0x4c</size>
         <input_file_ref idref="fl-e6"/>
      </object_component>
      <object_component id="oc-107">
         <name>.text</name>
         <load_address>0x3dfc</load_address>
         <run_address>0x3dfc</run_address>
         <size>0x48</size>
         <input_file_ref idref="fl-d0"/>
      </object_component>
      <object_component id="oc-12e">
         <name>.text:__TI_auto_init_nobinit_nopinit:__TI_auto_init_nobinit_nopinit</name>
         <load_address>0x3e44</load_address>
         <run_address>0x3e44</run_address>
         <size>0x44</size>
         <input_file_ref idref="fl-df"/>
      </object_component>
      <object_component id="oc-1cf">
         <name>.text:sprintf</name>
         <load_address>0x3e88</load_address>
         <run_address>0x3e88</run_address>
         <size>0x40</size>
         <input_file_ref idref="fl-ca"/>
      </object_component>
      <object_component id="oc-252">
         <name>.text:vsnprintf</name>
         <load_address>0x3ec8</load_address>
         <run_address>0x3ec8</run_address>
         <size>0x40</size>
         <input_file_ref idref="fl-cb"/>
      </object_component>
      <object_component id="oc-383">
         <name>.text:_fcpy</name>
         <load_address>0x3f08</load_address>
         <run_address>0x3f08</run_address>
         <size>0x3e</size>
         <input_file_ref idref="fl-dc"/>
      </object_component>
      <object_component id="oc-167">
         <name>.text:calloc</name>
         <load_address>0x3f48</load_address>
         <run_address>0x3f48</run_address>
         <size>0x38</size>
         <input_file_ref idref="fl-d8"/>
      </object_component>
      <object_component id="oc-10c">
         <name>.text</name>
         <load_address>0x3f80</load_address>
         <run_address>0x3f80</run_address>
         <size>0x38</size>
         <input_file_ref idref="fl-d2"/>
      </object_component>
      <object_component id="oc-186">
         <name>.text:IntRegister</name>
         <load_address>0x3fb8</load_address>
         <run_address>0x3fb8</run_address>
         <size>0x34</size>
         <input_file_ref idref="fl-f1"/>
      </object_component>
      <object_component id="oc-5c">
         <name>.text:_c_int00_noargs:_c_int00_noargs</name>
         <load_address>0x3fec</load_address>
         <run_address>0x3fec</run_address>
         <size>0x34</size>
         <input_file_ref idref="fl-db"/>
      </object_component>
      <object_component id="oc-2d2">
         <name>.text:_outs</name>
         <load_address>0x4020</load_address>
         <run_address>0x4020</run_address>
         <size>0x30</size>
         <input_file_ref idref="fl-cb"/>
      </object_component>
      <object_component id="oc-e8">
         <name>.text</name>
         <load_address>0x4050</load_address>
         <run_address>0x4050</run_address>
         <size>0x2e</size>
         <input_file_ref idref="fl-d3"/>
      </object_component>
      <object_component id="oc-212">
         <name>.text:free_list_insert</name>
         <load_address>0x4080</load_address>
         <run_address>0x4080</run_address>
         <size>0x28</size>
         <input_file_ref idref="fl-d8"/>
      </object_component>
      <object_component id="oc-4a">
         <name>.text:decompress:ZI:__TI_zero_init_nomemset:__TI_zero_init_nomemset</name>
         <load_address>0x40a8</load_address>
         <run_address>0x40a8</run_address>
         <size>0x1c</size>
         <input_file_ref idref="fl-d5"/>
      </object_component>
      <object_component id="oc-20c">
         <name>.text:free_list_remove</name>
         <load_address>0x40c4</load_address>
         <run_address>0x40c4</run_address>
         <size>0x1c</size>
         <input_file_ref idref="fl-d8"/>
      </object_component>
      <object_component id="oc-31d">
         <name>.text:memccpy</name>
         <load_address>0x40e0</load_address>
         <run_address>0x40e0</run_address>
         <size>0x1c</size>
         <input_file_ref idref="fl-e8"/>
      </object_component>
      <object_component id="oc-3d3">
         <name>.text:copysign</name>
         <load_address>0x40fc</load_address>
         <run_address>0x40fc</run_address>
         <size>0x1a</size>
         <input_file_ref idref="fl-f0"/>
      </object_component>
      <object_component id="oc-2d8">
         <name>.text:_outc</name>
         <load_address>0x4116</load_address>
         <run_address>0x4116</run_address>
         <size>0x18</size>
         <input_file_ref idref="fl-cb"/>
      </object_component>
      <object_component id="oc-27e">
         <name>.text:_outs</name>
         <load_address>0x412e</load_address>
         <run_address>0x412e</run_address>
         <size>0x18</size>
         <input_file_ref idref="fl-ca"/>
      </object_component>
      <object_component id="oc-179">
         <name>.text:oi_parseInt</name>
         <load_address>0x4146</load_address>
         <run_address>0x4146</run_address>
         <size>0x18</size>
         <input_file_ref idref="fl-7"/>
      </object_component>
      <object_component id="oc-180">
         <name>.text:strcmp</name>
         <load_address>0x415e</load_address>
         <run_address>0x415e</run_address>
         <size>0x18</size>
         <input_file_ref idref="fl-d9"/>
      </object_component>
      <object_component id="oc-397">
         <name>.text:strchr</name>
         <load_address>0x4176</load_address>
         <run_address>0x4176</run_address>
         <size>0x16</size>
         <input_file_ref idref="fl-e9"/>
      </object_component>
      <object_component id="oc-258">
         <name>.text:strcpy</name>
         <load_address>0x418c</load_address>
         <run_address>0x418c</run_address>
         <size>0x14</size>
         <input_file_ref idref="fl-da"/>
      </object_component>
      <object_component id="oc-2f3">
         <name>.text:strlen</name>
         <load_address>0x41a0</load_address>
         <run_address>0x41a0</run_address>
         <size>0x14</size>
         <input_file_ref idref="fl-ea"/>
      </object_component>
      <object_component id="oc-323">
         <name>.text:wcslen</name>
         <load_address>0x41b4</load_address>
         <run_address>0x41b4</run_address>
         <size>0x12</size>
         <input_file_ref idref="fl-ec"/>
      </object_component>
      <object_component id="oc-18c">
         <name>.text:IntMasterEnable</name>
         <load_address>0x41c6</load_address>
         <run_address>0x41c6</run_address>
         <size>0x10</size>
         <input_file_ref idref="fl-f1"/>
      </object_component>
      <object_component id="oc-24b">
         <name>.text:lcd_clear</name>
         <load_address>0x41d6</load_address>
         <run_address>0x41d6</run_address>
         <size>0x10</size>
         <input_file_ref idref="fl-4"/>
      </object_component>
      <object_component id="oc-1b">
         <name>.text:decompress:none:__TI_decompress_none</name>
         <load_address>0x41e6</load_address>
         <run_address>0x41e6</run_address>
         <size>0xe</size>
         <input_file_ref idref="fl-d6"/>
      </object_component>
      <object_component id="oc-22c">
         <name>.text:CPUcpsie</name>
         <load_address>0x41f4</load_address>
         <run_address>0x41f4</run_address>
         <size>0xc</size>
         <input_file_ref idref="fl-f2"/>
      </object_component>
      <object_component id="oc-2a">
         <name>.text</name>
         <load_address>0x4200</load_address>
         <run_address>0x4200</run_address>
         <size>0xc</size>
         <input_file_ref idref="fl-8"/>
      </object_component>
      <object_component id="oc-284">
         <name>.text:_outc</name>
         <load_address>0x420c</load_address>
         <run_address>0x420c</run_address>
         <size>0xa</size>
         <input_file_ref idref="fl-ca"/>
      </object_component>
      <object_component id="oc-329">
         <name>.text:__aeabi_errno_addr</name>
         <load_address>0x4218</load_address>
         <run_address>0x4218</run_address>
         <size>0x8</size>
         <input_file_ref idref="fl-eb"/>
      </object_component>
      <object_component id="oc-205">
         <name>.text:malloc</name>
         <load_address>0x4220</load_address>
         <run_address>0x4220</run_address>
         <size>0x8</size>
         <input_file_ref idref="fl-d8"/>
      </object_component>
      <object_component id="oc-9c">
         <name>.text:_system_pre_init</name>
         <load_address>0x4228</load_address>
         <run_address>0x4228</run_address>
         <size>0x4</size>
         <input_file_ref idref="fl-e0"/>
      </object_component>
      <object_component id="oc-122">
         <name>.text:abort:abort</name>
         <load_address>0x422c</load_address>
         <run_address>0x422c</run_address>
         <size>0x4</size>
         <input_file_ref idref="fl-e2"/>
      </object_component>
      <object_component id="oc-35f">
         <name>.const:.string:_ctypes_</name>
         <load_address>0x4230</load_address>
         <run_address>0x4230</run_address>
         <size>0x101</size>
         <input_file_ref idref="fl-e7"/>
      </object_component>
      <object_component id="oc-19a">
         <name>.const:.string:$P$T0$3</name>
         <load_address>0x4331</load_address>
         <run_address>0x4331</run_address>
         <size>0xf</size>
         <input_file_ref idref="fl-7"/>
      </object_component>
      <object_component id="oc-25e">
         <name>.const:.string:lineAddress$1</name>
         <load_address>0x4340</load_address>
         <run_address>0x4340</run_address>
         <size>0x4</size>
         <input_file_ref idref="fl-4"/>
      </object_component>
      <object_component id="oc-25f">
         <name>.const:.string:lineAddresses$2</name>
         <load_address>0x4344</load_address>
         <run_address>0x4344</run_address>
         <size>0x4</size>
         <input_file_ref idref="fl-4"/>
      </object_component>
      <object_component id="oc-42c">
         <name>.cinit..data.load</name>
         <load_address>0x4348</load_address>
         <run_address>0x4348</run_address>
         <size>0x19</size>
      </object_component>
      <object_component id="oc-429">
         <name>__TI_handler_table</name>
         <load_address>0x4364</load_address>
         <run_address>0x4364</run_address>
         <size>0xc</size>
      </object_component>
      <object_component id="oc-42d">
         <name>.cinit..bss.load</name>
         <load_address>0x4370</load_address>
         <run_address>0x4370</run_address>
         <size>0x8</size>
      </object_component>
      <object_component id="oc-42b">
         <name>.cinit..vtable.load</name>
         <load_address>0x4378</load_address>
         <run_address>0x4378</run_address>
         <size>0x8</size>
      </object_component>
      <object_component id="oc-42a">
         <name>__TI_cinit_table</name>
         <load_address>0x4380</load_address>
         <run_address>0x4380</run_address>
         <size>0x18</size>
      </object_component>
      <object_component id="oc-222">
         <name>.vtable</name>
         <uninitialized>true</uninitialized>
         <run_address>0x20000000</run_address>
         <size>0x26c</size>
         <input_file_ref idref="fl-f1"/>
      </object_component>
      <object_component id="oc-219">
         <name>.data</name>
         <load_address>0x20002adc</load_address>
         <run_address>0x20002adc</run_address>
         <size>0x1</size>
         <input_file_ref idref="fl-3"/>
      </object_component>
      <object_component id="oc-192">
         <name>.data</name>
         <load_address>0x20002aa0</load_address>
         <run_address>0x20002aa0</run_address>
         <size>0x20</size>
         <input_file_ref idref="fl-7"/>
      </object_component>
      <object_component id="oc-1bd">
         <name>.data</name>
         <load_address>0x20002ad0</load_address>
         <run_address>0x20002ad0</run_address>
         <size>0x4</size>
         <input_file_ref idref="fl-10"/>
      </object_component>
      <object_component id="oc-1c9">
         <name>.data</name>
         <load_address>0x20002ad4</load_address>
         <run_address>0x20002ad4</run_address>
         <size>0x4</size>
         <input_file_ref idref="fl-14"/>
      </object_component>
      <object_component id="oc-2b4">
         <name>.data:$O1$$</name>
         <load_address>0x20002ac8</load_address>
         <run_address>0x20002ac8</run_address>
         <size>0x8</size>
         <input_file_ref idref="fl-d8"/>
      </object_component>
      <object_component id="oc-1e9">
         <name>.data:$O1$$</name>
         <load_address>0x20002ac0</load_address>
         <run_address>0x20002ac0</run_address>
         <size>0x8</size>
         <input_file_ref idref="fl-e3"/>
      </object_component>
      <object_component id="oc-3a7">
         <name>.data</name>
         <load_address>0x20002ad8</load_address>
         <run_address>0x20002ad8</run_address>
         <size>0x4</size>
         <input_file_ref idref="fl-eb"/>
      </object_component>
      <object_component id="oc-260">
         <name>.bss:lastbuffer$3</name>
         <uninitialized>true</uninitialized>
         <run_address>0x200029e0</run_address>
         <size>0x54</size>
         <input_file_ref idref="fl-4"/>
      </object_component>
      <object_component id="oc-19d">
         <name>.bss:firmware$2</name>
         <uninitialized>true</uninitialized>
         <run_address>0x20002a68</run_address>
         <size>0x18</size>
         <input_file_ref idref="fl-7"/>
      </object_component>
      <object_component id="oc-21c">
         <name>.common:_timeout_ticks</name>
         <uninitialized>true</uninitialized>
         <run_address>0x20002a80</run_address>
         <size>0x4</size>
      </object_component>
      <object_component id="oc-116">
         <name>.common:right_calibration_value</name>
         <uninitialized>true</uninitialized>
         <run_address>0x20002a94</run_address>
         <size>0x4</size>
      </object_component>
      <object_component id="oc-11b">
         <name>.common:left_calibration_value</name>
         <uninitialized>true</uninitialized>
         <run_address>0x20002a8c</run_address>
         <size>0x4</size>
      </object_component>
      <object_component id="oc-247">
         <name>.common:isr_int_value</name>
         <uninitialized>true</uninitialized>
         <run_address>0x20002a88</run_address>
         <size>0x4</size>
      </object_component>
      <object_component id="oc-243">
         <name>.common:risingEdge</name>
         <uninitialized>true</uninitialized>
         <run_address>0x20002a98</run_address>
         <size>0x4</size>
      </object_component>
      <object_component id="oc-244">
         <name>.common:fallingEdge</name>
         <uninitialized>true</uninitialized>
         <run_address>0x20002a84</run_address>
         <size>0x4</size>
      </object_component>
      <object_component id="oc-245">
         <name>.common:pulseLength</name>
         <uninitialized>true</uninitialized>
         <run_address>0x20002a90</run_address>
         <size>0x4</size>
      </object_component>
      <object_component id="oc-240">
         <name>.common:isRisingEdge</name>
         <uninitialized>true</uninitialized>
         <run_address>0x20002a9c</run_address>
         <size>0x1</size>
      </object_component>
      <object_component id="oc-1c6">
         <name>.common:isr_char_buffer</name>
         <uninitialized>true</uninitialized>
         <run_address>0x20002a34</run_address>
         <size>0x34</size>
      </object_component>
      <object_component id="oc-24">
         <name>.sysmem</name>
         <uninitialized>true</uninitialized>
         <run_address>0x200019e0</run_address>
         <size>0x10</size>
         <input_file_ref idref="fl-d8"/>
      </object_component>
      <object_component id="oc-430">
         <name>.sysmem</name>
         <uninitialized>true</uninitialized>
         <run_address>0x200019e0</run_address>
         <size>0x0</size>
      </object_component>
      <object_component id="oc-27">
         <name>.stack</name>
         <uninitialized>true</uninitialized>
         <run_address>0x20000270</run_address>
         <size>0x4</size>
         <input_file_ref idref="fl-db"/>
      </object_component>
      <object_component id="oc-42f">
         <name>.stack</name>
         <uninitialized>true</uninitialized>
         <run_address>0x20000270</run_address>
         <size>0x0</size>
      </object_component>
      <object_component id="oc-c5">
         <name>.debug_info</name>
         <load_address>0x0</load_address>
         <run_address>0x0</run_address>
         <size>0x309</size>
         <input_file_ref idref="fl-2"/>
      </object_component>
      <object_component id="oc-f5">
         <name>.debug_info</name>
         <load_address>0x309</load_address>
         <run_address>0x309</run_address>
         <size>0x374</size>
         <input_file_ref idref="fl-2"/>
      </object_component>
      <object_component id="oc-77">
         <name>.debug_info</name>
         <load_address>0x67d</load_address>
         <run_address>0x67d</run_address>
         <size>0x26b</size>
         <input_file_ref idref="fl-2"/>
      </object_component>
      <object_component id="oc-39">
         <name>.debug_info</name>
         <load_address>0x8e8</load_address>
         <run_address>0x8e8</run_address>
         <size>0x84</size>
         <input_file_ref idref="fl-2"/>
      </object_component>
      <object_component id="oc-c0">
         <name>.debug_info</name>
         <load_address>0x96c</load_address>
         <run_address>0x96c</run_address>
         <size>0x2a4</size>
         <input_file_ref idref="fl-2"/>
      </object_component>
      <object_component id="oc-7c">
         <name>.debug_info</name>
         <load_address>0xc10</load_address>
         <run_address>0xc10</run_address>
         <size>0xbb</size>
         <input_file_ref idref="fl-2"/>
      </object_component>
      <object_component id="oc-23a">
         <name>.debug_info</name>
         <load_address>0xccb</load_address>
         <run_address>0xccb</run_address>
         <size>0xcc</size>
         <input_file_ref idref="fl-2"/>
      </object_component>
      <object_component id="oc-263">
         <name>.debug_info</name>
         <load_address>0xd97</load_address>
         <run_address>0xd97</run_address>
         <size>0x2c</size>
         <input_file_ref idref="fl-2"/>
      </object_component>
      <object_component id="oc-162">
         <name>.debug_info</name>
         <load_address>0xdc3</load_address>
         <run_address>0xdc3</run_address>
         <size>0x35</size>
         <input_file_ref idref="fl-2"/>
      </object_component>
      <object_component id="oc-21d">
         <name>.debug_info</name>
         <load_address>0xdf8</load_address>
         <run_address>0xdf8</run_address>
         <size>0x2b2</size>
         <input_file_ref idref="fl-3"/>
      </object_component>
      <object_component id="oc-21a">
         <name>.debug_info</name>
         <load_address>0x10aa</load_address>
         <run_address>0x10aa</run_address>
         <size>0xc0</size>
         <input_file_ref idref="fl-3"/>
      </object_component>
      <object_component id="oc-177">
         <name>.debug_info</name>
         <load_address>0x116a</load_address>
         <run_address>0x116a</run_address>
         <size>0x508</size>
         <input_file_ref idref="fl-3"/>
      </object_component>
      <object_component id="oc-262">
         <name>.debug_info</name>
         <load_address>0x1672</load_address>
         <run_address>0x1672</run_address>
         <size>0x380</size>
         <input_file_ref idref="fl-4"/>
      </object_component>
      <object_component id="oc-24c">
         <name>.debug_info</name>
         <load_address>0x19f2</load_address>
         <run_address>0x19f2</run_address>
         <size>0x115</size>
         <input_file_ref idref="fl-4"/>
      </object_component>
      <object_component id="oc-1b9">
         <name>.debug_info</name>
         <load_address>0x1b07</load_address>
         <run_address>0x1b07</run_address>
         <size>0x8a1</size>
         <input_file_ref idref="fl-4"/>
      </object_component>
      <object_component id="oc-117">
         <name>.debug_info</name>
         <load_address>0x23a8</load_address>
         <run_address>0x23a8</run_address>
         <size>0x47c</size>
         <input_file_ref idref="fl-5"/>
      </object_component>
      <object_component id="oc-a3">
         <name>.debug_info</name>
         <load_address>0x2824</load_address>
         <run_address>0x2824</run_address>
         <size>0x475</size>
         <input_file_ref idref="fl-5"/>
      </object_component>
      <object_component id="oc-1de">
         <name>.debug_info</name>
         <load_address>0x2c99</load_address>
         <run_address>0x2c99</run_address>
         <size>0x5aa</size>
         <input_file_ref idref="fl-5"/>
      </object_component>
      <object_component id="oc-11d">
         <name>.debug_info</name>
         <load_address>0x3243</load_address>
         <run_address>0x3243</run_address>
         <size>0x9d</size>
         <input_file_ref idref="fl-5"/>
      </object_component>
      <object_component id="oc-19f">
         <name>.debug_info</name>
         <load_address>0x32e0</load_address>
         <run_address>0x32e0</run_address>
         <size>0x3fd</size>
         <input_file_ref idref="fl-7"/>
      </object_component>
      <object_component id="oc-193">
         <name>.debug_info</name>
         <load_address>0x36dd</load_address>
         <run_address>0x36dd</run_address>
         <size>0x112</size>
         <input_file_ref idref="fl-7"/>
      </object_component>
      <object_component id="oc-19b">
         <name>.debug_info</name>
         <load_address>0x37ef</load_address>
         <run_address>0x37ef</run_address>
         <size>0xc7</size>
         <input_file_ref idref="fl-7"/>
      </object_component>
      <object_component id="oc-17b">
         <name>.debug_info</name>
         <load_address>0x38b6</load_address>
         <run_address>0x38b6</run_address>
         <size>0x13f</size>
         <input_file_ref idref="fl-7"/>
      </object_component>
      <object_component id="oc-d9">
         <name>.debug_info</name>
         <load_address>0x39f5</load_address>
         <run_address>0x39f5</run_address>
         <size>0x1989</size>
         <input_file_ref idref="fl-7"/>
      </object_component>
      <object_component id="oc-1a0">
         <name>.debug_info</name>
         <load_address>0x537e</load_address>
         <run_address>0x537e</run_address>
         <size>0x8b</size>
         <input_file_ref idref="fl-7"/>
      </object_component>
      <object_component id="oc-32">
         <name>.debug_info</name>
         <load_address>0x5409</load_address>
         <run_address>0x5409</run_address>
         <size>0x29c</size>
         <input_file_ref idref="fl-8"/>
      </object_component>
      <object_component id="oc-13">
         <name>.debug_info</name>
         <load_address>0x56a5</load_address>
         <run_address>0x56a5</run_address>
         <size>0xdb</size>
         <input_file_ref idref="fl-8"/>
      </object_component>
      <object_component id="oc-2b">
         <name>.debug_info</name>
         <load_address>0x5780</load_address>
         <run_address>0x5780</run_address>
         <size>0x257</size>
         <input_file_ref idref="fl-8"/>
      </object_component>
      <object_component id="oc-119">
         <name>.debug_info</name>
         <load_address>0x59d7</load_address>
         <run_address>0x59d7</run_address>
         <size>0x485</size>
         <input_file_ref idref="fl-10"/>
      </object_component>
      <object_component id="oc-1be">
         <name>.debug_info</name>
         <load_address>0x5e5c</load_address>
         <run_address>0x5e5c</run_address>
         <size>0x114</size>
         <input_file_ref idref="fl-10"/>
      </object_component>
      <object_component id="oc-df">
         <name>.debug_info</name>
         <load_address>0x5f70</load_address>
         <run_address>0x5f70</run_address>
         <size>0x4ce</size>
         <input_file_ref idref="fl-10"/>
      </object_component>
      <object_component id="oc-1c1">
         <name>.debug_info</name>
         <load_address>0x643e</load_address>
         <run_address>0x643e</run_address>
         <size>0x9d</size>
         <input_file_ref idref="fl-10"/>
      </object_component>
      <object_component id="oc-248">
         <name>.debug_info</name>
         <load_address>0x64db</load_address>
         <run_address>0x64db</run_address>
         <size>0x2b7</size>
         <input_file_ref idref="fl-11"/>
      </object_component>
      <object_component id="oc-1b3">
         <name>.debug_info</name>
         <load_address>0x6792</load_address>
         <run_address>0x6792</run_address>
         <size>0x266</size>
         <input_file_ref idref="fl-11"/>
      </object_component>
      <object_component id="oc-241">
         <name>.debug_info</name>
         <load_address>0x69f8</load_address>
         <run_address>0x69f8</run_address>
         <size>0x3ba</size>
         <input_file_ref idref="fl-12"/>
      </object_component>
      <object_component id="oc-1ad">
         <name>.debug_info</name>
         <load_address>0x6db2</load_address>
         <run_address>0x6db2</run_address>
         <size>0x270</size>
         <input_file_ref idref="fl-12"/>
      </object_component>
      <object_component id="oc-1a8">
         <name>.debug_info</name>
         <load_address>0x7022</load_address>
         <run_address>0x7022</run_address>
         <size>0x296</size>
         <input_file_ref idref="fl-13"/>
      </object_component>
      <object_component id="oc-1c7">
         <name>.debug_info</name>
         <load_address>0x72b8</load_address>
         <run_address>0x72b8</run_address>
         <size>0x326</size>
         <input_file_ref idref="fl-14"/>
      </object_component>
      <object_component id="oc-1ca">
         <name>.debug_info</name>
         <load_address>0x75de</load_address>
         <run_address>0x75de</run_address>
         <size>0xee</size>
         <input_file_ref idref="fl-14"/>
      </object_component>
      <object_component id="oc-e6">
         <name>.debug_info</name>
         <load_address>0x76cc</load_address>
         <run_address>0x76cc</run_address>
         <size>0x43b</size>
         <input_file_ref idref="fl-14"/>
      </object_component>
      <object_component id="oc-271">
         <name>.debug_info</name>
         <load_address>0x7b07</load_address>
         <run_address>0x7b07</run_address>
         <size>0x26b</size>
         <input_file_ref idref="fl-14"/>
      </object_component>
      <object_component id="oc-2ee">
         <name>.debug_info</name>
         <load_address>0x7d72</load_address>
         <run_address>0x7d72</run_address>
         <size>0x297</size>
         <input_file_ref idref="fl-14"/>
      </object_component>
      <object_component id="oc-26c">
         <name>.debug_info</name>
         <load_address>0x8009</load_address>
         <run_address>0x8009</run_address>
         <size>0xbb</size>
         <input_file_ref idref="fl-14"/>
      </object_component>
      <object_component id="oc-28b">
         <name>.debug_info</name>
         <load_address>0x80c4</load_address>
         <run_address>0x80c4</run_address>
         <size>0x333</size>
         <input_file_ref idref="fl-ca"/>
      </object_component>
      <object_component id="oc-1d3">
         <name>.debug_info</name>
         <load_address>0x83f7</load_address>
         <run_address>0x83f7</run_address>
         <size>0x1d1</size>
         <input_file_ref idref="fl-ca"/>
      </object_component>
      <object_component id="oc-280">
         <name>.debug_info</name>
         <load_address>0x85c8</load_address>
         <run_address>0x85c8</run_address>
         <size>0x18d</size>
         <input_file_ref idref="fl-ca"/>
      </object_component>
      <object_component id="oc-287">
         <name>.debug_info</name>
         <load_address>0x8755</load_address>
         <run_address>0x8755</run_address>
         <size>0x16d</size>
         <input_file_ref idref="fl-ca"/>
      </object_component>
      <object_component id="oc-2e0">
         <name>.debug_info</name>
         <load_address>0x88c2</load_address>
         <run_address>0x88c2</run_address>
         <size>0x2c</size>
         <input_file_ref idref="fl-ca"/>
      </object_component>
      <object_component id="oc-2df">
         <name>.debug_info</name>
         <load_address>0x88ee</load_address>
         <run_address>0x88ee</run_address>
         <size>0x340</size>
         <input_file_ref idref="fl-cb"/>
      </object_component>
      <object_component id="oc-255">
         <name>.debug_info</name>
         <load_address>0x8c2e</load_address>
         <run_address>0x8c2e</run_address>
         <size>0x208</size>
         <input_file_ref idref="fl-cb"/>
      </object_component>
      <object_component id="oc-2d4">
         <name>.debug_info</name>
         <load_address>0x8e36</load_address>
         <run_address>0x8e36</run_address>
         <size>0x1c6</size>
         <input_file_ref idref="fl-cb"/>
      </object_component>
      <object_component id="oc-2da">
         <name>.debug_info</name>
         <load_address>0x8ffc</load_address>
         <run_address>0x8ffc</run_address>
         <size>0x179</size>
         <input_file_ref idref="fl-cb"/>
      </object_component>
      <object_component id="oc-2e5">
         <name>.debug_info</name>
         <load_address>0x9175</load_address>
         <run_address>0x9175</run_address>
         <size>0x69</size>
         <input_file_ref idref="fl-cb"/>
      </object_component>
      <object_component id="oc-fb">
         <name>.debug_info</name>
         <load_address>0x91de</load_address>
         <run_address>0x91de</run_address>
         <size>0x14c</size>
         <input_file_ref idref="fl-cc"/>
      </object_component>
      <object_component id="oc-ef">
         <name>.debug_info</name>
         <load_address>0x932a</load_address>
         <run_address>0x932a</run_address>
         <size>0x128</size>
         <input_file_ref idref="fl-cd"/>
      </object_component>
      <object_component id="oc-100">
         <name>.debug_info</name>
         <load_address>0x9452</load_address>
         <run_address>0x9452</run_address>
         <size>0x12a</size>
         <input_file_ref idref="fl-cd"/>
      </object_component>
      <object_component id="oc-104">
         <name>.debug_info</name>
         <load_address>0x957c</load_address>
         <run_address>0x957c</run_address>
         <size>0x13a</size>
         <input_file_ref idref="fl-ce"/>
      </object_component>
      <object_component id="oc-196">
         <name>.debug_info</name>
         <load_address>0x96b6</load_address>
         <run_address>0x96b6</run_address>
         <size>0x13a</size>
         <input_file_ref idref="fl-cf"/>
      </object_component>
      <object_component id="oc-109">
         <name>.debug_info</name>
         <load_address>0x97f0</load_address>
         <run_address>0x97f0</run_address>
         <size>0x12e</size>
         <input_file_ref idref="fl-d0"/>
      </object_component>
      <object_component id="oc-113">
         <name>.debug_info</name>
         <load_address>0x991e</load_address>
         <run_address>0x991e</run_address>
         <size>0x13e</size>
         <input_file_ref idref="fl-d1"/>
      </object_component>
      <object_component id="oc-10e">
         <name>.debug_info</name>
         <load_address>0x9a5c</load_address>
         <run_address>0x9a5c</run_address>
         <size>0x12c</size>
         <input_file_ref idref="fl-d2"/>
      </object_component>
      <object_component id="oc-eb">
         <name>.debug_info</name>
         <load_address>0x9b88</load_address>
         <run_address>0x9b88</run_address>
         <size>0x12c</size>
         <input_file_ref idref="fl-d3"/>
      </object_component>
      <object_component id="oc-3f">
         <name>.debug_info</name>
         <load_address>0x9cb4</load_address>
         <run_address>0x9cb4</run_address>
         <size>0x119</size>
         <input_file_ref idref="fl-d4"/>
      </object_component>
      <object_component id="oc-95">
         <name>.debug_info</name>
         <load_address>0x9dcd</load_address>
         <run_address>0x9dcd</run_address>
         <size>0x2d4</size>
         <input_file_ref idref="fl-d5"/>
      </object_component>
      <object_component id="oc-4c">
         <name>.debug_info</name>
         <load_address>0xa0a1</load_address>
         <run_address>0xa0a1</run_address>
         <size>0x1d2</size>
         <input_file_ref idref="fl-d5"/>
      </object_component>
      <object_component id="oc-90">
         <name>.debug_info</name>
         <load_address>0xa273</load_address>
         <run_address>0xa273</run_address>
         <size>0x46</size>
         <input_file_ref idref="fl-d5"/>
      </object_component>
      <object_component id="oc-cd">
         <name>.debug_info</name>
         <load_address>0xa2b9</load_address>
         <run_address>0xa2b9</run_address>
         <size>0x2c</size>
         <input_file_ref idref="fl-d5"/>
      </object_component>
      <object_component id="oc-49">
         <name>.debug_info</name>
         <load_address>0xa2e5</load_address>
         <run_address>0xa2e5</run_address>
         <size>0x2a8</size>
         <input_file_ref idref="fl-d6"/>
      </object_component>
      <object_component id="oc-1c">
         <name>.debug_info</name>
         <load_address>0xa58d</load_address>
         <run_address>0xa58d</run_address>
         <size>0x1ea</size>
         <input_file_ref idref="fl-d6"/>
      </object_component>
      <object_component id="oc-44">
         <name>.debug_info</name>
         <load_address>0xa777</load_address>
         <run_address>0xa777</run_address>
         <size>0x46</size>
         <input_file_ref idref="fl-d6"/>
      </object_component>
      <object_component id="oc-88">
         <name>.debug_info</name>
         <load_address>0xa7bd</load_address>
         <run_address>0xa7bd</run_address>
         <size>0x2c</size>
         <input_file_ref idref="fl-d6"/>
      </object_component>
      <object_component id="oc-86">
         <name>.debug_info</name>
         <load_address>0xa7e9</load_address>
         <run_address>0xa7e9</run_address>
         <size>0x29e</size>
         <input_file_ref idref="fl-d7"/>
      </object_component>
      <object_component id="oc-18">
         <name>.debug_info</name>
         <load_address>0xaa87</load_address>
         <run_address>0xaa87</run_address>
         <size>0x250</size>
         <input_file_ref idref="fl-d7"/>
      </object_component>
      <object_component id="oc-34">
         <name>.debug_info</name>
         <load_address>0xacd7</load_address>
         <run_address>0xacd7</run_address>
         <size>0x60</size>
         <input_file_ref idref="fl-d7"/>
      </object_component>
      <object_component id="oc-c6">
         <name>.debug_info</name>
         <load_address>0xad37</load_address>
         <run_address>0xad37</run_address>
         <size>0x46</size>
         <input_file_ref idref="fl-d7"/>
      </object_component>
      <object_component id="oc-81">
         <name>.debug_info</name>
         <load_address>0xad7d</load_address>
         <run_address>0xad7d</run_address>
         <size>0x39</size>
         <input_file_ref idref="fl-d7"/>
      </object_component>
      <object_component id="oc-70">
         <name>.debug_info</name>
         <load_address>0xadb6</load_address>
         <run_address>0xadb6</run_address>
         <size>0x3b2</size>
         <input_file_ref idref="fl-d8"/>
      </object_component>
      <object_component id="oc-25">
         <name>.debug_info</name>
         <load_address>0xb168</load_address>
         <run_address>0xb168</run_address>
         <size>0x10c</size>
         <input_file_ref idref="fl-d8"/>
      </object_component>
      <object_component id="oc-2b5">
         <name>.debug_info</name>
         <load_address>0xb274</load_address>
         <run_address>0xb274</run_address>
         <size>0x13f</size>
         <input_file_ref idref="fl-d8"/>
      </object_component>
      <object_component id="oc-209">
         <name>.debug_info</name>
         <load_address>0xb3b3</load_address>
         <run_address>0xb3b3</run_address>
         <size>0x168</size>
         <input_file_ref idref="fl-d8"/>
      </object_component>
      <object_component id="oc-210">
         <name>.debug_info</name>
         <load_address>0xb51b</load_address>
         <run_address>0xb51b</run_address>
         <size>0x18e</size>
         <input_file_ref idref="fl-d8"/>
      </object_component>
      <object_component id="oc-216">
         <name>.debug_info</name>
         <load_address>0xb6a9</load_address>
         <run_address>0xb6a9</run_address>
         <size>0x19f</size>
         <input_file_ref idref="fl-d8"/>
      </object_component>
      <object_component id="oc-171">
         <name>.debug_info</name>
         <load_address>0xb848</load_address>
         <run_address>0xb848</run_address>
         <size>0x203</size>
         <input_file_ref idref="fl-d8"/>
      </object_component>
      <object_component id="oc-352">
         <name>.debug_info</name>
         <load_address>0xba4b</load_address>
         <run_address>0xba4b</run_address>
         <size>0x1db</size>
         <input_file_ref idref="fl-d8"/>
      </object_component>
      <object_component id="oc-16b">
         <name>.debug_info</name>
         <load_address>0xbc26</load_address>
         <run_address>0xbc26</run_address>
         <size>0x1a5</size>
         <input_file_ref idref="fl-d8"/>
      </object_component>
      <object_component id="oc-2b1">
         <name>.debug_info</name>
         <load_address>0xbdcb</load_address>
         <run_address>0xbdcb</run_address>
         <size>0x299</size>
         <input_file_ref idref="fl-d8"/>
      </object_component>
      <object_component id="oc-bb">
         <name>.debug_info</name>
         <load_address>0xc064</load_address>
         <run_address>0xc064</run_address>
         <size>0xb2</size>
         <input_file_ref idref="fl-d8"/>
      </object_component>
      <object_component id="oc-b6">
         <name>.debug_info</name>
         <load_address>0xc116</load_address>
         <run_address>0xc116</run_address>
         <size>0x2c</size>
         <input_file_ref idref="fl-d8"/>
      </object_component>
      <object_component id="oc-221">
         <name>.debug_info</name>
         <load_address>0xc142</load_address>
         <run_address>0xc142</run_address>
         <size>0x28a</size>
         <input_file_ref idref="fl-d9"/>
      </object_component>
      <object_component id="oc-183">
         <name>.debug_info</name>
         <load_address>0xc3cc</load_address>
         <run_address>0xc3cc</run_address>
         <size>0x273</size>
         <input_file_ref idref="fl-d9"/>
      </object_component>
      <object_component id="oc-2eb">
         <name>.debug_info</name>
         <load_address>0xc63f</load_address>
         <run_address>0xc63f</run_address>
         <size>0x2a4</size>
         <input_file_ref idref="fl-da"/>
      </object_component>
      <object_component id="oc-25b">
         <name>.debug_info</name>
         <load_address>0xc8e3</load_address>
         <run_address>0xc8e3</run_address>
         <size>0x24d</size>
         <input_file_ref idref="fl-da"/>
      </object_component>
      <object_component id="oc-28">
         <name>.debug_info</name>
         <load_address>0xcb30</load_address>
         <run_address>0xcb30</run_address>
         <size>0x10b</size>
         <input_file_ref idref="fl-db"/>
      </object_component>
      <object_component id="oc-5f">
         <name>.debug_info</name>
         <load_address>0xcc3b</load_address>
         <run_address>0xcc3b</run_address>
         <size>0x1a9</size>
         <input_file_ref idref="fl-db"/>
      </object_component>
      <object_component id="oc-330">
         <name>.debug_info</name>
         <load_address>0xcde4</load_address>
         <run_address>0xcde4</run_address>
         <size>0x590</size>
         <input_file_ref idref="fl-dc"/>
      </object_component>
      <object_component id="oc-300">
         <name>.debug_info</name>
         <load_address>0xd374</load_address>
         <run_address>0xd374</run_address>
         <size>0x21e</size>
         <input_file_ref idref="fl-dc"/>
      </object_component>
      <object_component id="oc-371">
         <name>.debug_info</name>
         <load_address>0xd592</load_address>
         <run_address>0xd592</run_address>
         <size>0x1b3</size>
         <input_file_ref idref="fl-dc"/>
      </object_component>
      <object_component id="oc-377">
         <name>.debug_info</name>
         <load_address>0xd745</load_address>
         <run_address>0xd745</run_address>
         <size>0x21b</size>
         <input_file_ref idref="fl-dc"/>
      </object_component>
      <object_component id="oc-306">
         <name>.debug_info</name>
         <load_address>0xd960</load_address>
         <run_address>0xd960</run_address>
         <size>0x3c0</size>
         <input_file_ref idref="fl-dc"/>
      </object_component>
      <object_component id="oc-37e">
         <name>.debug_info</name>
         <load_address>0xdd20</load_address>
         <run_address>0xdd20</run_address>
         <size>0x30a</size>
         <input_file_ref idref="fl-dc"/>
      </object_component>
      <object_component id="oc-385">
         <name>.debug_info</name>
         <load_address>0xe02a</load_address>
         <run_address>0xe02a</run_address>
         <size>0x215</size>
         <input_file_ref idref="fl-dc"/>
      </object_component>
      <object_component id="oc-30d">
         <name>.debug_info</name>
         <load_address>0xe23f</load_address>
         <run_address>0xe23f</run_address>
         <size>0x215</size>
         <input_file_ref idref="fl-dc"/>
      </object_component>
      <object_component id="oc-313">
         <name>.debug_info</name>
         <load_address>0xe454</load_address>
         <run_address>0xe454</run_address>
         <size>0x304</size>
         <input_file_ref idref="fl-dc"/>
      </object_component>
      <object_component id="oc-319">
         <name>.debug_info</name>
         <load_address>0xe758</load_address>
         <run_address>0xe758</run_address>
         <size>0x4b5</size>
         <input_file_ref idref="fl-dc"/>
      </object_component>
      <object_component id="oc-27a">
         <name>.debug_info</name>
         <load_address>0xec0d</load_address>
         <run_address>0xec0d</run_address>
         <size>0x5f4</size>
         <input_file_ref idref="fl-dc"/>
      </object_component>
      <object_component id="oc-331">
         <name>.debug_info</name>
         <load_address>0xf201</load_address>
         <run_address>0xf201</run_address>
         <size>0x86</size>
         <input_file_ref idref="fl-dc"/>
      </object_component>
      <object_component id="oc-3ae">
         <name>.debug_info</name>
         <load_address>0xf287</load_address>
         <run_address>0xf287</run_address>
         <size>0x39</size>
         <input_file_ref idref="fl-dc"/>
      </object_component>
      <object_component id="oc-3ea">
         <name>.debug_info</name>
         <load_address>0xf2c0</load_address>
         <run_address>0xf2c0</run_address>
         <size>0xb6</size>
         <input_file_ref idref="fl-dc"/>
      </object_component>
      <object_component id="oc-3b3">
         <name>.debug_info</name>
         <load_address>0xf376</load_address>
         <run_address>0xf376</run_address>
         <size>0x46</size>
         <input_file_ref idref="fl-dc"/>
      </object_component>
      <object_component id="oc-336">
         <name>.debug_info</name>
         <load_address>0xf3bc</load_address>
         <run_address>0xf3bc</run_address>
         <size>0x46</size>
         <input_file_ref idref="fl-dc"/>
      </object_component>
      <object_component id="oc-98">
         <name>.debug_info</name>
         <load_address>0xf402</load_address>
         <run_address>0xf402</run_address>
         <size>0x147</size>
         <input_file_ref idref="fl-dd"/>
      </object_component>
      <object_component id="oc-366">
         <name>.debug_info</name>
         <load_address>0xf549</load_address>
         <run_address>0xf549</run_address>
         <size>0x134</size>
         <input_file_ref idref="fl-de"/>
      </object_component>
      <object_component id="oc-1f0">
         <name>.debug_info</name>
         <load_address>0xf67d</load_address>
         <run_address>0xf67d</run_address>
         <size>0x4b3</size>
         <input_file_ref idref="fl-df"/>
      </object_component>
      <object_component id="oc-130">
         <name>.debug_info</name>
         <load_address>0xfb30</load_address>
         <run_address>0xfb30</run_address>
         <size>0x1a6</size>
         <input_file_ref idref="fl-df"/>
      </object_component>
      <object_component id="oc-29c">
         <name>.debug_info</name>
         <load_address>0xfcd6</load_address>
         <run_address>0xfcd6</run_address>
         <size>0x39</size>
         <input_file_ref idref="fl-df"/>
      </object_component>
      <object_component id="oc-342">
         <name>.debug_info</name>
         <load_address>0xfd0f</load_address>
         <run_address>0xfd0f</run_address>
         <size>0x39</size>
         <input_file_ref idref="fl-df"/>
      </object_component>
      <object_component id="oc-2a1">
         <name>.debug_info</name>
         <load_address>0xfd48</load_address>
         <run_address>0xfd48</run_address>
         <size>0x39</size>
         <input_file_ref idref="fl-df"/>
      </object_component>
      <object_component id="oc-2a6">
         <name>.debug_info</name>
         <load_address>0xfd81</load_address>
         <run_address>0xfd81</run_address>
         <size>0xcd</size>
         <input_file_ref idref="fl-df"/>
      </object_component>
      <object_component id="oc-9d">
         <name>.debug_info</name>
         <load_address>0xfe4e</load_address>
         <run_address>0xfe4e</run_address>
         <size>0x153</size>
         <input_file_ref idref="fl-e0"/>
      </object_component>
      <object_component id="oc-123">
         <name>.debug_info</name>
         <load_address>0xffa1</load_address>
         <run_address>0xffa1</run_address>
         <size>0x122</size>
         <input_file_ref idref="fl-e2"/>
      </object_component>
      <object_component id="oc-296">
         <name>.debug_info</name>
         <load_address>0x100c3</load_address>
         <run_address>0x100c3</run_address>
         <size>0x2c9</size>
         <input_file_ref idref="fl-e3"/>
      </object_component>
      <object_component id="oc-1ea">
         <name>.debug_info</name>
         <load_address>0x1038c</load_address>
         <run_address>0x1038c</run_address>
         <size>0x11e</size>
         <input_file_ref idref="fl-e3"/>
      </object_component>
      <object_component id="oc-292">
         <name>.debug_info</name>
         <load_address>0x104aa</load_address>
         <run_address>0x104aa</run_address>
         <size>0x12e</size>
         <input_file_ref idref="fl-e3"/>
      </object_component>
      <object_component id="oc-3c7">
         <name>.debug_info</name>
         <load_address>0x105d8</load_address>
         <run_address>0x105d8</run_address>
         <size>0x29c</size>
         <input_file_ref idref="fl-e4"/>
      </object_component>
      <object_component id="oc-36b">
         <name>.debug_info</name>
         <load_address>0x10874</load_address>
         <run_address>0x10874</run_address>
         <size>0x1da</size>
         <input_file_ref idref="fl-e4"/>
      </object_component>
      <object_component id="oc-363">
         <name>.debug_info</name>
         <load_address>0x10a4e</load_address>
         <run_address>0x10a4e</run_address>
         <size>0x2b9</size>
         <input_file_ref idref="fl-e6"/>
      </object_component>
      <object_component id="oc-2fd">
         <name>.debug_info</name>
         <load_address>0x10d07</load_address>
         <run_address>0x10d07</run_address>
         <size>0x17c</size>
         <input_file_ref idref="fl-e6"/>
      </object_component>
      <object_component id="oc-3bd">
         <name>.debug_info</name>
         <load_address>0x10e83</load_address>
         <run_address>0x10e83</run_address>
         <size>0xf9</size>
         <input_file_ref idref="fl-e7"/>
      </object_component>
      <object_component id="oc-360">
         <name>.debug_info</name>
         <load_address>0x10f7c</load_address>
         <run_address>0x10f7c</run_address>
         <size>0x105</size>
         <input_file_ref idref="fl-e7"/>
      </object_component>
      <object_component id="oc-39f">
         <name>.debug_info</name>
         <load_address>0x11081</load_address>
         <run_address>0x11081</run_address>
         <size>0x2a7</size>
         <input_file_ref idref="fl-e8"/>
      </object_component>
      <object_component id="oc-320">
         <name>.debug_info</name>
         <load_address>0x11328</load_address>
         <run_address>0x11328</run_address>
         <size>0x1b8</size>
         <input_file_ref idref="fl-e8"/>
      </object_component>
      <object_component id="oc-3dc">
         <name>.debug_info</name>
         <load_address>0x114e0</load_address>
         <run_address>0x114e0</run_address>
         <size>0x29a</size>
         <input_file_ref idref="fl-e9"/>
      </object_component>
      <object_component id="oc-39a">
         <name>.debug_info</name>
         <load_address>0x1177a</load_address>
         <run_address>0x1177a</run_address>
         <size>0x262</size>
         <input_file_ref idref="fl-e9"/>
      </object_component>
      <object_component id="oc-35e">
         <name>.debug_info</name>
         <load_address>0x119dc</load_address>
         <run_address>0x119dc</run_address>
         <size>0x28f</size>
         <input_file_ref idref="fl-ea"/>
      </object_component>
      <object_component id="oc-2f6">
         <name>.debug_info</name>
         <load_address>0x11c6b</load_address>
         <run_address>0x11c6b</run_address>
         <size>0x245</size>
         <input_file_ref idref="fl-ea"/>
      </object_component>
      <object_component id="oc-3ab">
         <name>.debug_info</name>
         <load_address>0x11eb0</load_address>
         <run_address>0x11eb0</run_address>
         <size>0x289</size>
         <input_file_ref idref="fl-eb"/>
      </object_component>
      <object_component id="oc-3a8">
         <name>.debug_info</name>
         <load_address>0x12139</load_address>
         <run_address>0x12139</run_address>
         <size>0x10e</size>
         <input_file_ref idref="fl-eb"/>
      </object_component>
      <object_component id="oc-32d">
         <name>.debug_info</name>
         <load_address>0x12247</load_address>
         <run_address>0x12247</run_address>
         <size>0x14e</size>
         <input_file_ref idref="fl-eb"/>
      </object_component>
      <object_component id="oc-3a6">
         <name>.debug_info</name>
         <load_address>0x12395</load_address>
         <run_address>0x12395</run_address>
         <size>0x28f</size>
         <input_file_ref idref="fl-ec"/>
      </object_component>
      <object_component id="oc-326">
         <name>.debug_info</name>
         <load_address>0x12624</load_address>
         <run_address>0x12624</run_address>
         <size>0x15a</size>
         <input_file_ref idref="fl-ec"/>
      </object_component>
      <object_component id="oc-3df">
         <name>.debug_info</name>
         <load_address>0x1277e</load_address>
         <run_address>0x1277e</run_address>
         <size>0x46</size>
         <input_file_ref idref="fl-ec"/>
      </object_component>
      <object_component id="oc-3a1">
         <name>.debug_info</name>
         <load_address>0x127c4</load_address>
         <run_address>0x127c4</run_address>
         <size>0x39</size>
         <input_file_ref idref="fl-ec"/>
      </object_component>
      <object_component id="oc-3cd">
         <name>.debug_info</name>
         <load_address>0x127fd</load_address>
         <run_address>0x127fd</run_address>
         <size>0x295</size>
         <input_file_ref idref="fl-ed"/>
      </object_component>
      <object_component id="oc-38d">
         <name>.debug_info</name>
         <load_address>0x12a92</load_address>
         <run_address>0x12a92</run_address>
         <size>0x195</size>
         <input_file_ref idref="fl-ed"/>
      </object_component>
      <object_component id="oc-3f6">
         <name>.debug_info</name>
         <load_address>0x12c27</load_address>
         <run_address>0x12c27</run_address>
         <size>0x39</size>
         <input_file_ref idref="fl-ed"/>
      </object_component>
      <object_component id="oc-3ce">
         <name>.debug_info</name>
         <load_address>0x12c60</load_address>
         <run_address>0x12c60</run_address>
         <size>0x2c</size>
         <input_file_ref idref="fl-ed"/>
      </object_component>
      <object_component id="oc-3da">
         <name>.debug_info</name>
         <load_address>0x12c8c</load_address>
         <run_address>0x12c8c</run_address>
         <size>0x2f8</size>
         <input_file_ref idref="fl-ee"/>
      </object_component>
      <object_component id="oc-392">
         <name>.debug_info</name>
         <load_address>0x12f84</load_address>
         <run_address>0x12f84</run_address>
         <size>0x225</size>
         <input_file_ref idref="fl-ee"/>
      </object_component>
      <object_component id="oc-3c2">
         <name>.debug_info</name>
         <load_address>0x131a9</load_address>
         <run_address>0x131a9</run_address>
         <size>0x115</size>
         <input_file_ref idref="fl-ef"/>
      </object_component>
      <object_component id="oc-3d4">
         <name>.debug_info</name>
         <load_address>0x132be</load_address>
         <run_address>0x132be</run_address>
         <size>0x161</size>
         <input_file_ref idref="fl-f0"/>
      </object_component>
      <object_component id="oc-22b">
         <name>.debug_info</name>
         <load_address>0x1341f</load_address>
         <run_address>0x1341f</run_address>
         <size>0x3b7</size>
         <input_file_ref idref="fl-f1"/>
      </object_component>
      <object_component id="oc-223">
         <name>.debug_info</name>
         <load_address>0x137d6</load_address>
         <run_address>0x137d6</run_address>
         <size>0x160</size>
         <input_file_ref idref="fl-f1"/>
      </object_component>
      <object_component id="oc-187">
         <name>.debug_info</name>
         <load_address>0x13936</load_address>
         <run_address>0x13936</run_address>
         <size>0x2ca</size>
         <input_file_ref idref="fl-f1"/>
      </object_component>
      <object_component id="oc-18d">
         <name>.debug_info</name>
         <load_address>0x13c00</load_address>
         <run_address>0x13c00</run_address>
         <size>0x247</size>
         <input_file_ref idref="fl-f1"/>
      </object_component>
      <object_component id="oc-2c8">
         <name>.debug_info</name>
         <load_address>0x13e47</load_address>
         <run_address>0x13e47</run_address>
         <size>0x26b</size>
         <input_file_ref idref="fl-f1"/>
      </object_component>
      <object_component id="oc-2c1">
         <name>.debug_info</name>
         <load_address>0x140b2</load_address>
         <run_address>0x140b2</run_address>
         <size>0x297</size>
         <input_file_ref idref="fl-f1"/>
      </object_component>
      <object_component id="oc-226">
         <name>.debug_info</name>
         <load_address>0x14349</load_address>
         <run_address>0x14349</run_address>
         <size>0xbb</size>
         <input_file_ref idref="fl-f1"/>
      </object_component>
      <object_component id="oc-22d">
         <name>.debug_info</name>
         <load_address>0x14404</load_address>
         <run_address>0x14404</run_address>
         <size>0x21b</size>
         <input_file_ref idref="fl-f2"/>
      </object_component>
      <object_component id="oc-431">
         <name>.debug_info</name>
         <load_address>0x1461f</load_address>
         <run_address>0x1461f</run_address>
         <size>0x8e</size>
      </object_component>
      <object_component id="oc-161">
         <name>.debug_line</name>
         <load_address>0x0</load_address>
         <run_address>0x0</run_address>
         <size>0x7d</size>
         <input_file_ref idref="fl-2"/>
      </object_component>
      <object_component id="oc-f4">
         <name>.debug_line</name>
[...]
         <value>0x279</value>
         <object_component_ref idref="oc-d6"/>
      </symbol>
      <symbol id="sm-1ee">
         <name>oi_getMotorCalibrationRight</name>
         <value>0xe01</value>
         <object_component_ref idref="oc-d6"/>
      </symbol>
      <symbol id="sm-1ef">
         <name>oi_uartReceive</name>
         <value>0xa31</value>
         <object_component_ref idref="oc-d6"/>
      </symbol>
      <symbol id="sm-1f0">
         <name>oi_setWheels</name>
         <value>0x88f</value>
         <object_component_ref idref="oc-d6"/>
      </symbol>
      <symbol id="sm-1f1">
         <name>oi_shutoff_init</name>
         <value>0xb51</value>
         <object_component_ref idref="oc-d6"/>
      </symbol>
      <symbol id="sm-1f2">
         <name>motor_cal_factor_L</name>
         <value>0x20002aa0</value>
         <object_component_ref idref="oc-192"/>
      </symbol>
      <symbol id="sm-1f3">
         <name>motor_cal_factor_R</name>
         <value>0x20002aa4</value>
         <object_component_ref idref="oc-192"/>
      </symbol>
      <symbol id="sm-1f4">
         <name>oi_parseInt</name>
         <value>0x4147</value>
         <object_component_ref idref="oc-179"/>
      </symbol>
      <symbol id="sm-1f5">
         <name>oi_setMotorCalibration</name>
         <value>0xdb1</value>
         <object_component_ref idref="oc-d6"/>
      </symbol>
      <symbol id="sm-1f6">
         <name>oi_uartSendStr</name>
         <value>0xa59</value>
         <object_component_ref idref="oc-d6"/>
      </symbol>
      <symbol id="sm-1f7">
         <name>oi_close</name>
         <value>0x2c7</value>
         <object_component_ref idref="oc-d6"/>
      </symbol>
      <symbol id="sm-1f8">
         <name>oi_uartSendBuff</name>
         <value>0xa77</value>
         <object_component_ref idref="oc-d6"/>
      </symbol>
      <symbol id="sm-1f9">
         <name>oi_checkFirmware</name>
         <value>0xaa9</value>
         <object_component_ref idref="oc-d6"/>
      </symbol>
      <symbol id="sm-1fa">
         <name>oi_init_noupdate</name>
         <value>0x289</value>
         <object_component_ref idref="oc-d6"/>
      </symbol>
      <symbol id="sm-1fb">
         <name>oi_uartSendChar</name>
         <value>0xa15</value>
         <object_component_ref idref="oc-d6"/>
      </symbol>
      <symbol id="sm-1fc">
         <name>oi_alloc</name>
         <value>0x26d</value>
         <object_component_ref idref="oc-d6"/>
      </symbol>
      <symbol id="sm-1fd">
         <name>oi_getMotorCalibrationLeft</name>
         <value>0xded</value>
         <object_component_ref idref="oc-d6"/>
      </symbol>
      <symbol id="sm-1fe">
         <name>oi_loadSong</name>
         <value>0x915</value>
         <object_component_ref idref="oc-d6"/>
      </symbol>
      <symbol id="sm-1ff">
         <name>oi_play_song</name>
         <value>0x96b</value>
         <object_component_ref idref="oc-d6"/>
      </symbol>
      <symbol id="sm-200">
         <name>oi_parsePacket</name>
         <value>0x32b</value>
         <object_component_ref idref="oc-d6"/>
      </symbol>
      <symbol id="sm-201">
         <name>oi_setLeds</name>
         <value>0x84b</value>
         <object_component_ref idref="oc-d6"/>
      </symbol>
      <symbol id="sm-202">
         <name>oi_init</name>
         <value>0x2b1</value>
         <object_component_ref idref="oc-d6"/>
      </symbol>
      <symbol id="sm-203">
         <name>oi_update</name>
         <value>0x2d9</value>
         <object_component_ref idref="oc-d6"/>
      </symbol>
      <symbol id="sm-204">
         <name>oi_uartInit</name>
         <value>0x98d</value>
         <object_component_ref idref="oc-d6"/>
      </symbol>
      <symbol id="sm-220">
         <name>ResetISR</name>
         <value>0x4201</value>
         <object_component_ref idref="oc-2a"/>
      </symbol>
      <symbol id="sm-221">
         <name>g_pfnVectors</name>
         <value>0x0</value>
         <object_component_ref idref="oc-12"/>
      </symbol>
      <symbol id="sm-25d">
         <name>cyBOT_SERVO_cal</name>
         <value>0x21c1</value>
         <object_component_ref idref="oc-dc"/>
      </symbol>
      <symbol id="sm-25e">
         <name>cyBOT_Scan</name>
         <value>0x214f</value>
         <object_component_ref idref="oc-dc"/>
      </symbol>
      <symbol id="sm-25f">
         <name>cyBOT_scan_features</name>
         <value>0x20002ad0</value>
         <object_component_ref idref="oc-1bd"/>
      </symbol>
      <symbol id="sm-260">
         <name>cyBOT_scan_version</name>
         <value>0x20e9</value>
         <object_component_ref idref="oc-dc"/>
      </symbol>
      <symbol id="sm-261">
         <name>cyBOT_init_Scan</name>
         <value>0x20f7</value>
         <object_component_ref idref="oc-dc"/>
      </symbol>
      <symbol id="sm-288">
         <name>isr_int_value</name>
         <value>0x20002a88</value>
      </symbol>
      <symbol id="sm-289">
         <name>ir_enableInterrupt</name>
         <value>0x31ff</value>
         <object_component_ref idref="oc-1b1"/>
      </symbol>
      <symbol id="sm-28a">
         <name>ir_getDistance</name>
         <value>0x31e1</value>
         <object_component_ref idref="oc-1b1"/>
      </symbol>
      <symbol id="sm-28b">
         <name>ir_init</name>
         <value>0x3151</value>
         <object_component_ref idref="oc-1b1"/>
      </symbol>
      <symbol id="sm-28c">
         <name>ADC0SS0_Handler</name>
         <value>0x31e9</value>
         <object_component_ref idref="oc-1b1"/>
      </symbol>
      <symbol id="sm-28d">
         <name>ir_getValue</name>
         <value>0x31b9</value>
         <object_component_ref idref="oc-1b1"/>
      </symbol>
      <symbol id="sm-2bc">
         <name>risingEdge</name>
         <value>0x20002a98</value>
      </symbol>
      <symbol id="sm-2bd">
         <name>fallingEdge</name>
         <value>0x20002a84</value>
      </symbol>
      <symbol id="sm-2be">
         <name>pulseLength</name>
         <value>0x20002a90</value>
      </symbol>
      <symbol id="sm-2bf">
         <name>isRisingEdge</name>
         <value>0x20002a9c</value>
      </symbol>
      <symbol id="sm-2c0">
         <name>TIMER3B_Handler</name>
         <value>0x2681</value>
         <object_component_ref idref="oc-1ab"/>
      </symbol>
      <symbol id="sm-2c1">
         <name>ping_init</name>
         <value>0x2591</value>
         <object_component_ref idref="oc-1ab"/>
      </symbol>
      <symbol id="sm-2c2">
         <name>ping_getDistance</name>
         <value>0x26d3</value>
         <object_component_ref idref="oc-1ab"/>
      </symbol>
      <symbol id="sm-2c3">
         <name>ping_trigger</name>
         <value>0x2617</value>
         <object_component_ref idref="oc-1ab"/>
      </symbol>
      <symbol id="sm-2e5">
         <name>servo_move</name>
         <value>0x2cf1</value>
         <object_component_ref idref="oc-1a5"/>
      </symbol>
      <symbol id="sm-2e6">
         <name>servo_init</name>
         <value>0x2c61</value>
         <object_component_ref idref="oc-1a5"/>
      </symbol>
      <symbol id="sm-2e7">
         <name>servo_stop</name>
         <value>0x2ce5</value>
         <object_component_ref idref="oc-1a5"/>
      </symbol>
      <symbol id="sm-2e8">
         <name>servo_setPWM</name>
         <value>0x2d51</value>
         <object_component_ref idref="oc-1a5"/>
      </symbol>
      <symbol id="sm-324">
         <name>isr_char_buffer</name>
         <value>0x20002a34</value>
      </symbol>
      <symbol id="sm-325">
         <name>cyBot_getByte</name>
         <value>0x2bf3</value>
         <object_component_ref idref="oc-e2"/>
      </symbol>
      <symbol id="sm-326">
         <name>cyBot_sendByte</name>
         <value>0x2b05</value>
         <object_component_ref idref="oc-e2"/>
      </symbol>
      <symbol id="sm-327">
         <name>cyBot_uart_sendStr</name>
         <value>0x2b11</value>
         <object_component_ref idref="oc-e2"/>
      </symbol>
      <symbol id="sm-328">
         <name>isr_counter</name>
         <value>0x20002ad4</value>
         <object_component_ref idref="oc-1c9"/>
      </symbol>
      <symbol id="sm-329">
         <name>cyBot_uart_sendBuffer</name>
         <value>0x2b2b</value>
         <object_component_ref idref="oc-e2"/>
      </symbol>
      <symbol id="sm-32a">
         <name>cyBot_uart_flush</name>
         <value>0x2bd5</value>
         <object_component_ref idref="oc-e2"/>
      </symbol>
      <symbol id="sm-32b">
         <name>cyBot_UART1_Handler</name>
         <value>0x2c0d</value>
         <object_component_ref idref="oc-e2"/>
      </symbol>
      <symbol id="sm-32c">
         <name>cyBot_uart_init</name>
         <value>0x2b43</value>
         <object_component_ref idref="oc-e2"/>
      </symbol>
      <symbol id="sm-353">
         <name>sprintf</name>
         <value>0x3e89</value>
         <object_component_ref idref="oc-1cf"/>
      </symbol>
      <symbol id="sm-37d">
         <name>vsnprintf</name>
         <value>0x3ec9</value>
         <object_component_ref idref="oc-252"/>
      </symbol>
      <symbol id="sm-394">
         <name>__aeabi_dsub</name>
         <value>0x294d</value>
         <object_component_ref idref="oc-f8"/>
      </symbol>
      <symbol id="sm-395">
         <name>__aeabi_dadd</name>
         <value>0x2957</value>
         <object_component_ref idref="oc-f8"/>
      </symbol>
      <symbol id="sm-3b7">
         <name>__aeabi_cdcmpeq</name>
         <value>0x3915</value>
         <object_component_ref idref="oc-ed"/>
      </symbol>
      <symbol id="sm-3b8">
         <name>__aeabi_cdcmple</name>
         <value>0x3915</value>
         <object_component_ref idref="oc-ed"/>
      </symbol>
      <symbol id="sm-3b9">
         <name>__aeabi_cdrcmple</name>
         <value>0x399b</value>
         <object_component_ref idref="oc-fd"/>
      </symbol>
      <symbol id="sm-3cd">
         <name>__aeabi_ddiv</name>
         <value>0x2ef5</value>
         <object_component_ref idref="oc-102"/>
      </symbol>
      <symbol id="sm-3d8">
         <name>__aeabi_dmul</name>
         <value>0x3479</value>
         <object_component_ref idref="oc-195"/>
      </symbol>
      <symbol id="sm-3e2">
         <name>__aeabi_d2iz</name>
         <value>0x3dfd</value>
         <object_component_ref idref="oc-107"/>
      </symbol>
      <symbol id="sm-3ee">
         <name>__aeabi_d2f</name>
         <value>0x3b7b</value>
         <object_component_ref idref="oc-111"/>
      </symbol>
      <symbol id="sm-3f9">
         <name>__aeabi_f2d</name>
         <value>0x3f81</value>
         <object_component_ref idref="oc-10c"/>
      </symbol>
      <symbol id="sm-403">
         <name>__aeabi_i2d</name>
         <value>0x4051</value>
         <object_component_ref idref="oc-e8"/>
      </symbol>
      <symbol id="sm-41e">
         <name>memcpy</name>
         <value>0x37e3</value>
         <object_component_ref idref="oc-3e"/>
      </symbol>
      <symbol id="sm-41f">
         <name>__aeabi_memcpy</name>
         <value>0x37e3</value>
         <object_component_ref idref="oc-3e"/>
      </symbol>
      <symbol id="sm-420">
         <name>__aeabi_memcpy8</name>
         <value>0x37e3</value>
         <object_component_ref idref="oc-3e"/>
      </symbol>
      <symbol id="sm-421">
         <name>__aeabi_memcpy4</name>
         <value>0x37e3</value>
         <object_component_ref idref="oc-3e"/>
      </symbol>
      <symbol id="sm-43a">
         <name>__TI_zero_init_nomemset</name>
         <value>0x40a9</value>
         <object_component_ref idref="oc-4a"/>
      </symbol>
      <symbol id="sm-451">
         <name>__TI_decompress_none</name>
         <value>0x41e7</value>
         <object_component_ref idref="oc-1b"/>
      </symbol>
      <symbol id="sm-474">
         <name>__TI_decompress_lzss</name>
         <value>0x3be9</value>
         <object_component_ref idref="oc-15"/>
      </symbol>
      <symbol id="sm-509">
         <name>_sys_memory</name>
         <value>0x200019e0</value>
         <object_component_ref idref="oc-24"/>
      </symbol>
      <symbol id="sm-50a">
         <name>free</name>
         <value>0x3575</value>
         <object_component_ref idref="oc-16d"/>
      </symbol>
      <symbol id="sm-50b">
         <name>memalign</name>
         <value>0x3379</value>
         <object_component_ref idref="oc-2ad"/>
      </symbol>
      <symbol id="sm-50c">
         <name>calloc</name>
         <value>0x3f49</value>
         <object_component_ref idref="oc-167"/>
      </symbol>
      <symbol id="sm-50d">
         <name>malloc</name>
         <value>0x4221</value>
         <object_component_ref idref="oc-205"/>
      </symbol>
      <symbol id="sm-50e">
         <name>aligned_alloc</name>
         <value>0x3379</value>
         <object_component_ref idref="oc-2ad"/>
      </symbol>
      <symbol id="sm-51d">
         <name>strcmp</name>
         <value>0x415f</value>
         <object_component_ref idref="oc-180"/>
      </symbol>
      <symbol id="sm-52b">
         <name>strcpy</name>
         <value>0x418d</value>
         <object_component_ref idref="oc-258"/>
      </symbol>
      <symbol id="sm-53e">
         <name>__stack</name>
         <value>0x20000270</value>
         <object_component_ref idref="oc-27"/>
      </symbol>
      <symbol id="sm-53f">
         <name>_c_int00_noargs</name>
         <value>0x3fed</value>
         <object_component_ref idref="oc-5c"/>
      </symbol>
      <symbol id="sm-6a4">
         <name>__TI_printfi</name>
         <value>0xe8d</value>
         <object_component_ref idref="oc-278"/>
      </symbol>
      <symbol id="sm-6b3">
         <name>__aeabi_memset</name>
         <value>0x3a23</value>
         <object_component_ref idref="oc-96"/>
      </symbol>
      <symbol id="sm-6b4">
         <name>memset</name>
         <value>0x3a29</value>
         <object_component_ref idref="oc-96"/>
      </symbol>
      <symbol id="sm-6b5">
         <name>__aeabi_memset8</name>
         <value>0x3a23</value>
         <object_component_ref idref="oc-96"/>
      </symbol>
      <symbol id="sm-6b6">
         <name>__aeabi_memset4</name>
         <value>0x3a23</value>
         <object_component_ref idref="oc-96"/>
      </symbol>
      <symbol id="sm-6b7">
         <name>__aeabi_memclr8</name>
         <value>0x3a21</value>
         <object_component_ref idref="oc-96"/>
      </symbol>
      <symbol id="sm-6b8">
         <name>__aeabi_memclr4</name>
         <value>0x3a21</value>
         <object_component_ref idref="oc-96"/>
      </symbol>
      <symbol id="sm-6b9">
         <name>__aeabi_memclr</name>
         <value>0x3a21</value>
         <object_component_ref idref="oc-96"/>
      </symbol>
      <symbol id="sm-6c6">
         <name>__aeabi_uldivmod</name>
         <value>0x387f</value>
         <object_component_ref idref="oc-364"/>
      </symbol>
      <symbol id="sm-6ee">
         <name>__TI_auto_init_nobinit_nopinit</name>
         <value>0x3e45</value>
         <object_component_ref idref="oc-12e"/>
      </symbol>
      <symbol id="sm-6f8">
         <name>_system_pre_init</name>
         <value>0x4229</value>
         <object_component_ref idref="oc-9c"/>
      </symbol>
      <symbol id="sm-704">
         <name>C$$EXIT</name>
         <value>0x422d</value>
         <object_component_ref idref="oc-122"/>
      </symbol>
      <symbol id="sm-705">
         <name>abort</name>
         <value>0x422d</value>
         <object_component_ref idref="oc-122"/>
      </symbol>
      <symbol id="sm-71a">
         <name>_nop</name>
         <value>0x18db</value>
         <object_component_ref idref="oc-28e"/>
      </symbol>
      <symbol id="sm-71b">
         <name>_lock</name>
         <value>0x20002ac0</value>
         <object_component_ref idref="oc-1e9"/>
      </symbol>
      <symbol id="sm-71c">
         <name>_unlock</name>
         <value>0x20002ac4</value>
         <object_component_ref idref="oc-1e9"/>
      </symbol>
      <symbol id="sm-72b">
         <name>__TI_ltoa</name>
         <value>0x3d0b</value>
         <object_component_ref idref="oc-36a"/>
      </symbol>
      <symbol id="sm-742">
         <name>atoi</name>
         <value>0x3db1</value>
         <object_component_ref idref="oc-2f9"/>
      </symbol>
      <symbol id="sm-74d">
         <name>_ctypes_</name>
         <value>0x4230</value>
         <object_component_ref idref="oc-35f"/>
      </symbol>
      <symbol id="sm-75d">
         <name>memccpy</name>
         <value>0x40e1</value>
         <object_component_ref idref="oc-31d"/>
      </symbol>
      <symbol id="sm-76d">
         <name>strchr</name>
         <value>0x4177</value>
         <object_component_ref idref="oc-397"/>
      </symbol>
      <symbol id="sm-77b">
         <name>strlen</name>
         <value>0x41a1</value>
         <object_component_ref idref="oc-2f3"/>
      </symbol>
      <symbol id="sm-791">
         <name>__aeabi_errno_addr</name>
         <value>0x4219</value>
         <object_component_ref idref="oc-329"/>
      </symbol>
      <symbol id="sm-792">
         <name>errno</name>
         <value>0x20002ad8</value>
         <object_component_ref idref="oc-3a7"/>
      </symbol>
      <symbol id="sm-7ab">
         <name>wcslen</name>
         <value>0x41b5</value>
         <object_component_ref idref="oc-323"/>
      </symbol>
      <symbol id="sm-7cb">
         <name>frexpl</name>
         <value>0x3c51</value>
         <object_component_ref idref="oc-38b"/>
      </symbol>
      <symbol id="sm-7cc">
         <name>frexp</name>
         <value>0x3c51</value>
         <object_component_ref idref="oc-38b"/>
      </symbol>
      <symbol id="sm-7e9">
         <name>scalbn</name>
         <value>0x3269</value>
         <object_component_ref idref="oc-391"/>
      </symbol>
      <symbol id="sm-7ea">
         <name>scalbnl</name>
         <value>0x3269</value>
         <object_component_ref idref="oc-391"/>
      </symbol>
      <symbol id="sm-7eb">
         <name>ldexpl</name>
         <value>0x3269</value>
         <object_component_ref idref="oc-391"/>
      </symbol>
      <symbol id="sm-7ec">
         <name>ldexp</name>
         <value>0x3269</value>
         <object_component_ref idref="oc-391"/>
      </symbol>
      <symbol id="sm-7f6">
         <name>__aeabi_idiv0</name>
         <value>0x2b03</value>
         <object_component_ref idref="oc-3c0"/>
      </symbol>
      <symbol id="sm-7f7">
         <name>__aeabi_ldiv0</name>
         <value>0x2b03</value>
         <object_component_ref idref="oc-3c0"/>
      </symbol>
      <symbol id="sm-801">
         <name>copysign</name>
         <value>0x40fd</value>
         <object_component_ref idref="oc-3d3"/>
      </symbol>
      <symbol id="sm-802">
         <name>copysignl</name>
         <value>0x40fd</value>
         <object_component_ref idref="oc-3d3"/>
      </symbol>
      <symbol id="sm-831">
         <name>IntRegister</name>
         <value>0x3fb9</value>
         <object_component_ref idref="oc-186"/>
      </symbol>
      <symbol id="sm-832">
         <name>g_pfnRAMVectors</name>
         <value>0x20000000</value>
         <object_component_ref idref="oc-222"/>
      </symbol>
      <symbol id="sm-833">
         <name>IntMasterEnable</name>
         <value>0x41c7</value>
         <object_component_ref idref="oc-18c"/>
      </symbol>
      <symbol id="sm-83d">
         <name>CPUcpsie</name>
         <value>0x41f5</value>
         <object_component_ref idref="oc-22c"/>
      </symbol>
      <symbol id="sm-83e">
         <name>__TI_static_base__</name>
         <value>0x0</value>
      </symbol>
      <symbol id="sm-841">
         <name>__mpu_init</name>
         <value>0x0</value>
      </symbol>
      <symbol id="sm-842">
         <name>_system_post_cinit</name>
         <value>0x0</value>
      </symbol>
   </symbol_table>
   <title>Link successful</title>
</link_info>
