******************************************************************************
                  TI ARM Linker PC v20.2.7                     
******************************************************************************
>> Linked Mon Apr  6 16:08:38 2026

OUTPUT FILE NAME:   <Lab 8.out>
ENTRY POINT SYMBOL: "_c_int00_noargs"  address: 000045f5


MEMORY CONFIGURATION

         name            origin    length      used     unused   attr    fill
----------------------  --------  ---------  --------  --------  ----  --------
  FLASH                 00000000   00040000  000049f7  0003b609  R  X
  SRAM                  20000000   00008000  00002a9e  00005562  RW X


SEGMENT ALLOCATION MAP

run origin  load origin   length   init length attrs members
----------  ----------- ---------- ----------- ----- -------
00000000    00000000    000049f8   000049f8    r-x
  00000000    00000000    0000026c   0000026c    r-- .intvecs
  0000026c    0000026c    00004608   00004608    r-x .text
  00004874    00004874    00000133   00000133    r-- .const
  000049a8    000049a8    00000050   00000050    r-- .cinit
20000000    20000000    00002aa5   00000000    rw-
  20000000    20000000    0000026c   00000000    rw- .vtable
  20000270    20000270    00001770   00000000    rw- .stack
  200019e0    200019e0    00001000   00000000    rw- .sysmem
  200029e0    200029e0    00000089   00000000    rw- .bss
  20002a6c    20002a6c    00000039   00000000    rw- .data


SECTION ALLOCATION MAP

 output                                  attributes/
section   page    origin      length       input sections
--------  ----  ----------  ----------   ----------------
.intvecs   0    00000000    0000026c     
                  00000000    0000026c     tm4c123gh6pm_startup_ccs.obj (.intvecs)

.text      0    0000026c    00004608     
                  0000026c    00000c20     open_interface.obj (.text)
                  00000e8c    00000a4e     rtsv7M4_T_le_v4SPD16_eabi.lib : _printfi.c.obj (.text:__TI_printfi)
                  000018da    00000002                                   : _lock.c.obj (.text:_nop)
                  000018dc    0000058c                                   : e_powf.c.obj (.text:powf)
                  00001e68    00000328     lcd.obj (.text)
                  00002190    00000270     rtsv7M4_T_le_v4SPD16_eabi.lib : _printfi.c.obj (.text:_pconv_a)
                  00002400    00000270     main.obj (.text)
                  00002670    00000260     libcybotScan.lib : cyBot_Scan.obj (.text)
                  000028d0    00000248     Timer.obj (.text)
                  00002b18    000001ec     libcybotScan.lib : ping.obj (.text)
                  00002d04    000001d0     rtsv7M4_T_le_v4SPD16_eabi.lib : _printfi.c.obj (.text:_pconv_g)
                  00002ed4    000001b6                                   : fd_add_t2.asm.obj (.text)
                  0000308a    00000002                                   : div0.asm.obj (.text)
                  0000308c    00000160     uart.obj (.text)
                  000031ec    00000158     libcybotScan.lib : servo.obj (.text)
                  00003344    0000013c     rtsv7M4_T_le_v4SPD16_eabi.lib : _printfi.c.obj (.text:_pconv_e)
                  00003480    00000136                                   : fd_div_t2.asm.obj (.text)
                  000035b6    00000002     --HOLE-- [fill = 0]
                  000035b8    00000124                                   : _printfi.c.obj (.text:fcvt)
                  000036dc    00000118     libcybotScan.lib : ir.obj (.text)
                  000037f4    00000110     rtsv7M4_T_le_v4SPD16_eabi.lib : s_scalbn.c.obj (.text:scalbn)
                  00003904    00000100                                   : memory.c.obj (.text:aligned_alloc)
                  00003a04    000000fc                                   : fd_mul_t2.asm.obj (.text)
                  00003b00    000000e4                                   : memory.c.obj (.text:free)
                  00003be4    000000d0                                   : s_scalbnf.c.obj (.text:scalbnf)
                  00003cb4    000000c4     adc.obj (.text)
                  00003d78    000000b1     rtsv7M4_T_le_v4SPD16_eabi.lib : _printfi.c.obj (.text:_ltostr)
                  00003e29    00000001     --HOLE-- [fill = 0]
                  00003e2a    0000009c                                   : memcpy_t2.asm.obj (.text)
                  00003ec6    00000096                                   : ull_div_t2.asm.obj (.text)
                  00003f5c    00000086                                   : fd_cmp_t2.asm.obj (.text:__aeabi_cdcmple)
                  00003fe2    00000086                                   : fd_cmp_t2.asm.obj (.text:__aeabi_cdrcmple)
                  00004068    0000007a                                   : memset_t2.asm.obj (.text)
                  000040e2    00000002     --HOLE-- [fill = 0]
                  000040e4    00000070                                   : memory.c.obj (.text:split)
                  00004154    0000006e                                   : _printfi.c.obj (.text:_mcpy)
                  000041c2    0000006e                                   : fd_tos_t2.asm.obj (.text)
                  00004230    00000068                                   : copy_decompress_lzss.c.obj (.text:decompress:lzss:__TI_decompress_lzss)
                  00004298    00000064                                   : s_frexp.c.obj (.text:frexp)
                  000042fc    00000056                                   : _printfi.c.obj (.text:_pconv_f)
                  00004352    00000054                                   : _ltoa.c.obj (.text:__TI_ltoa)
                  000043a6    00000052                                   : _printfi.c.obj (.text:_ecpy)
                  000043f8    0000004c                                   : atoi.c.obj (.text:atoi)
                  00004444    00000048                                   : fd_toi_t2.asm.obj (.text)
                  0000448c    00000044                                   : autoinit.c.obj (.text:__TI_auto_init_nobinit_nopinit:__TI_auto_init_nobinit_nopinit)
                  000044d0    00000040                                   : vsnprintf.c.obj (.text:vsnprintf)
                  00004510    0000003e                                   : _printfi.c.obj (.text:_fcpy)
                  0000454e    00000002     --HOLE-- [fill = 0]
                  00004550    00000038                                   : memory.c.obj (.text:calloc)
                  00004588    00000038                                   : fs_tod_t2.asm.obj (.text)
                  000045c0    00000034     driverlib.lib : interrupt.obj (.text:IntRegister)
                  000045f4    00000034     rtsv7M4_T_le_v4SPD16_eabi.lib : boot_cortex_m.c.obj (.text:_c_int00_noargs:_c_int00_noargs)
                  00004628    00000030                                   : vsnprintf.c.obj (.text:_outs)
                  00004658    0000002e                                   : i_tofd_t2.asm.obj (.text)
                  00004686    00000002     --HOLE-- [fill = 0]
                  00004688    00000028                                   : memory.c.obj (.text:free_list_insert)
                  000046b0    00000028                                   : e_sqrtf.c.obj (.text:sqrtf)
                  000046d8    00000020                                   : u_tofd_t2.asm.obj (.text)
                  000046f8    0000001c                                   : copy_zero_init.c.obj (.text:decompress:ZI:__TI_zero_init_nomemset:__TI_zero_init_nomemset)
                  00004714    0000001c                                   : memory.c.obj (.text:free_list_remove)
                  00004730    0000001c                                   : memccpy.c.obj (.text:memccpy)
                  0000474c    0000001a                                   : s_copysign.c.obj (.text:copysign)
                  00004766    00000018                                   : vsnprintf.c.obj (.text:_outc)
                  0000477e    00000018                                   : s_copysignf.c.obj (.text:copysignf)
                  00004796    00000018     open_interface.obj (.text:oi_parseInt)
                  000047ae    00000018     rtsv7M4_T_le_v4SPD16_eabi.lib : strcmp.c.obj (.text:strcmp)
                  000047c6    00000016                                   : strchr.c.obj (.text:strchr)
                  000047dc    00000014                                   : strcpy.c.obj (.text:strcpy)
                  000047f0    00000014                                   : strlen.c.obj (.text:strlen)
                  00004804    00000012                                   : wcslen.c.obj (.text:wcslen)
                  00004816    00000010     driverlib.lib : interrupt.obj (.text:IntMasterEnable)
                  00004826    00000010     lcd.obj (.text:lcd_clear)
                  00004836    0000000e     rtsv7M4_T_le_v4SPD16_eabi.lib : copy_decompress_none.c.obj (.text:decompress:none:__TI_decompress_none)
                  00004844    0000000c     driverlib.lib : cpu.obj (.text:CPUcpsie)
                  00004850    0000000c     tm4c123gh6pm_startup_ccs.obj (.text)
                  0000485c    00000008     rtsv7M4_T_le_v4SPD16_eabi.lib : errno.c.obj (.text:__aeabi_errno_addr)
                  00004864    00000008                                   : memory.c.obj (.text:malloc)
                  0000486c    00000004                                   : pre_init.c.obj (.text:_system_pre_init)
                  00004870    00000004                                   : exit.c.obj (.text:abort:abort)

.const     0    00004874    00000133     
                  00004874    00000101     rtsv7M4_T_le_v4SPD16_eabi.lib : ctype.c.obj (.const:.string:_ctypes_)
                  00004975    00000003     --HOLE-- [fill = 0]
                  00004978    00000018                                   : e_powf.c.obj (.const:$O1$$)
                  00004990    0000000f     open_interface.obj (.const:.string:$P$T0$3)
                  0000499f    00000004     lcd.obj (.const:.string:lineAddress$1)
                  000049a3    00000004     lcd.obj (.const:.string:lineAddresses$2)

.cinit     0    000049a8    00000050     
                  000049a8    00000018     (.cinit..data.load) [load image, compression = lzss]
                  000049c0    0000000c     (__TI_handler_table)
                  000049cc    00000004     --HOLE-- [fill = 0]
                  000049d0    00000008     (.cinit..bss.load) [load image, compression = zero_init]
                  000049d8    00000008     (.cinit..vtable.load) [load image, compression = zero_init]
                  000049e0    00000018     (__TI_cinit_table)

.init_array 
*          0    00000000    00000000     UNINITIALIZED

.vtable    0    20000000    0000026c     UNINITIALIZED
                  20000000    0000026c     driverlib.lib : interrupt.obj (.vtable)

.stack     0    20000270    00001770     UNINITIALIZED
                  20000270    00000004     rtsv7M4_T_le_v4SPD16_eabi.lib : boot_cortex_m.c.obj (.stack)
                  20000274    0000176c     --HOLE--

.sysmem    0    200019e0    00001000     UNINITIALIZED
                  200019e0    00000010     rtsv7M4_T_le_v4SPD16_eabi.lib : memory.c.obj (.sysmem)
                  200019f0    00000ff0     --HOLE--

.bss       0    200029e0    00000089     UNINITIALIZED
                  200029e0    00000054     lcd.obj (.bss:lastbuffer$3)
                  20002a34    00000018     open_interface.obj (.bss:firmware$2)
                  20002a4c    00000004     (.common:_timeout_ticks)
                  20002a50    00000004     (.common:fallingEdge)
                  20002a54    00000004     (.common:isr_int_value)
                  20002a58    00000004     (.common:left_calibration_value)
                  20002a5c    00000004     (.common:pulseLength)
                  20002a60    00000004     (.common:right_calibration_value)
                  20002a64    00000004     (.common:risingEdge)
                  20002a68    00000001     (.common:isRisingEdge)

.data      0    20002a6c    00000039     UNINITIALIZED
                  20002a6c    00000020     open_interface.obj (.data)
                  20002a8c    00000008     rtsv7M4_T_le_v4SPD16_eabi.lib : _lock.c.obj (.data:$O1$$)
                  20002a94    00000008                                   : memory.c.obj (.data:$O1$$)
                  20002a9c    00000004     libcybotScan.lib : cyBot_Scan.obj (.data)
                  20002aa0    00000004     rtsv7M4_T_le_v4SPD16_eabi.lib : errno.c.obj (.data)
                  20002aa4    00000001     Timer.obj (.data)

__llvm_prf_cnts 
*          0    20000000    00000000     UNINITIALIZED

MODULE SUMMARY

       Module                         code    ro data   rw data
       ------                         ----    -------   -------
    .\
       open_interface.obj             3128    15        56     
       lcd.obj                        824     8         84     
       tm4c123gh6pm_startup_ccs.obj   12      620       0      
       main.obj                       624     0         0      
       Timer.obj                      584     0         5      
       uart.obj                       352     0         0      
       adc.obj                        196     0         8      
    +--+------------------------------+-------+---------+---------+
       Total:                         5720    643       153    
                                                               
    ../libcybotScan.lib
       cyBot_Scan.obj                 608     0         4      
       ping.obj                       492     0         13     
       servo.obj                      344     0         0      
       ir.obj                         280     0         4      
    +--+------------------------------+-------+---------+---------+
       Total:                         1724    0         21     
                                                               
    C:/ti/TivaWare_C_Series-2.2.0.295/driverlib/ccs/Debug/driverlib.lib
       interrupt.obj                  68      0         620    
       cpu.obj                        12      0         0      
    +--+------------------------------+-------+---------+---------+
       Total:                         80      0         620    
                                                               
    C:\ti\ccs1271\ccs\tools\compiler\ti-cgt-arm_20.2.7.LTS\lib\rtsv7M4_T_le_v4SPD16_eabi.lib
       _printfi.c.obj                 4851    0         0      
       e_powf.c.obj                   1420    24        0      
       memory.c.obj                   728     0         8      
       fd_add_t2.asm.obj              438     0         0      
       fd_div_t2.asm.obj              310     0         0      
       s_scalbn.c.obj                 272     0         0      
       fd_cmp_t2.asm.obj              268     0         0      
       ctype.c.obj                    0       257       0      
       fd_mul_t2.asm.obj              252     0         0      
       s_scalbnf.c.obj                208     0         0      
       memcpy_t2.asm.obj              156     0         0      
       ull_div_t2.asm.obj             150     0         0      
       vsnprintf.c.obj                136     0         0      
       memset_t2.asm.obj              122     0         0      
       fd_tos_t2.asm.obj              110     0         0      
       copy_decompress_lzss.c.obj     104     0         0      
       s_frexp.c.obj                  100     0         0      
       _ltoa.c.obj                    84      0         0      
       atoi.c.obj                     76      0         0      
       fd_toi_t2.asm.obj              72      0         0      
       autoinit.c.obj                 68      0         0      
       fs_tod_t2.asm.obj              56      0         0      
       boot_cortex_m.c.obj            52      0         0      
       i_tofd_t2.asm.obj              46      0         0      
       e_sqrtf.c.obj                  40      0         0      
       u_tofd_t2.asm.obj              32      0         0      
       copy_zero_init.c.obj           28      0         0      
       memccpy.c.obj                  28      0         0      
       s_copysign.c.obj               26      0         0      
       s_copysignf.c.obj              24      0         0      
       strcmp.c.obj                   24      0         0      
       strchr.c.obj                   22      0         0      
       strcpy.c.obj                   20      0         0      
       strlen.c.obj                   20      0         0      
       wcslen.c.obj                   18      0         0      
       copy_decompress_none.c.obj     14      0         0      
       errno.c.obj                    8       0         4      
       _lock.c.obj                    2       0         8      
       exit.c.obj                     4       0         0      
       pre_init.c.obj                 4       0         0      
       div0.asm.obj                   2       0         0      
    +--+------------------------------+-------+---------+---------+
       Total:                         10395   281       20     
                                                               
       Heap:                          0       0         4096   
       Stack:                         0       0         6000   
       Linker Generated:              0       76        0      
    +--+------------------------------+-------+---------+---------+
       Grand Total:                   17919   1000      10910  


LINKER GENERATED COPY TABLES

__TI_cinit_table @ 000049e0 records: 3, size/record: 8, table size: 24
	.data: load addr=000049a8, load size=00000018 bytes, run addr=20002a6c, run size=00000039 bytes, compression=lzss
	.bss: load addr=000049d0, load size=00000008 bytes, run addr=200029e0, run size=00000089 bytes, compression=zero_init
	.vtable: load addr=000049d8, load size=00000008 bytes, run addr=20000000, run size=0000026c bytes, compression=zero_init


LINKER GENERATED HANDLER TABLE

__TI_handler_table @ 000049c0 records: 3, size/record: 4, table size: 12
	index: 0, handler: __TI_zero_init
	index: 1, handler: __TI_decompress_lzss
	index: 2, handler: __TI_decompress_none


GLOBAL SYMBOLS: SORTED ALPHABETICALLY BY Name 

address   name                          
-------   ----                          
00003775  ADC0SS0_Handler               
00004871  C$$EXIT                       
00004845  CPUcpsie                      
00000bc3  GPIOF_Handler                 
00004817  IntMasterEnable               
000045c1  IntRegister                   
00004851  ResetISR                      
00002c09  TIMER3B_Handler               
200019e0  __STACK_END                   
00001770  __STACK_SIZE                  
20000470  __STACK_TOP                   
00001000  __SYSMEM_SIZE                 
000049e0  __TI_CINIT_Base               
000049f8  __TI_CINIT_Limit              
000049c0  __TI_Handler_Table_Base       
000049cc  __TI_Handler_Table_Limit      
0000448d  __TI_auto_init_nobinit_nopinit
00004231  __TI_decompress_lzss          
00004837  __TI_decompress_none          
00004353  __TI_ltoa                     
ffffffff  __TI_pprof_out_hndl           
00000e8d  __TI_printfi                  
ffffffff  __TI_prof_data_size           
ffffffff  __TI_prof_data_start          
00000000  __TI_static_base__            
000046f9  __TI_zero_init_nomemset       
00003f5d  __aeabi_cdcmpeq               
00003f5d  __aeabi_cdcmple               
00003fe3  __aeabi_cdrcmple              
000041c3  __aeabi_d2f                   
00004445  __aeabi_d2iz                  
00002edf  __aeabi_dadd                  
00003481  __aeabi_ddiv                  
00003a05  __aeabi_dmul                  
00002ed5  __aeabi_dsub                  
0000485d  __aeabi_errno_addr            
00004589  __aeabi_f2d                   
00004659  __aeabi_i2d                   
0000308b  __aeabi_idiv0                 
0000308b  __aeabi_ldiv0                 
00004069  __aeabi_memclr                
00004069  __aeabi_memclr4               
00004069  __aeabi_memclr8               
00003e2b  __aeabi_memcpy                
00003e2b  __aeabi_memcpy4               
00003e2b  __aeabi_memcpy8               
0000406b  __aeabi_memset                
0000406b  __aeabi_memset4               
0000406b  __aeabi_memset8               
000046d9  __aeabi_ui2d                  
00003ec7  __aeabi_uldivmod              
ffffffff  __binit__                     
ffffffff  __c_args__                    
UNDEFED   __mpu_init                    
20000270  __stack                       
20000000  __start___llvm_prf_cnts       
20000000  __stop___llvm_prf_cnts        
000045f5  _c_int00_noargs               
00004874  _ctypes_                      
20002a8c  _lock                         
000018db  _nop                          
20002aa4  _running                      
200019e0  _sys_memory                   
UNDEFED   _system_post_cinit            
0000486d  _system_pre_init              
20002a4c  _timeout_ticks                
20002a90  _unlock                       
00004871  abort                         
00003cb5  adc_init                      
00003d19  adc_read                      
00003905  aligned_alloc                 
000043f9  atoi                          
ffffffff  binit                         
00004551  calloc                        
0000474d  copysign                      
0000477f  copysignf                     
0000474d  copysignl                     
00002749  cyBOT_SERVO_cal               
000026d7  cyBOT_Scan                    
0000267f  cyBOT_init_Scan               
20002a9c  cyBOT_scan_features           
00002671  cyBOT_scan_version            
20002aa0  errno                         
20002a50  fallingEdge                   
00003b01  free                          
00004299  frexp                         
00004299  frexpl                        
20000000  g_pfnRAMVectors               
00000000  g_pfnVectors                  
0000097f  go_charge                     
0000378b  ir_enableInterrupt            
0000376d  ir_getDistance                
00003745  ir_getValue                   
000036dd  ir_init                       
20002a68  isRisingEdge                  
20002a54  isr_int_value                 
00004827  lcd_clear                     
0000203d  lcd_gotoLine                  
00001ea5  lcd_init                      
000020a3  lcd_printf                    
00001f65  lcd_putc                      
00001f9d  lcd_puts                      
00001e69  lcd_reverseNibble             
00001fbb  lcd_sendCommand               
00001ff9  lcd_sendNibble                
00002065  lcd_setCursorPos              
000037f5  ldexp                         
00003be5  ldexpf                        
000037f5  ldexpl                        
20002a58  left_calibration_value        
00002401  main                          
00004865  malloc                        
00003905  memalign                      
00004731  memccpy                       
00003e2b  memcpy                        
00004071  memset                        
20002a6c  motor_cal_factor_L            
20002a70  motor_cal_factor_R            
0000026d  oi_alloc                      
00000aa9  oi_checkFirmware              
000002c7  oi_close                      
00000279  oi_free                       
00000ded  oi_getMotorCalibrationLeft    
00000e01  oi_getMotorCalibrationRight   
000002b1  oi_init                       
00000289  oi_init_noupdate              
00000915  oi_loadSong                   
00004797  oi_parseInt                   
0000032b  oi_parsePacket                
0000096b  oi_play_song                  
0000084b  oi_setLeds                    
00000db1  oi_setMotorCalibration        
0000088f  oi_setWheels                  
00000b51  oi_shutoff_init               
0000098d  oi_uartInit                   
00000a31  oi_uartReceive                
00000a77  oi_uartSendBuff               
00000a15  oi_uartSendChar               
00000a59  oi_uartSendStr                
000002d9  oi_update                     
00002c5b  ping_getDistance              
00002b19  ping_init                     
00002b9f  ping_trigger                  
000018dd  powf                          
20002a5c  pulseLength                   
20002a60  right_calibration_value       
20002a64  risingEdge                    
000037f5  scalbn                        
00003be5  scalbnf                       
000037f5  scalbnl                       
000031ed  servo_init                    
0000327d  servo_move                    
000032dd  servo_setPWM                  
00003271  servo_stop                    
000046b1  sqrtf                         
000047c7  strchr                        
000047af  strcmp                        
000047dd  strcpy                        
000047f1  strlen                        
000029ef  timer_getMicros               
00002997  timer_getMillis               
000028d1  timer_init                    
00002973  timer_pause                   
00002985  timer_resume                  
00002949  timer_stop                    
00002a49  timer_waitMicros              
00002a7b  timer_waitMillis              
0000308d  uart_init                     
0000316b  uart_receive                  
0000314f  uart_sendChar                 
00003191  uart_sendStr                  
000044d1  vsnprintf                     
00004805  wcslen                        


GLOBAL SYMBOLS: SORTED BY Symbol Address 

address   name                          
-------   ----                          
00000000  __TI_static_base__            
00000000  g_pfnVectors                  
0000026d  oi_alloc                      
00000279  oi_free                       
00000289  oi_init_noupdate              
000002b1  oi_init                       
000002c7  oi_close                      
000002d9  oi_update                     
0000032b  oi_parsePacket                
0000084b  oi_setLeds                    
0000088f  oi_setWheels                  
00000915  oi_loadSong                   
0000096b  oi_play_song                  
0000097f  go_charge                     
0000098d  oi_uartInit                   
00000a15  oi_uartSendChar               
00000a31  oi_uartReceive                
00000a59  oi_uartSendStr                
00000a77  oi_uartSendBuff               
00000aa9  oi_checkFirmware              
00000b51  oi_shutoff_init               
00000bc3  GPIOF_Handler                 
00000db1  oi_setMotorCalibration        
00000ded  oi_getMotorCalibrationLeft    
00000e01  oi_getMotorCalibrationRight   
00000e8d  __TI_printfi                  
00001000  __SYSMEM_SIZE                 
00001770  __STACK_SIZE                  
000018db  _nop                          
000018dd  powf                          
00001e69  lcd_reverseNibble             
00001ea5  lcd_init                      
00001f65  lcd_putc                      
00001f9d  lcd_puts                      
00001fbb  lcd_sendCommand               
00001ff9  lcd_sendNibble                
0000203d  lcd_gotoLine                  
00002065  lcd_setCursorPos              
000020a3  lcd_printf                    
00002401  main                          
00002671  cyBOT_scan_version            
0000267f  cyBOT_init_Scan               
000026d7  cyBOT_Scan                    
00002749  cyBOT_SERVO_cal               
000028d1  timer_init                    
00002949  timer_stop                    
00002973  timer_pause                   
00002985  timer_resume                  
00002997  timer_getMillis               
000029ef  timer_getMicros               
00002a49  timer_waitMicros              
00002a7b  timer_waitMillis              
00002b19  ping_init                     
00002b9f  ping_trigger                  
00002c09  TIMER3B_Handler               
00002c5b  ping_getDistance              
00002ed5  __aeabi_dsub                  
00002edf  __aeabi_dadd                  
0000308b  __aeabi_idiv0                 
0000308b  __aeabi_ldiv0                 
0000308d  uart_init                     
0000314f  uart_sendChar                 
0000316b  uart_receive                  
00003191  uart_sendStr                  
000031ed  servo_init                    
00003271  servo_stop                    
0000327d  servo_move                    
000032dd  servo_setPWM                  
00003481  __aeabi_ddiv                  
000036dd  ir_init                       
00003745  ir_getValue                   
0000376d  ir_getDistance                
00003775  ADC0SS0_Handler               
0000378b  ir_enableInterrupt            
000037f5  ldexp                         
000037f5  ldexpl                        
000037f5  scalbn                        
000037f5  scalbnl                       
00003905  aligned_alloc                 
00003905  memalign                      
00003a05  __aeabi_dmul                  
00003b01  free                          
00003be5  ldexpf                        
00003be5  scalbnf                       
00003cb5  adc_init                      
00003d19  adc_read                      
00003e2b  __aeabi_memcpy                
00003e2b  __aeabi_memcpy4               
00003e2b  __aeabi_memcpy8               
00003e2b  memcpy                        
00003ec7  __aeabi_uldivmod              
00003f5d  __aeabi_cdcmpeq               
00003f5d  __aeabi_cdcmple               
00003fe3  __aeabi_cdrcmple              
00004069  __aeabi_memclr                
00004069  __aeabi_memclr4               
00004069  __aeabi_memclr8               
0000406b  __aeabi_memset                
0000406b  __aeabi_memset4               
0000406b  __aeabi_memset8               
00004071  memset                        
000041c3  __aeabi_d2f                   
00004231  __TI_decompress_lzss          
00004299  frexp                         
00004299  frexpl                        
00004353  __TI_ltoa                     
000043f9  atoi                          
00004445  __aeabi_d2iz                  
0000448d  __TI_auto_init_nobinit_nopinit
000044d1  vsnprintf                     
00004551  calloc                        
00004589  __aeabi_f2d                   
000045c1  IntRegister                   
000045f5  _c_int00_noargs               
00004659  __aeabi_i2d                   
000046b1  sqrtf                         
000046d9  __aeabi_ui2d                  
000046f9  __TI_zero_init_nomemset       
00004731  memccpy                       
0000474d  copysign                      
0000474d  copysignl                     
0000477f  copysignf                     
00004797  oi_parseInt                   
000047af  strcmp                        
000047c7  strchr                        
000047dd  strcpy                        
000047f1  strlen                        
00004805  wcslen                        
00004817  IntMasterEnable               
00004827  lcd_clear                     
00004837  __TI_decompress_none          
00004845  CPUcpsie                      
00004851  ResetISR                      
0000485d  __aeabi_errno_addr            
00004865  malloc                        
0000486d  _system_pre_init              
00004871  C$$EXIT                       
00004871  abort                         
00004874  _ctypes_                      
000049c0  __TI_Handler_Table_Base       
000049cc  __TI_Handler_Table_Limit      
000049e0  __TI_CINIT_Base               
000049f8  __TI_CINIT_Limit              
20000000  __start___llvm_prf_cnts       
20000000  __stop___llvm_prf_cnts        
20000000  g_pfnRAMVectors               
20000270  __stack                       
20000470  __STACK_TOP                   
200019e0  __STACK_END                   
200019e0  _sys_memory                   
20002a4c  _timeout_ticks                
20002a50  fallingEdge                   
20002a54  isr_int_value                 
20002a58  left_calibration_value        
20002a5c  pulseLength                   
20002a60  right_calibration_value       
20002a64  risingEdge                    
20002a68  isRisingEdge                  
20002a6c  motor_cal_factor_L            
20002a70  motor_cal_factor_R            
20002a8c  _lock                         
20002a90  _unlock                       
20002a9c  cyBOT_scan_features           
20002aa0  errno                         
20002aa4  _running                      
ffffffff  __TI_pprof_out_hndl           
ffffffff  __TI_prof_data_size           
ffffffff  __TI_prof_data_start          
ffffffff  __binit__                     
ffffffff  __c_args__                    
ffffffff  binit                         
UNDEFED   __mpu_init                    
UNDEFED   _system_post_cinit            

[173 symbols]
